
 Working directory              : /scratch/mdt/206685/molpro.SAu60Ngb8v/
 Global scratch directory       : /scratch/mdt/206685/molpro.SAu60Ngb8v/
 Wavefunction directory         : /home/chimica2/mditeodoro/wfu/
 Main file repository           : /scratch/mdt/206685/molpro.SAu60Ngb8v/

 id        : polimi

 Nodes     nprocs
 node-5-16    4
 GA implementation: MPI file
 GA implementation (serial work in mppx): MPI file

 Using customized tuning parameters: mindgm=1; mindgv=20; mindgc=4; mindgr=1; noblas=0; minvec=7
 default implementation of scratch files=sf  


 Variables initialized (1009), CPU time= 0.01 sec
  memory,         400 ,m
   nosym
  geometry={angstrom
    C1
    O2   C1   R1
    H3   C1   R2   O2   A2
    H4   C1   R3   O2   A3   H3   D3
    H5   O2   R4   C1   A4   H3   D4
    C21 C1 BB O2 ANG1 H3 DH1
    C22 C21 R21 C1 ANG2 O2 DH2
    H23 C21 R22 C22 A22 C1 DH3
    H24 C21 R23 C22 A23 H23 D23
    H25 C22 R24 C21 A24 H23 D24
    H26 C22 R25 C21 A25 H25 D25
    H27 C22 R26 C21 A26 H25 D26
  }
  R1                             =    1.3576999999999999
  R2                             =    1.0797000000000001
  R3                             =    1.0841000000000001
  R4                             =   0.95720000000000005
  A2                             =    112.38630000000001
  A3                             =    117.57970000000000
  A4                             =    109.67580000000000
  D3                             =    218.78389999999999
  R21                            =    1.4918000000000000
  R22                            =    1.0828000000000000
  R23                            =    1.0820000000000001
  R24                            =    1.0972999999999999
  R25                            =    1.0909000000000000
  R26                            =    1.0905000000000000
  A22                            =    117.87949999999999
  A23                            =    118.17310000000001
  A24                            =    111.56690000000000
  A25                            =    111.65519999999999
  A26                            =    111.57640000000001
  D23                            =    145.16690000000000
  D25                            =    119.49590000000001
  D26                            =    240.46220000000000
  ANG2                           =    104.91510000000000
  DH2                            =    184.13990000000001
  DH3                            =    108.37820000000001
  D4                             =    175.54630000000000
  D24                            =    288.19690000000003
  DH1                            =    108.20140000000001
  ANG1                           =    112.47360000000000
  BB                             =    2.6000000000000001
 
  SET,SPIN=           0
   basis=cc-pvtz
   {multi;closed,16;occ,18;wf, 34,1,0,;state,1;maxiter,40}
                                                                                ! Uncomment to guide creation of AS for MC sampling
                                                                                 ! (also needs uncommented lines in run.sh)
                                                                                 !ACTIVESPACE2_T
                                                                                 !ACTIVESPACE2
 
   RS2C,SHIFT=0.2
   CBSen = energy
  put,molden,molpro.molden
 Commands initialized (810), CPU time= 0.01 sec, 661 directives.
 Default parameters read. Elapsed time= 0.17 sec

 Checking input...
 Passed
1


                                         ***  PROGRAM SYSTEM MOLPRO  ***
                                       Copyright, TTI GmbH Stuttgart, 2015
                                    Version 2021.2 linked Jun  2 2021 00:13:23


 **********************************************************************************************************************************
 LABEL *                                                                                 
  64 bit mpp version                                                                     DATE: 20-Jun-24          TIME: 09:28:41  
 **********************************************************************************************************************************

 SHA1:             1987c3f1b0c3ae76932bc24993909f2d7ae6b1f1
 **********************************************************************************************************************************

 Memory per process:       400 MW
 Total memory per node:   1600 MW

 GA preallocation disabled
 GA check disabled

 Variable memory set to 400.0 MW

 ZSYMEL=NOSYM

 SETTING R1             =         1.35770000                                  
 SETTING R2             =         1.07970000                                  
 SETTING R3             =         1.08410000                                  
 SETTING R4             =         0.95720000                                  
 SETTING A2             =       112.38630000                                  
 SETTING A3             =       117.57970000                                  
 SETTING A4             =       109.67580000                                  
 SETTING D3             =       218.78390000                                  
 SETTING R21            =         1.49180000                                  
 SETTING R22            =         1.08280000                                  
 SETTING R23            =         1.08200000                                  
 SETTING R24            =         1.09730000                                  
 SETTING R25            =         1.09090000                                  
 SETTING R26            =         1.09050000                                  
 SETTING A22            =       117.87950000                                  
 SETTING A23            =       118.17310000                                  
 SETTING A24            =       111.56690000                                  
 SETTING A25            =       111.65520000                                  
 SETTING A26            =       111.57640000                                  
 SETTING D23            =       145.16690000                                  
 SETTING D25            =       119.49590000                                  
 SETTING D26            =       240.46220000                                  
 SETTING ANG2           =       104.91510000                                  
 SETTING DH2            =       184.13990000                                  
 SETTING DH3            =       108.37820000                                  
 SETTING D4             =       175.54630000                                  
 SETTING D24            =       288.19690000                                  
 SETTING DH1            =       108.20140000                                  
 SETTING ANG1           =       112.47360000                                  
 SETTING BB             =         2.60000000                                  
 SETTING SPIN           =     0.00000000D+00                                  
 SETTING BASIS          =    CC-PVTZ


 Recomputing integrals since basis changed


 Using spherical harmonics

 Library entry C      S cc-pVTZ              selected for orbital group  1
 Library entry C      P cc-pVTZ              selected for orbital group  1
 Library entry C      D cc-pVTZ              selected for orbital group  1
 Library entry C      F cc-pVTZ              selected for orbital group  1
 Library entry O      S cc-pVTZ              selected for orbital group  2
 Library entry O      P cc-pVTZ              selected for orbital group  2
 Library entry O      D cc-pVTZ              selected for orbital group  2
 Library entry O      F cc-pVTZ              selected for orbital group  2
 Library entry H      S cc-pVTZ              selected for orbital group  3
 Library entry H      P cc-pVTZ              selected for orbital group  3
 Library entry H      D cc-pVTZ              selected for orbital group  3


 PROGRAM * SEWARD (Integral evaluation for generally contracted gaussian basis sets)     Author: Roland Lindh, 1990

 Geometry written to block  1 of record 700

 Orientation using atomic masses  
 Molecule type: Asymmetric top
 Rotational constants:       2.5401385      2.3608767     19.1280272 GHz  (calculated with average atomic masses)

 Point group  C1  



 ATOMIC COORDINATES

 NR  ATOM    CHARGE       X              Y              Z

   1  C1      6.00   -1.123138416   -0.048090840    2.000190914
   2  O2      8.00    0.426371813    0.126602666    4.037645218
   3  H3      1.00   -2.192671586    1.661273009    1.688501465
   4  H4      1.00   -2.076813528   -1.833477206    1.684161328
   5  H5      1.00    1.237805463   -1.464485452    4.323892191
   6  C21     6.00    1.345606048    0.010673692   -2.247425562
   7  C22     6.00   -0.644860509    0.001744411   -4.243734890
   8  H23     1.00    2.444872955   -1.695046380   -1.984657386
   9  H24     1.00    2.368674601    1.748939469   -1.912024130
  10  H25     1.00    0.182299343    0.030927188   -6.144986397
  11  H26     1.00   -1.826824720   -1.683562676   -4.131966967
  12  H27     1.00   -1.871902451    1.650911697   -4.097821176

 Bond lengths in Bohr (Angstrom)

 1-2  2.565681159  1-3  2.040337297  1-4  2.048652092  2-5  1.808845846  6-7  2.819093433
     ( 1.357700000)     ( 1.079700000)     ( 1.084100000)     ( 0.957200000)     ( 1.491800000)

  6- 8  2.046195448   6- 9  2.044683667   7-10  2.073596477   7-11  2.061502229   7-12  2.060746339
       ( 1.082800000)       ( 1.082000000)       ( 1.097300000)       ( 1.090900000)       ( 1.090500000)

 Bond angles

  1-2-5  109.67580000   2-1-3  112.38630000   2-1-4  117.57970000   3-1-4  117.55104774

  6- 7-10  111.56690000   6- 7-11  111.65520000   6- 7-12  111.57640000   7- 6- 8  117.87950000

  7- 6- 9  118.17310000   8- 6- 9  114.75963045  10- 7-11  106.85353495  10- 7-12  106.92852376

 11- 7-12  107.99927587

 NUCLEAR CHARGE:                   34
 NUMBER OF PRIMITIVE AOS:         324
 NUMBER OF SYMMETRY AOS:          296
 NUMBER OF CONTRACTIONS:          232   (  232A   )
 NUMBER OF INNER CORE ORBITALS:     0   (    0A   )
 NUMBER OF OUTER CORE ORBITALS:     4   (    4A   )
 NUMBER OF VALENCE ORBITALS:       24   (   24A   )


 NUCLEAR REPULSION ENERGY  116.45294557


 Eigenvalues of metric

         1 0.115E-02 0.122E-02 0.135E-02 0.137E-02 0.148E-02 0.154E-02 0.164E-02 0.168E-02


 Contracted 2-electron integrals neglected if value below      1.0D-11
 AO integral compression algorithm  1   Integral accuracy      1.0D-11

     1083.179 MB (compressed) written to integral file ( 36.2%)

     Node minimum: 247.988 MB, node maximum: 291.242 MB


 NUMBER OF SORTED TWO-ELECTRON INTEGRALS:   91327612.     BUFFER LENGTH:  32768
 NUMBER OF SEGMENTS:   6  SEGMENT LENGTH:   15998348      RECORD LENGTH: 524288

 Memory used in sort:      16.56 MW

 SORT1 READ   374324317. AND WROTE    69396922. INTEGRALS IN    202 RECORDS. CPU TIME:     8.04 SEC, REAL TIME:    10.61 SEC
 SORT2 READ   277593502. AND WROTE   365269906. INTEGRALS IN   4444 RECORDS. CPU TIME:     1.64 SEC, REAL TIME:     3.48 SEC

 Node minimum:    91307341.  Node maximum:    91327612. integrals

 OPERATOR DM      FOR CENTER  0  COORDINATES:    0.000000    0.000000    0.000000


 **********************************************************************************************************************************
 DATASETS  * FILE   NREC   LENGTH (MB)   RECORD NAMES
              1      18       30.65       500      610      700      900      950      970     1000      129      960     1100   
                                          VAR    BASINP    GEOM    SYMINP    ZMAT    AOBASIS   BASIS     P2S    ABASIS      S 
                                         1400     1410     1200     1210     1080     1600     1650     1700   
                                           T        V       H0       H01     AOSYM     SMH    MOLCAS    OPER   

 PROGRAMS   *        TOTAL       INT
 CPU TIMES  *        14.37     14.18
 REAL TIME  *        20.43 SEC
 DISK USED  *        31.13 MB (local),        4.22 GB (total)
 GA USED    *         0.00 MB       (max)       0.00 MB       (current)
 **********************************************************************************************************************************

 PROGRAM * MULTI (Direct Multiconfiguration SCF)       Authors: P.J. Knowles, H.-J. Werner (1984)
                                                                D.A. Kreplin, P.J. Knowles, H.-J. Werner (2019)

 Number of closed-shell orbitals:  16 (  16 )
 Number of active  orbitals:        2 (   2 )
 Number of external orbitals:     214 ( 214 )

 State symmetry 1

 Number of active electrons:   2    Spin symmetry=Singlet   Space symmetry=1
 Number of states:             1
 Number of CSFs:               3   (4 determinants, 4 intermediate states)

 Orbital guess generated from atomic densities. Full valence occupancy:   28

 Wavefunction dump at record             2140.2

 Convergence thresholds  0.10E-04 (gradient)  0.10E-05 (energy)
 
 Number of orbital rotations:  3884  ( 32 closed/active, 3424 closed/virtual, 0 active/active, 428 active/virtual )
 Total number of variables:    3888
 
  Second-order MCSCF: L-BFGS accelerated
 
 ITER  MIC  NCI  NEG     ENERGY(VAR)    ENERGY(PROJ) ENERGY CHANGE       GRAD(0)  GRAD(ORB)   GRAD(CI)      STEP      TIME
   1   15    6    0   -193.03548778    -193.10567881   -0.07019103    0.41959373 0.00030337 0.00000000  0.23E+00     11.19
   2   15    7    0   -193.10735298    -193.10757601   -0.00022303    0.02468445 0.00003526 0.00000000  0.16E-01     22.79
   3   21    9    0   -193.10757652    -193.10757653   -0.00000000    0.00009783 0.00000000 0.00000000  0.68E-04     34.04

 CONVERGENCE REACHED!  Final gradient:    0.00000000 ( 0.18E-08)
                       Final energy:   -193.10757653
 
 First order charge density matrix for state 1.1 saved on record 2140.2 (density set 1)
 
 Results for state 1.1
 =====================
 !MCSCF STATE 1.1 Energy                      -193.107576525170
 Nuclear energy                                116.45294557
 Kinetic energy                                192.79872433
 One electron energy                          -492.52602240
 Two electron energy                           182.96550030
 Virial ratio                                    2.00160194
 
 !MCSCF STATE 1.1 Dipole moment                 -0.06387861    -0.56052200    -0.16410877
 Dipole moment /Debye                           -0.16236323    -1.42470481    -0.41712289
 
 No non-zero expectation values
 
 
 Natural orbital dump at molpro section 2140.2 (Orbital set 2)


 **********************************************************************************************************************************
 DATASETS  * FILE   NREC   LENGTH (MB)   RECORD NAMES
              1      19      136.95       500      610      700      900      950      970     1000      129      960     1100   
                                          VAR    BASINP    GEOM    SYMINP    ZMAT    AOBASIS   BASIS     P2S    ABASIS      S 
                                         1400     1410     1200     1210     1080     1600     1650     1700     1380   
                                           T        V       H0       H01     AOSYM     SMH    MOLCAS    OPER     JKOP   

              2       4        4.26       700     1000      520     2140   
                                         GEOM     BASIS   MCVARS    MCSCF   

 PROGRAMS   *        TOTAL     MULTI       INT
 CPU TIMES  *        44.49     30.11     14.18
 REAL TIME  *        64.09 SEC
 DISK USED  *       141.28 MB (local),        4.65 GB (total)
 SF USED    *       350.64 MB
 GA USED    *         0.00 MB       (max)       0.00 MB       (current)
 **********************************************************************************************************************************


 PROGRAM * RS2C (Multireference RS Perturbation Theory)     Authors: H.-J. Werner (1993), P. Celani (1998)


 Level shift= 0.20

 Convergence thresholds:  THRVAR = 1.00D-06  THRDEN = 1.00D-06

 Number of optimized states: 1  Roots:    1
 Number of reference states: 1  Roots:    1

 Using rs2c

 Reference symmetry:                   1   Singlet 
 Number of electrons:                 34
 Maximum number of shells:             3
 Maximum number of spin couplings:     2

 Reference space:        3 conf        3 CSFs
 N elec internal:        3 conf        3 CSFs
 N-1 el internal:        2 conf        2 CSFs
 N-2 el internal:        1 conf        1 CSFs

 Number of electrons in valence space:                     26
 Maximum number of open shell orbitals in reference space:  2
 Maximum number of open shell orbitals in internal spaces:  4


 Number of core orbitals:           4 (   4 )
 Number of closed-shell orbitals:  12 (  12 )
 Number of active  orbitals:        2 (   2 )
 Number of external orbitals:     214 ( 214 )

 Molecular orbitals read from record     2140.2  Type=MCSCF/NATURAL (state 1.1)

 Integral transformation finished. Total CPU:   4.22 sec, npass=  1  Memory used:  10.52 MW

 Number of p-space configurations:   3

 Reference wavefunction optimized for reference space (refopt=1)

 State     Reference Energy 
     1      -193.10757653

 Number of blocks in overlap matrix:     2   Smallest eigenvalue:  0.10D+01
 Number of N-2 electron functions:     193
 Number of N-1 electron functions:       2

 Number of internal configurations:                    3
 Number of singly external configurations:           428
 Number of doubly external configurations:       4420705
 Total number of contracted configurations:      4421136
 Total number of uncontracted configurations:      23436

 Weight factors for SA-density in H0:    1.000000

 FIMAX=  0.46D-01  FXMAX=  0.26D-11  DIAG=  F  T  NOREF=1  NOINT=0  IHPPD=2

 Nuclear energy:                     116.45294557
 Core energy:                       -203.21596892
 Zeroth-order valence energy:        -17.67510461
 Zeroth-order total energy:         -104.43812796
 First-order energy:                 -88.66944857


 Using contracted singles

 Number of contracted N-1 electron functions:        336
 Number of contracted internal configurations:         1


 Diagonal Coupling coefficients finished.               Storage:   19991 words, CPU-Time:      0.00 seconds.
 Energy denominators for pairs finished in 0 passes.    Storage:  110563 words, CPU-time:      0.00 seconds.

 A level shift of 0.20 is applied.

  ITER. STATE  ROOT     SQ.NORM     CORR.ENERGY   TOTAL ENERGY   ENERGY CHANGE       DEN1      VAR(S)    VAR(P)      TIME
    1     1     1     1.02162645    -0.00432529  -193.11190181    -0.00432529    -0.70810227  0.22D-01  0.17D+00     5.71
    2     1     1     1.19092058    -0.74685356  -193.85443008    -0.74252827     0.00006888  0.61D-04  0.54D-04     6.46
    3     1     1     1.19110425    -0.74717156  -193.85474808    -0.00031800    -0.00023323  0.47D-05  0.20D-06     7.30
    4     1     1     1.19115075    -0.74719113  -193.85476766    -0.00001957     0.00000114  0.24D-07  0.17D-07     8.08
    5     1     1     1.19115466    -0.74719276  -193.85476928    -0.00000162    -0.00000275  0.19D-08  0.17D-09     8.86
    6     1     1     1.19115527    -0.74719288  -193.85476940    -0.00000012    -0.00000005  0.34D-10  0.10D-10     9.68

 Energies without level shift correction:

    6     1     1     1.19115527    -0.70896183  -193.81653835

 Energy contributions for state 1.1:
 ===================================

            Energy contr.      SQ.Norm of FOWF
 Space I0     0.00000000          0.00000000
 Space I1    -0.00000003          0.00001990
 Space I2    -0.00083100          0.00049904
 Space S0    -0.00000002          0.00001311
 Space S1    -0.02255722          0.01198461
 Space S2    -0.02444522          0.00967615
 Space P0    -0.00981173          0.00150818
 Space P1    -0.13660725          0.02832921
 Space P2    -0.51470936          0.13912507


 RESULTS FOR STATE 1.1
 =====================


 Reference energy                    -193.10757653
 Nuclear energy                       116.45294557
 Correlation energy                    -0.74719288
 !RSPT2 STATE 1.1 Energy             -193.854769404684


 **********************************************************************************************************************************
 DATASETS  * FILE   NREC   LENGTH (MB)   RECORD NAMES
              1      19      136.95       500      610      700      900      950      970     1000      129      960     1100   
                                          VAR    BASINP    GEOM    SYMINP    ZMAT    AOBASIS   BASIS     P2S    ABASIS      S 
                                         1400     1410     1200     1210     1080     1600     1650     1700     1380   
                                           T        V       H0       H01     AOSYM     SMH    MOLCAS    OPER     JKOP   

              2       4        4.26       700     1000      520     2140   
                                         GEOM     BASIS   MCVARS    MCSCF   

 PROGRAMS   *        TOTAL      RS2C     MULTI       INT
 CPU TIMES  *        54.23      9.73     30.11     14.18
 REAL TIME  *        79.13 SEC
 DISK USED  *       141.28 MB (local),        4.65 GB (total)
 SF USED    *       447.07 MB
 GA USED    *         0.00 MB       (max)       0.00 MB       (current)
 **********************************************************************************************************************************
 SETTING CBSEN          =      -193.85476940  AU                              

 Dump information in style MOLDEN to molpro.molden                                                                   

 Molecular orbitals read from record     2140.2  Type=MCSCF/NATURAL (state 1.1)
 Occupation numbers read from record     2140.2  Type=MCSCF/NATURAL (state 1.1)
 Orbital energies read from record       2140.2  Type=MCSCF/NATURAL (state 1.1)
 Redundancy group numbers read from rec  2140.2  Type=MCSCF/NATURAL (state 1.1)

 DUMP ORBITAL  1.1 AS ORBITAL    1  occ=    2.0000  eig=  -20.5714  GROUP=   0
 DUMP ORBITAL  2.1 AS ORBITAL    2  occ=    2.0000  eig=  -11.2781  GROUP=   0
 DUMP ORBITAL  3.1 AS ORBITAL    3  occ=    2.0000  eig=  -11.2218  GROUP=   0
 DUMP ORBITAL  4.1 AS ORBITAL    4  occ=    2.0000  eig=  -11.2139  GROUP=   0
 DUMP ORBITAL  5.1 AS ORBITAL    5  occ=    2.0000  eig=   -1.3860  GROUP=   0
 DUMP ORBITAL  6.1 AS ORBITAL    6  occ=    2.0000  eig=   -1.0058  GROUP=   0
 DUMP ORBITAL  7.1 AS ORBITAL    7  occ=    2.0000  eig=   -0.8861  GROUP=   0
 DUMP ORBITAL  8.1 AS ORBITAL    8  occ=    2.0000  eig=   -0.8092  GROUP=   0
 DUMP ORBITAL  9.1 AS ORBITAL    9  occ=    2.0000  eig=   -0.7059  GROUP=   0
 DUMP ORBITAL 10.1 AS ORBITAL   10  occ=    2.0000  eig=   -0.6197  GROUP=   0
 DUMP ORBITAL 11.1 AS ORBITAL   11  occ=    2.0000  eig=   -0.6047  GROUP=   0
 DUMP ORBITAL 12.1 AS ORBITAL   12  occ=    2.0000  eig=   -0.5571  GROUP=   0
 DUMP ORBITAL 13.1 AS ORBITAL   13  occ=    2.0000  eig=   -0.5522  GROUP=   0
 DUMP ORBITAL 14.1 AS ORBITAL   14  occ=    2.0000  eig=   -0.5249  GROUP=   0
 DUMP ORBITAL 15.1 AS ORBITAL   15  occ=    2.0000  eig=   -0.5058  GROUP=   0
 DUMP ORBITAL 16.1 AS ORBITAL   16  occ=    2.0000  eig=   -0.4938  GROUP=   0
 DUMP ORBITAL 17.1 AS ORBITAL   17  occ=    1.7123  eig=   -0.2352  GROUP=   0
 DUMP ORBITAL 18.1 AS ORBITAL   18  occ=    0.2877  eig=    0.1043  GROUP=   0

 Total charge:      34.000000

 **********************************************************************************************************************************

 RS2C/cc-pVTZ energy=   -193.854769404684

            RS2C           MULTI
   -193.85476940   -193.10757653
 **********************************************************************************************************************************
 Molpro calculation terminated
