
 Working directory              : /scratch/mdt/206169/molpro.akAhvbtbiu/
 Global scratch directory       : /scratch/mdt/206169/molpro.akAhvbtbiu/
 Wavefunction directory         : /home/chimica2/mditeodoro/wfu/
 Main file repository           : /scratch/mdt/206169/molpro.akAhvbtbiu/

 id        : polimi

 Nodes     nprocs
 node-5-8     4
 GA implementation: MPI file
 GA implementation (serial work in mppx): MPI file

 Using customized tuning parameters: mindgm=1; mindgv=20; mindgc=4; mindgr=1; noblas=0; minvec=7
 default implementation of scratch files=sf  


 Variables initialized (1009), CPU time= 0.01 sec
  memory,         400 ,m
   nosym
  geometry={angstrom
   C1
   O2   C1   R1
   H3   C1   R2   O2   A2
   H4   C1   R3   O2   A3   H3   D3
   H5   O2   R4   C1   A4   H3   D4
   C21 C1 BB O2 ANG1 H3 DH1
   C22 C21 R21 C1 ANG2 O2 DH2
   H23 C21 R22 C22 A22 C1 DH3
   H24 C21 R23 C22 A23 H23 D23
   H25 C22 R24 C21 A24 H23 D24
   H26 C22 R25 C21 A25 H25 D25
   H27 C22 R26 C21 A26 H25 D26
  }
  R1                             =    1.3819999999999999
  R2                             =    1.0845000000000000
  R3                             =    1.0903000000000000
  R4                             =   0.95669999999999999
  A2                             =    109.24310000000000
  A3                             =    114.50149999999999
  A4                             =    109.18340000000001
  D3                             =    233.39769999999999
  R21                            =    1.5061000000000000
  R22                            =    1.0876999999999999
  R23                            =    1.0861000000000001
  R24                            =    1.0929000000000000
  R25                            =    1.0911000000000000
  R26                            =    1.0907000000000000
  A22                            =    114.03390000000000
  A23                            =    114.54490000000000
  A24                            =    111.46280000000000
  A25                            =    111.37410000000000
  A26                            =    111.27760000000001
  D23                            =    129.06710000000001
  D25                            =    119.83839999999999
  D26                            =    240.17359999999999
  ANG2                           =    108.95200000000000
  DH2                            =    181.45890000000000
  DH3                            =    115.71360000000000
  D4                             =    176.39320000000001
  D24                            =    296.20339999999999
  DH1                            =    115.05640000000000
  ANG1                           =    112.36610000000000
  BB                             =    2.0000000000000000
 
  SET,SPIN=           0
   basis=cc-pvdz
   {multi;closed,16;occ,18;wf, 34,1,0,;state,1;maxiter,40}
                                                                                ! Uncomment to guide creation of AS for MC sampling
                                                                                 ! (also needs uncommented lines in run.sh)
                                                                                 !ACTIVESPACE2_T
                                                                                 !ACTIVESPACE2
 
   RS2C,SHIFT=0.2
   CBSen = energy
  put,molden,molpro.molden
 Commands initialized (810), CPU time= 0.01 sec, 661 directives.
 Default parameters read. Elapsed time= 0.18 sec

 Checking input...
 Passed
1


                                         ***  PROGRAM SYSTEM MOLPRO  ***
                                       Copyright, TTI GmbH Stuttgart, 2015
                                    Version 2021.2 linked Jun  2 2021 00:13:23


 **********************************************************************************************************************************
 LABEL *                                                                                 
  64 bit mpp version                                                                     DATE: 17-Jun-24          TIME: 19:04:19  
 **********************************************************************************************************************************

 SHA1:             1987c3f1b0c3ae76932bc24993909f2d7ae6b1f1
 **********************************************************************************************************************************

 Memory per process:       400 MW
 Total memory per node:   1600 MW

 GA preallocation disabled
 GA check disabled

 Variable memory set to 400.0 MW

 ZSYMEL=NOSYM

 SETTING R1             =         1.38200000                                  
 SETTING R2             =         1.08450000                                  
 SETTING R3             =         1.09030000                                  
 SETTING R4             =         0.95670000                                  
 SETTING A2             =       109.24310000                                  
 SETTING A3             =       114.50150000                                  
 SETTING A4             =       109.18340000                                  
 SETTING D3             =       233.39770000                                  
 SETTING R21            =         1.50610000                                  
 SETTING R22            =         1.08770000                                  
 SETTING R23            =         1.08610000                                  
 SETTING R24            =         1.09290000                                  
 SETTING R25            =         1.09110000                                  
 SETTING R26            =         1.09070000                                  
 SETTING A22            =       114.03390000                                  
 SETTING A23            =       114.54490000                                  
 SETTING A24            =       111.46280000                                  
 SETTING A25            =       111.37410000                                  
 SETTING A26            =       111.27760000                                  
 SETTING D23            =       129.06710000                                  
 SETTING D25            =       119.83840000                                  
 SETTING D26            =       240.17360000                                  
 SETTING ANG2           =       108.95200000                                  
 SETTING DH2            =       181.45890000                                  
 SETTING DH3            =       115.71360000                                  
 SETTING D4             =       176.39320000                                  
 SETTING D24            =       296.20340000                                  
 SETTING DH1            =       115.05640000                                  
 SETTING ANG1           =       112.36610000                                  
 SETTING BB             =         2.00000000                                  
 SETTING SPIN           =     0.00000000D+00                                  
 SETTING BASIS          =    CC-PVDZ


 Recomputing integrals since basis changed


 Using spherical harmonics

 Library entry C      S cc-pVDZ              selected for orbital group  1
 Library entry C      P cc-pVDZ              selected for orbital group  1
 Library entry C      D cc-pVDZ              selected for orbital group  1
 Library entry O      S cc-pVDZ              selected for orbital group  2
 Library entry O      P cc-pVDZ              selected for orbital group  2
 Library entry O      D cc-pVDZ              selected for orbital group  2
 Library entry H      S cc-pVDZ              selected for orbital group  3
 Library entry H      P cc-pVDZ              selected for orbital group  3


 PROGRAM * SEWARD (Integral evaluation for generally contracted gaussian basis sets)     Author: Roland Lindh, 1990

 Geometry written to block  1 of record 700

 Orientation using atomic masses  
 Molecule type: Asymmetric top
 Rotational constants:       3.1966037      2.9731528     22.1679469 GHz  (calculated with average atomic masses)

 Point group  C1  



 ATOMIC COORDINATES

 NR  ATOM    CHARGE       X              Y              Z

   1  C1      6.00   -1.052835896   -0.022796698    1.454505454
   2  O2      8.00    0.303064134    0.094653216    3.683452076
   3  H3      1.00   -2.199269361    1.666071814    1.271512190
   4  H4      1.00   -2.164350665   -1.741718659    1.220069684
   5  H5      1.00    1.231861600   -1.441866173    3.895464816
   6  C21     6.00    1.181396045    0.042929550   -1.593140686
   7  C22     6.00   -0.441278451   -0.022698469   -3.930446756
   8  H23     1.00    2.386016954   -1.606665982   -1.363752938
   9  H24     1.00    2.261725523    1.771494247   -1.353500226
  10  H25     1.00    0.706053084   -0.005985562   -5.647636161
  11  H26     1.00   -1.607922239   -1.721815099   -3.987847148
  12  H27     1.00   -1.698291313    1.608593211   -4.014348106

 Bond lengths in Bohr (Angstrom)

 1-2  2.611601504  1-3  2.049407982  1-4  2.060368394  1-6  3.779452249  2-5  1.807900983
     ( 1.382000000)     ( 1.084500000)     ( 1.090300000)     ( 2.000000000)     ( 0.956700000)

  6- 7  2.846116516   6- 8  2.055455106   6- 9  2.052431544   7-10  2.065281682   7-11  2.061880175
       ( 1.506100000)       ( 1.087700000)       ( 1.086100000)       ( 1.092900000)       ( 1.091100000)

  7-12  2.061124284
       ( 1.090700000)

 Bond angles

  1-2-5  109.18340000   1-6-7  108.95200000   1-6-8  104.03435392   1-6-9  103.39464973

  2-1-3  109.24310000   2-1-4  114.50150000   2-1-6  112.36610000   3-1-4  112.05951225

  3- 1- 6  104.14380179   4- 1- 6  103.98499773   6- 7-10  111.46280000   6- 7-11  111.37410000

  6- 7-12  111.27760000   7- 6- 8  114.03390000   7- 6- 9  114.54490000   8- 6- 9  110.75629904

 10- 7-11  107.32856438  10- 7-12  107.37059076  11- 7-12  107.81856962

 NUCLEAR CHARGE:                   34
 NUMBER OF PRIMITIVE AOS:         164
 NUMBER OF SYMMETRY AOS:          160
 NUMBER OF CONTRACTIONS:           96   (   96A   )
 NUMBER OF INNER CORE ORBITALS:     0   (    0A   )
 NUMBER OF OUTER CORE ORBITALS:     4   (    4A   )
 NUMBER OF VALENCE ORBITALS:       24   (   24A   )


 NUCLEAR REPULSION ENERGY  123.33110401


 Eigenvalues of metric

         1 0.433E-02 0.772E-02 0.132E-01 0.170E-01 0.227E-01 0.291E-01 0.327E-01 0.346E-01


 Contracted 2-electron integrals neglected if value below      1.0D-11
 AO integral compression algorithm  1   Integral accuracy      1.0D-11

     46.924 MB (compressed) written to integral file ( 50.1%)

     Node minimum: 11.010 MB, node maximum: 12.059 MB


 NUMBER OF SORTED TWO-ELECTRON INTEGRALS:    2712120.     BUFFER LENGTH:  32768
 NUMBER OF SEGMENTS:   1  SEGMENT LENGTH:    2712120      RECORD LENGTH: 524288

 Memory used in sort:       3.27 MW

 SORT1 READ    11674247. AND WROTE     2555736. INTEGRALS IN      8 RECORDS. CPU TIME:     0.32 SEC, REAL TIME:     0.42 SEC
 SORT2 READ    10211994. AND WROTE    10841496. INTEGRALS IN    184 RECORDS. CPU TIME:     0.09 SEC, REAL TIME:     0.17 SEC

 Node minimum:     2708628.  Node maximum:     2712120. integrals

 OPERATOR DM      FOR CENTER  0  COORDINATES:    0.000000    0.000000    0.000000


 **********************************************************************************************************************************
 DATASETS  * FILE   NREC   LENGTH (MB)   RECORD NAMES
              1      18       29.07       500      610      700      900      950      970     1000      129      960     1100   
                                          VAR    BASINP    GEOM    SYMINP    ZMAT    AOBASIS   BASIS     P2S    ABASIS      S 
                                         1400     1410     1200     1210     1080     1600     1650     1700   
                                           T        V       H0       H01     AOSYM     SMH    MOLCAS    OPER   

 PROGRAMS   *        TOTAL       INT
 CPU TIMES  *         1.29      1.09
 REAL TIME  *         2.21 SEC
 DISK USED  *        29.51 MB (local),      285.28 MB (total)
 GA USED    *         0.00 MB       (max)       0.00 MB       (current)
 **********************************************************************************************************************************

 PROGRAM * MULTI (Direct Multiconfiguration SCF)       Authors: P.J. Knowles, H.-J. Werner (1984)
                                                                D.A. Kreplin, P.J. Knowles, H.-J. Werner (2019)

 Number of closed-shell orbitals:  16 (  16 )
 Number of active  orbitals:        2 (   2 )
 Number of external orbitals:      78 (  78 )

 State symmetry 1

 Number of active electrons:   2    Spin symmetry=Singlet   Space symmetry=1
 Number of states:             1
 Number of CSFs:               3   (4 determinants, 4 intermediate states)

 Orbital guess generated from atomic densities. Full valence occupancy:   28

 Wavefunction dump at record             2140.2

 Convergence thresholds  0.10E-04 (gradient)  0.10E-05 (energy)
 
 Number of orbital rotations:  1436  ( 32 closed/active, 1248 closed/virtual, 0 active/active, 156 active/virtual )
 Total number of variables:    1440
 
  Second-order MCSCF: L-BFGS accelerated
 
 ITER  MIC  NCI  NEG     ENERGY(VAR)    ENERGY(PROJ) ENERGY CHANGE       GRAD(0)  GRAD(ORB)   GRAD(CI)      STEP      TIME
   1   12    5    0   -193.02262267    -193.09391352   -0.07129084    0.43753297 0.00428772 0.00000000  0.42E+00      1.53
   2   13    7    0   -193.10184364    -193.10277700   -0.00093337    0.03845275 0.00031545 0.00000000  0.74E-01      3.65
   3   15    8    0   -193.10278079    -193.10278088   -0.00000009    0.00036813 0.00000034 0.00000000  0.71E-03      5.79

 CONVERGENCE REACHED!  Final gradient:    0.00000004 ( 0.37E-07)
                       Final energy:   -193.10278088
 
 First order charge density matrix for state 1.1 saved on record 2140.2 (density set 1)
 
 Results for state 1.1
 =====================
 !MCSCF STATE 1.1 Energy                      -193.102780879239
 Nuclear energy                                123.33110401
 Kinetic energy                                192.73582516
 One electron energy                          -506.28015255
 Two electron energy                           189.84626766
 Virial ratio                                    2.00190393
 
 !MCSCF STATE 1.1 Dipole moment                  0.01700956    -0.51800840    -0.33034643
 Dipole moment /Debye                            0.04323398    -1.31664602    -0.83965687
 
 No non-zero expectation values
 
 
 Natural orbital dump at molpro section 2140.2 (Orbital set 2)


 **********************************************************************************************************************************
 DATASETS  * FILE   NREC   LENGTH (MB)   RECORD NAMES
              1      19       47.31       500      610      700      900      950      970     1000      129      960     1100   
                                          VAR    BASINP    GEOM    SYMINP    ZMAT    AOBASIS   BASIS     P2S    ABASIS      S 
                                         1400     1410     1200     1210     1080     1600     1650     1700     1380   
                                           T        V       H0       H01     AOSYM     SMH    MOLCAS    OPER     JKOP   

              2       4        3.04       700     1000      520     2140   
                                         GEOM     BASIS   MCVARS    MCSCF   

 PROGRAMS   *        TOTAL     MULTI       INT
 CPU TIMES  *         4.03      2.74      1.09
 REAL TIME  *         8.80 SEC
 DISK USED  *        50.40 MB (local),      368.86 MB (total)
 SF USED    *        60.14 MB
 GA USED    *         0.00 MB       (max)       0.00 MB       (current)
 **********************************************************************************************************************************


 PROGRAM * RS2C (Multireference RS Perturbation Theory)     Authors: H.-J. Werner (1993), P. Celani (1998)


 Level shift= 0.20

 Convergence thresholds:  THRVAR = 1.00D-06  THRDEN = 1.00D-06

 Number of optimized states: 1  Roots:    1
 Number of reference states: 1  Roots:    1

 Using rs2c

 Reference symmetry:                   1   Singlet 
 Number of electrons:                 34
 Maximum number of shells:             3
 Maximum number of spin couplings:     2

 Reference space:        3 conf        3 CSFs
 N elec internal:        3 conf        3 CSFs
 N-1 el internal:        2 conf        2 CSFs
 N-2 el internal:        1 conf        1 CSFs

 Number of electrons in valence space:                     26
 Maximum number of open shell orbitals in reference space:  2
 Maximum number of open shell orbitals in internal spaces:  4


 Number of core orbitals:           4 (   4 )
 Number of closed-shell orbitals:  12 (  12 )
 Number of active  orbitals:        2 (   2 )
 Number of external orbitals:      78 (  78 )

 Molecular orbitals read from record     2140.2  Type=MCSCF/NATURAL (state 1.1)

 Integral transformation finished. Total CPU:   0.21 sec, npass=  1  Memory used:   1.82 MW

 Number of p-space configurations:   1

 Reference wavefunction optimized for reference space (refopt=1)

 State     Reference Energy 
     1      -193.10278088

 Number of blocks in overlap matrix:     2   Smallest eigenvalue:  0.10D+01
 Number of N-2 electron functions:     193
 Number of N-1 electron functions:       2

 Number of internal configurations:                    3
 Number of singly external configurations:           156
 Number of doubly external configurations:        587613
 Total number of contracted configurations:       587772
 Total number of uncontracted configurations:       3240

 Weight factors for SA-density in H0:    1.000000

 FIMAX=  0.85D-01  FXMAX=  0.16D-12  DIAG=  F  T  NOREF=1  NOINT=0  IHPPD=2

 Nuclear energy:                     123.33110401
 Core energy:                       -206.30754896
 Zeroth-order valence energy:        -17.82031012
 Zeroth-order total energy:         -100.79675507
 First-order energy:                 -92.30602580


 Using contracted singles

 Number of contracted N-1 electron functions:        336
 Number of contracted internal configurations:         1


 Diagonal Coupling coefficients finished.               Storage:   19991 words, CPU-Time:      0.01 seconds.
 Energy denominators for pairs finished in 0 passes.    Storage:   24543 words, CPU-time:      0.00 seconds.

 A level shift of 0.20 is applied.

  ITER. STATE  ROOT     SQ.NORM     CORR.ENERGY   TOTAL ENERGY   ENERGY CHANGE       DEN1      VAR(S)    VAR(P)      TIME
    1     1     1     1.01674251    -0.00334850  -193.10612938    -0.00334850    -0.56522482  0.17D-01  0.15D+00     0.30
    2     1     1     1.16527990    -0.59933692  -193.70211780    -0.59598842    -0.00034763  0.99D-04  0.12D-03     0.39
    3     1     1     1.16589762    -0.60012620  -193.70290708    -0.00078928    -0.00055399  0.11D-04  0.74D-06     0.48
    4     1     1     1.16598494    -0.60017480  -193.70295568    -0.00004860    -0.00000056  0.96D-07  0.11D-06     0.55
    5     1     1     1.16600388    -0.60018162  -193.70296250    -0.00000682    -0.00001155  0.15D-07  0.11D-08     0.62
    6     1     1     1.16600620    -0.60018214  -193.70296302    -0.00000051    -0.00000026  0.30D-09  0.19D-09     0.69

 Energies without level shift correction:

    6     1     1     1.16600620    -0.56698090  -193.66976178

 Energy contributions for state 1.1:
 ===================================

            Energy contr.      SQ.Norm of FOWF
 Space I0     0.00000000          0.00000000
 Space I1    -0.00000009          0.00001314
 Space I2    -0.00089153          0.00043871
 Space S0    -0.00000007          0.00001329
 Space S1    -0.02489423          0.01098157
 Space S2    -0.01666468          0.00626185
 Space P0    -0.00772616          0.00134577
 Space P1    -0.06647494          0.01515149
 Space P2    -0.45032920          0.13180037


 RESULTS FOR STATE 1.1
 =====================


 Reference energy                    -193.10278088
 Nuclear energy                       123.33110401
 Correlation energy                    -0.60018214
 !RSPT2 STATE 1.1 Energy             -193.702963016191


 **********************************************************************************************************************************
 DATASETS  * FILE   NREC   LENGTH (MB)   RECORD NAMES
              1      19       47.31       500      610      700      900      950      970     1000      129      960     1100   
                                          VAR    BASINP    GEOM    SYMINP    ZMAT    AOBASIS   BASIS     P2S    ABASIS      S 
                                         1400     1410     1200     1210     1080     1600     1650     1700     1380   
                                           T        V       H0       H01     AOSYM     SMH    MOLCAS    OPER     JKOP   

              2       4        3.04       700     1000      520     2140   
                                         GEOM     BASIS   MCVARS    MCSCF   

 PROGRAMS   *        TOTAL      RS2C     MULTI       INT
 CPU TIMES  *         4.79      0.74      2.74      1.09
 REAL TIME  *        10.50 SEC
 DISK USED  *        50.40 MB (local),      368.86 MB (total)
 SF USED    *        68.44 MB
 GA USED    *         0.00 MB       (max)       0.00 MB       (current)
 **********************************************************************************************************************************
 SETTING CBSEN          =      -193.70296302  AU                              

 Dump information in style MOLDEN to molpro.molden                                                                   

 Molecular orbitals read from record     2140.2  Type=MCSCF/NATURAL (state 1.1)
 Occupation numbers read from record     2140.2  Type=MCSCF/NATURAL (state 1.1)
 Orbital energies read from record       2140.2  Type=MCSCF/NATURAL (state 1.1)
 Redundancy group numbers read from rec  2140.2  Type=MCSCF/NATURAL (state 1.1)

 DUMP ORBITAL  1.1 AS ORBITAL    1  occ=    2.0000  eig=  -20.5585  GROUP=   0
 DUMP ORBITAL  2.1 AS ORBITAL    2  occ=    2.0000  eig=  -11.2858  GROUP=   0
 DUMP ORBITAL  3.1 AS ORBITAL    3  occ=    2.0000  eig=  -11.2316  GROUP=   0
 DUMP ORBITAL  4.1 AS ORBITAL    4  occ=    2.0000  eig=  -11.2216  GROUP=   0
 DUMP ORBITAL  5.1 AS ORBITAL    5  occ=    2.0000  eig=   -1.3673  GROUP=   0
 DUMP ORBITAL  6.1 AS ORBITAL    6  occ=    2.0000  eig=   -1.0075  GROUP=   0
 DUMP ORBITAL  7.1 AS ORBITAL    7  occ=    2.0000  eig=   -0.8772  GROUP=   0
 DUMP ORBITAL  8.1 AS ORBITAL    8  occ=    2.0000  eig=   -0.8079  GROUP=   0
 DUMP ORBITAL  9.1 AS ORBITAL    9  occ=    2.0000  eig=   -0.6874  GROUP=   0
 DUMP ORBITAL 10.1 AS ORBITAL   10  occ=    2.0000  eig=   -0.6144  GROUP=   0
 DUMP ORBITAL 11.1 AS ORBITAL   11  occ=    2.0000  eig=   -0.5934  GROUP=   0
 DUMP ORBITAL 12.1 AS ORBITAL   12  occ=    2.0000  eig=   -0.5522  GROUP=   0
 DUMP ORBITAL 13.1 AS ORBITAL   13  occ=    2.0000  eig=   -0.5448  GROUP=   0
 DUMP ORBITAL 14.1 AS ORBITAL   14  occ=    2.0000  eig=   -0.5135  GROUP=   0
 DUMP ORBITAL 15.1 AS ORBITAL   15  occ=    2.0000  eig=   -0.4923  GROUP=   0
 DUMP ORBITAL 16.1 AS ORBITAL   16  occ=    2.0000  eig=   -0.4802  GROUP=   0
 DUMP ORBITAL 17.1 AS ORBITAL   17  occ=    1.9266  eig=   -0.3985  GROUP=   0
 DUMP ORBITAL 18.1 AS ORBITAL   18  occ=    0.0734  eig=    0.3251  GROUP=   0

 Total charge:      34.000000

 **********************************************************************************************************************************

 RS2C/cc-pVDZ energy=   -193.702963016191

            RS2C           MULTI
   -193.70296302   -193.10278088
 **********************************************************************************************************************************
 Molpro calculation terminated
