
 Working directory              : /scratch/mdt/206692/molpro.HLY4B8Qrd6/
 Global scratch directory       : /scratch/mdt/206692/molpro.HLY4B8Qrd6/
 Wavefunction directory         : /home/chimica2/mditeodoro/wfu/
 Main file repository           : /scratch/mdt/206692/molpro.HLY4B8Qrd6/

 id        : polimi

 Nodes     nprocs
 node-5-6     4
 GA implementation: MPI file
 GA implementation (serial work in mppx): MPI file

 Using customized tuning parameters: mindgm=1; mindgv=20; mindgc=4; mindgr=1; noblas=0; minvec=7
 default implementation of scratch files=sf  


 Variables initialized (1009), CPU time= 0.01 sec
  memory,         400 ,m
   nosym
  geometry={angstrom
      C1
      O2   C1   R1
      H3   C1   R2   O2   A2
      H4   C1   R3   O2   A3   H3   D3
      H5   O2   R4   C1   A4   H3   D4
      C21 C1 BB O2 ANG1 H3 DH1
      C22 C21 R21 C1 ANG2 O2 DH2
      H23 C21 R22 C22 A22 C1 DH3
      H24 C21 R23 C22 A23 H23 D23
      H25 C22 R24 C21 A24 H23 D24
      H26 C22 R25 C21 A25 H25 D25
      H27 C22 R26 C21 A26 H25 D26
  }
  R1                             =    1.3580303137198373
  R2                             =    1.0776847875598874
  R3                             =    1.0811443939668743
  R4                             =   0.95727619411954457
  A2                             =    114.05449030379806
  A3                             =    119.12845995430308
  A4                             =    109.82279443536139
  D3                             =   -154.93455457298157
  R21                            =    1.4824889450343297
  R22                            =    1.0802119475126160
  R23                            =    1.0804906189194796
  R24                            =    1.0985998808274102
  R25                            =    1.0901103262495957
  R26                            =    1.0914339850096295
  A22                            =    121.17953092538360
  A23                            =    120.66403144007707
  A24                            =    111.66901876204399
  A25                            =    111.74241388013469
  A26                            =    111.57208323327085
  D23                            =    172.72619863335038
  D25                            =    119.58481686128854
  D26                            =   -119.23490397502907
  ANG2                           =    79.606448678709782
  DH2                            =   -57.072369258941322
  DH3                            =    108.07294279516699
  D4                             =    175.02342533766566
  D24                            =   -93.034146962799710
  DH1                            =    104.41503319443545
  ANG1                           =    113.68556216069231
  BB                             =    3.9999998192233712
 
  SET,SPIN=           0
   basis=cc-pvtz
   {multi;closed,16;occ,18;wf, 34,1,0,;state,1;maxiter,40}
                                                                                ! Uncomment to guide creation of AS for MC sampling
                                                                                 ! (also needs uncommented lines in run.sh)
                                                                                 !ACTIVESPACE2_T
                                                                                 !ACTIVESPACE2
 
   RS2C,SHIFT=0.2
   CBSen = energy
  put,molden,molpro.molden
 Commands initialized (810), CPU time= 0.02 sec, 661 directives.
 Default parameters read. Elapsed time= 0.19 sec

 Checking input...
 Passed
1


                                         ***  PROGRAM SYSTEM MOLPRO  ***
                                       Copyright, TTI GmbH Stuttgart, 2015
                                    Version 2021.2 linked Jun  2 2021 00:13:23


 **********************************************************************************************************************************
 LABEL *                                                                                 
  64 bit mpp version                                                                     DATE: 20-Jun-24          TIME: 09:28:41  
 **********************************************************************************************************************************

 SHA1:             1987c3f1b0c3ae76932bc24993909f2d7ae6b1f1
 **********************************************************************************************************************************

 Memory per process:       400 MW
 Total memory per node:   1600 MW

 GA preallocation disabled
 GA check disabled

 Variable memory set to 400.0 MW

 ZSYMEL=NOSYM

 SETTING R1             =         1.35803031                                  
 SETTING R2             =         1.07768479                                  
 SETTING R3             =         1.08114439                                  
 SETTING R4             =         0.95727619                                  
 SETTING A2             =       114.05449030                                  
 SETTING A3             =       119.12845995                                  
 SETTING A4             =       109.82279444                                  
 SETTING D3             =      -154.93455457                                  
 SETTING R21            =         1.48248895                                  
 SETTING R22            =         1.08021195                                  
 SETTING R23            =         1.08049062                                  
 SETTING R24            =         1.09859988                                  
 SETTING R25            =         1.09011033                                  
 SETTING R26            =         1.09143399                                  
 SETTING A22            =       121.17953093                                  
 SETTING A23            =       120.66403144                                  
 SETTING A24            =       111.66901876                                  
 SETTING A25            =       111.74241388                                  
 SETTING A26            =       111.57208323                                  
 SETTING D23            =       172.72619863                                  
 SETTING D25            =       119.58481686                                  
 SETTING D26            =      -119.23490398                                  
 SETTING ANG2           =        79.60644868                                  
 SETTING DH2            =       -57.07236926                                  
 SETTING DH3            =       108.07294280                                  
 SETTING D4             =       175.02342534                                  
 SETTING D24            =       -93.03414696                                  
 SETTING DH1            =       104.41503319                                  
 SETTING ANG1           =       113.68556216                                  
 SETTING BB             =         3.99999982                                  
 SETTING SPIN           =     0.00000000D+00                                  
 SETTING BASIS          =    CC-PVTZ


 Recomputing integrals since basis changed


 Using spherical harmonics

 Library entry C      S cc-pVTZ              selected for orbital group  1
 Library entry C      P cc-pVTZ              selected for orbital group  1
 Library entry C      D cc-pVTZ              selected for orbital group  1
 Library entry C      F cc-pVTZ              selected for orbital group  1
 Library entry O      S cc-pVTZ              selected for orbital group  2
 Library entry O      P cc-pVTZ              selected for orbital group  2
 Library entry O      D cc-pVTZ              selected for orbital group  2
 Library entry O      F cc-pVTZ              selected for orbital group  2
 Library entry H      S cc-pVTZ              selected for orbital group  3
 Library entry H      P cc-pVTZ              selected for orbital group  3
 Library entry H      D cc-pVTZ              selected for orbital group  3


 PROGRAM * SEWARD (Integral evaluation for generally contracted gaussian basis sets)     Author: Roland Lindh, 1990

 Geometry written to block  1 of record 700

 Orientation using atomic masses  
 Molecule type: Asymmetric top
 Rotational constants:       1.6806622      1.7751478     12.8214209 GHz  (calculated with average atomic masses)

 Point group  C1  



 ATOMIC COORDINATES

 NR  ATOM    CHARGE       X              Y              Z

   1  C1      6.00    0.785049889   -1.048495647   -3.184078006
   2  O2      8.00   -0.510181981    0.798640266   -4.407346797
   3  H3      1.00    2.761364119   -0.637447623   -2.914499913
   4  H4      1.00    0.091724366   -2.968698169   -3.263096771
   5  H5      1.00   -2.208613364    0.256769361   -4.714187102
   6  C21     6.00   -0.531334852   -1.263000572    4.256227828
   7  C22     6.00    0.371913480    1.374319444    3.978600151
   8  H23     1.00    0.623407788   -2.686532328    5.154588448
   9  H24     1.00   -2.448647526   -1.764266514    3.764577721
  10  H25     1.00   -0.245727934    2.566805511    5.561790501
  11  H26     1.00    2.428742434    1.474700474    3.923651553
  12  H27     1.00   -0.359174437    2.249318695    2.259926333

 Bond lengths in Bohr (Angstrom)

 1-2  2.566305362  1-3  2.036529097  1-4  2.043066806  2-5  1.808989833  6-7  2.801498089
     ( 1.358030314)     ( 1.077684788)     ( 1.081144394)     ( 0.957276194)     ( 1.482488945)

  6- 8  2.041304737   6- 9  2.041831350   7-10  2.076052895   7-11  2.060009962   7-12  2.062511315
       ( 1.080211948)       ( 1.080490619)       ( 1.098599881)       ( 1.090110326)       ( 1.091433985)

 Bond angles

  1-2-5  109.82279444   2-1-3  114.05449030   2-1-4  119.12845995   3-1-4  121.61041356

  6- 7-10  111.66901876   6- 7-11  111.74241388   6- 7-12  111.57208323   7- 6- 8  121.17953093

  7- 6- 9  120.66403144   8- 6- 9  117.77225316  10- 7-11  106.82203649  10- 7-12  106.63811093

 11- 7-12  108.12058191

 NUCLEAR CHARGE:                   34
 NUMBER OF PRIMITIVE AOS:         324
 NUMBER OF SYMMETRY AOS:          296
 NUMBER OF CONTRACTIONS:          232   (  232A   )
 NUMBER OF INNER CORE ORBITALS:     0   (    0A   )
 NUMBER OF OUTER CORE ORBITALS:     4   (    4A   )
 NUMBER OF VALENCE ORBITALS:       24   (   24A   )


 NUCLEAR REPULSION ENERGY  107.56935238


 Eigenvalues of metric

         1 0.114E-02 0.129E-02 0.137E-02 0.144E-02 0.154E-02 0.168E-02 0.176E-02 0.189E-02


 Contracted 2-electron integrals neglected if value below      1.0D-11
 AO integral compression algorithm  1   Integral accuracy      1.0D-11

     875.561 MB (compressed) written to integral file ( 31.5%)

     Node minimum: 212.861 MB, node maximum: 226.492 MB


 NUMBER OF SORTED TWO-ELECTRON INTEGRALS:   91327612.     BUFFER LENGTH:  32768
 NUMBER OF SEGMENTS:   6  SEGMENT LENGTH:   15998348      RECORD LENGTH: 524288

 Memory used in sort:      16.56 MW

 SORT1 READ   347654253. AND WROTE    56614921. INTEGRALS IN    164 RECORDS. CPU TIME:     7.66 SEC, REAL TIME:     9.94 SEC
 SORT2 READ   226297264. AND WROTE   365269906. INTEGRALS IN   3456 RECORDS. CPU TIME:     1.52 SEC, REAL TIME:     2.87 SEC

 Node minimum:    91307341.  Node maximum:    91327612. integrals

 OPERATOR DM      FOR CENTER  0  COORDINATES:    0.000000    0.000000    0.000000


 **********************************************************************************************************************************
 DATASETS  * FILE   NREC   LENGTH (MB)   RECORD NAMES
              1      18       30.65       500      610      700      900      950      970     1000      129      960     1100   
                                          VAR    BASINP    GEOM    SYMINP    ZMAT    AOBASIS   BASIS     P2S    ABASIS      S 
                                         1400     1410     1200     1210     1080     1600     1650     1700   
                                           T        V       H0       H01     AOSYM     SMH    MOLCAS    OPER   

 PROGRAMS   *        TOTAL       INT
 CPU TIMES  *        13.48     13.29
 REAL TIME  *        18.55 SEC
 DISK USED  *        31.13 MB (local),        3.42 GB (total)
 GA USED    *         0.00 MB       (max)       0.00 MB       (current)
 **********************************************************************************************************************************

 PROGRAM * MULTI (Direct Multiconfiguration SCF)       Authors: P.J. Knowles, H.-J. Werner (1984)
                                                                D.A. Kreplin, P.J. Knowles, H.-J. Werner (2019)

 Number of closed-shell orbitals:  16 (  16 )
 Number of active  orbitals:        2 (   2 )
 Number of external orbitals:     214 ( 214 )

 State symmetry 1

 Number of active electrons:   2    Spin symmetry=Singlet   Space symmetry=1
 Number of states:             1
 Number of CSFs:               3   (4 determinants, 4 intermediate states)

 Orbital guess generated from atomic densities. Full valence occupancy:   28

 Wavefunction dump at record             2140.2

 Convergence thresholds  0.10E-04 (gradient)  0.10E-05 (energy)
 
 Number of orbital rotations:  3884  ( 32 closed/active, 3424 closed/virtual, 0 active/active, 428 active/virtual )
 Total number of variables:    3888
 
  Second-order MCSCF: L-BFGS accelerated
 
 ITER  MIC  NCI  NEG     ENERGY(VAR)    ENERGY(PROJ) ENERGY CHANGE       GRAD(0)  GRAD(ORB)   GRAD(CI)      STEP      TIME
   1   12    5    0   -193.01857899    -193.08083115   -0.06225217    0.39785983 0.00070008 0.00000000  0.16E+00      9.43
   2   12    6    0   -193.08128464    -193.08134912   -0.00006448    0.01423586 0.00000736 0.00000000  0.60E-02     21.12
   3   10    6    0   -193.08134921    -193.08134921   -0.00000000    0.00002992 0.00000000 0.00000000  0.15E-04     31.29

 CONVERGENCE REACHED!  Final gradient:    0.00000000 ( 0.23E-09)
                       Final energy:   -193.08134921
 
 First order charge density matrix for state 1.1 saved on record 2140.2 (density set 1)
 
 Results for state 1.1
 =====================
 !MCSCF STATE 1.1 Energy                      -193.081349206111
 Nuclear energy                                107.56935238
 Kinetic energy                                192.90877009
 One electron energy                          -474.71168454
 Two electron energy                           174.06098295
 Virial ratio                                    2.00089462
 
 !MCSCF STATE 1.1 Dipole moment                 -0.33813207    -0.43890787    -0.05129457
 Dipole moment /Debye                           -0.85944599    -1.11559253    -0.13037779
 
 No non-zero expectation values
 
 
 Natural orbital dump at molpro section 2140.2 (Orbital set 2)


 **********************************************************************************************************************************
 DATASETS  * FILE   NREC   LENGTH (MB)   RECORD NAMES
              1      19      136.95       500      610      700      900      950      970     1000      129      960     1100   
                                          VAR    BASINP    GEOM    SYMINP    ZMAT    AOBASIS   BASIS     P2S    ABASIS      S 
                                         1400     1410     1200     1210     1080     1600     1650     1700     1380   
                                           T        V       H0       H01     AOSYM     SMH    MOLCAS    OPER     JKOP   

              2       4        4.26       700     1000      520     2140   
                                         GEOM     BASIS   MCVARS    MCSCF   

 PROGRAMS   *        TOTAL     MULTI       INT
 CPU TIMES  *        42.34     28.86     13.29
 REAL TIME  *        58.79 SEC
 DISK USED  *       141.28 MB (local),        3.85 GB (total)
 SF USED    *       350.64 MB
 GA USED    *         0.00 MB       (max)       0.00 MB       (current)
 **********************************************************************************************************************************


 PROGRAM * RS2C (Multireference RS Perturbation Theory)     Authors: H.-J. Werner (1993), P. Celani (1998)


 Level shift= 0.20

 Convergence thresholds:  THRVAR = 1.00D-06  THRDEN = 1.00D-06

 Number of optimized states: 1  Roots:    1
 Number of reference states: 1  Roots:    1

 Using rs2c

 Reference symmetry:                   1   Singlet 
 Number of electrons:                 34
 Maximum number of shells:             3
 Maximum number of spin couplings:     2

 Reference space:        3 conf        3 CSFs
 N elec internal:        3 conf        3 CSFs
 N-1 el internal:        2 conf        2 CSFs
 N-2 el internal:        1 conf        1 CSFs

 Number of electrons in valence space:                     26
 Maximum number of open shell orbitals in reference space:  2
 Maximum number of open shell orbitals in internal spaces:  4


 Number of core orbitals:           4 (   4 )
 Number of closed-shell orbitals:  12 (  12 )
 Number of active  orbitals:        2 (   2 )
 Number of external orbitals:     214 ( 214 )

 Molecular orbitals read from record     2140.2  Type=MCSCF/NATURAL (state 1.1)

 Integral transformation finished. Total CPU:   4.09 sec, npass=  1  Memory used:  10.52 MW

 Number of p-space configurations:   3

 Reference wavefunction optimized for reference space (refopt=1)

 State     Reference Energy 
     1      -193.08134921

 Number of blocks in overlap matrix:     2   Smallest eigenvalue:  0.10D+01
 Number of N-2 electron functions:     193
 Number of N-1 electron functions:       2

 Number of internal configurations:                    3
 Number of singly external configurations:           428
 Number of doubly external configurations:       4420705
 Total number of contracted configurations:      4421136
 Total number of uncontracted configurations:      23436

 Weight factors for SA-density in H0:    1.000000

 FIMAX=  0.25D-01  FXMAX=  0.50D-11  DIAG=  F  T  NOREF=1  NOINT=0  IHPPD=2

 Nuclear energy:                     107.56935238
 Core energy:                       -199.28525304
 Zeroth-order valence energy:        -17.53144819
 Zeroth-order total energy:         -109.24734884
 First-order energy:                 -83.83400036


 Using contracted singles

 Number of contracted N-1 electron functions:        336
 Number of contracted internal configurations:         1


 Diagonal Coupling coefficients finished.               Storage:   19991 words, CPU-Time:      0.00 seconds.
 Energy denominators for pairs finished in 0 passes.    Storage:  110563 words, CPU-time:      0.00 seconds.

 A level shift of 0.20 is applied.

  ITER. STATE  ROOT     SQ.NORM     CORR.ENERGY   TOTAL ENERGY   ENERGY CHANGE       DEN1      VAR(S)    VAR(P)      TIME
    1     1     1     1.01963406    -0.00392681  -193.08527602    -0.00392681    -0.70649058  0.20D-01  0.17D+00     5.53
    2     1     1     1.19048786    -0.74430272  -193.82565193    -0.74037591     0.00014091  0.35D-04  0.19D-04     6.33
    3     1     1     1.19047971    -0.74441085  -193.82576006    -0.00010813    -0.00007505  0.71D-06  0.84D-07     7.08
    4     1     1     1.19051405    -0.74441822  -193.82576743    -0.00000737     0.00000104  0.45D-08  0.24D-08     7.94
    5     1     1     1.19051464    -0.74441867  -193.82576788    -0.00000045    -0.00000078  0.29D-09  0.17D-10     8.70

 Energies without level shift correction:

    5     1     1     1.19051464    -0.70631575  -193.78766495

 Energy contributions for state 1.1:
 ===================================

            Energy contr.      SQ.Norm of FOWF
 Space I0     0.00000000          0.00000000
 Space I1     0.00000000          0.00002180
 Space I2    -0.00004414          0.00003168
 Space S0     0.00000000          0.00000605
 Space S1    -0.01516582          0.00825963
 Space S2    -0.02713155          0.01129782
 Space P0    -0.00984684          0.00151507
 Space P1    -0.15054798          0.03170669
 Space P2    -0.50357943          0.13767589


 RESULTS FOR STATE 1.1
 =====================


 Reference energy                    -193.08134921
 Nuclear energy                       107.56935238
 Correlation energy                    -0.74441867
 !RSPT2 STATE 1.1 Energy             -193.825767879781


 **********************************************************************************************************************************
 DATASETS  * FILE   NREC   LENGTH (MB)   RECORD NAMES
              1      19      136.95       500      610      700      900      950      970     1000      129      960     1100   
                                          VAR    BASINP    GEOM    SYMINP    ZMAT    AOBASIS   BASIS     P2S    ABASIS      S 
                                         1400     1410     1200     1210     1080     1600     1650     1700     1380   
                                           T        V       H0       H01     AOSYM     SMH    MOLCAS    OPER     JKOP   

              2       4        4.26       700     1000      520     2140   
                                         GEOM     BASIS   MCVARS    MCSCF   

 PROGRAMS   *        TOTAL      RS2C     MULTI       INT
 CPU TIMES  *        51.10      8.75     28.86     13.29
 REAL TIME  *        71.35 SEC
 DISK USED  *       141.28 MB (local),        3.85 GB (total)
 SF USED    *       446.72 MB
 GA USED    *         0.00 MB       (max)       0.00 MB       (current)
 **********************************************************************************************************************************
 SETTING CBSEN          =      -193.82576788  AU                              

 Dump information in style MOLDEN to molpro.molden                                                                   

 Molecular orbitals read from record     2140.2  Type=MCSCF/NATURAL (state 1.1)
 Occupation numbers read from record     2140.2  Type=MCSCF/NATURAL (state 1.1)
 Orbital energies read from record       2140.2  Type=MCSCF/NATURAL (state 1.1)
 Redundancy group numbers read from rec  2140.2  Type=MCSCF/NATURAL (state 1.1)

 DUMP ORBITAL  1.1 AS ORBITAL    1  occ=    2.0000  eig=  -20.5773  GROUP=   0
 DUMP ORBITAL  2.1 AS ORBITAL    2  occ=    2.0000  eig=  -11.2639  GROUP=   0
 DUMP ORBITAL  3.1 AS ORBITAL    3  occ=    2.0000  eig=  -11.2143  GROUP=   0
 DUMP ORBITAL  4.1 AS ORBITAL    4  occ=    2.0000  eig=  -11.2127  GROUP=   0
 DUMP ORBITAL  5.1 AS ORBITAL    5  occ=    2.0000  eig=   -1.3886  GROUP=   0
 DUMP ORBITAL  6.1 AS ORBITAL    6  occ=    2.0000  eig=   -1.0054  GROUP=   0
 DUMP ORBITAL  7.1 AS ORBITAL    7  occ=    2.0000  eig=   -0.8859  GROUP=   0
 DUMP ORBITAL  8.1 AS ORBITAL    8  occ=    2.0000  eig=   -0.8103  GROUP=   0
 DUMP ORBITAL  9.1 AS ORBITAL    9  occ=    2.0000  eig=   -0.7112  GROUP=   0
 DUMP ORBITAL 10.1 AS ORBITAL   10  occ=    2.0000  eig=   -0.6212  GROUP=   0
 DUMP ORBITAL 11.1 AS ORBITAL   11  occ=    2.0000  eig=   -0.6095  GROUP=   0
 DUMP ORBITAL 12.1 AS ORBITAL   12  occ=    2.0000  eig=   -0.5580  GROUP=   0
 DUMP ORBITAL 13.1 AS ORBITAL   13  occ=    2.0000  eig=   -0.5491  GROUP=   0
 DUMP ORBITAL 14.1 AS ORBITAL   14  occ=    2.0000  eig=   -0.5329  GROUP=   0
 DUMP ORBITAL 15.1 AS ORBITAL   15  occ=    2.0000  eig=   -0.5176  GROUP=   0
 DUMP ORBITAL 16.1 AS ORBITAL   16  occ=    2.0000  eig=   -0.4966  GROUP=   0
 DUMP ORBITAL 17.1 AS ORBITAL   17  occ=    1.1125  eig=   -0.0961  GROUP=   0
 DUMP ORBITAL 18.1 AS ORBITAL   18  occ=    0.8875  eig=   -0.0583  GROUP=   0

 Total charge:      34.000000

 **********************************************************************************************************************************

 RS2C/cc-pVTZ energy=   -193.825767879781

            RS2C           MULTI
   -193.82576788   -193.08134921
 **********************************************************************************************************************************
 Molpro calculation terminated
