
 Working directory              : /scratch/mdt/206687/molpro.nPctA8RS6Z/
 Global scratch directory       : /scratch/mdt/206687/molpro.nPctA8RS6Z/
 Wavefunction directory         : /home/chimica2/mditeodoro/wfu/
 Main file repository           : /scratch/mdt/206687/molpro.nPctA8RS6Z/

 id        : polimi

 Nodes     nprocs
 node-5-15    4
 GA implementation: MPI file
 GA implementation (serial work in mppx): MPI file

 Using customized tuning parameters: mindgm=1; mindgv=20; mindgc=4; mindgr=1; noblas=0; minvec=7
 default implementation of scratch files=sf  


 Variables initialized (1009), CPU time= 0.01 sec
  memory,         400 ,m
   nosym
  geometry={angstrom
    C1
    O2   C1   R1
    H3   C1   R2   O2   A2
    H4   C1   R3   O2   A3   H3   D3
    H5   O2   R4   C1   A4   H3   D4
    C21 C1 BB O2 ANG1 H3 DH1
    C22 C21 R21 C1 ANG2 O2 DH2
    H23 C21 R22 C22 A22 C1 DH3
    H24 C21 R23 C22 A23 H23 D23
    H25 C22 R24 C21 A24 H23 D24
    H26 C22 R25 C21 A25 H25 D25
    H27 C22 R26 C21 A26 H25 D26
  }
  R1                             =    1.3567000000000000
  R2                             =    1.0783000000000000
  R3                             =    1.0822000000000001
  R4                             =   0.95720000000000005
  A2                             =    113.51200000000000
  A3                             =    118.64300000000000
  A4                             =    109.75770000000000
  D3                             =    210.59680000000000
  R21                            =    1.4855000000000000
  R22                            =    1.0810000000000000
  R23                            =    1.0803000000000000
  R24                            =    1.0984000000000000
  R25                            =    1.0911000000000000
  R26                            =    1.0906000000000000
  A22                            =    119.88849999999999
  A23                            =    120.15610000000000
  A24                            =    111.67370000000000
  A25                            =    111.71410000000000
  A26                            =    111.64670000000000
  D23                            =    159.54210000000000
  D25                            =    119.32620000000000
  D26                            =    240.54329999999999
  ANG2                           =    101.43810000000001
  DH2                            =    191.52130000000000
  DH3                            =    102.33480000000000
  D4                             =    176.59690000000001
  D24                            =    281.77920000000000
  DH1                            =    104.41450000000000
  ANG1                           =    113.68590000000000
  BB                             =    3.0000000000000000
 
  SET,SPIN=           0
   basis=cc-pvtz
   {multi;closed,16;occ,18;wf, 34,1,0,;state,1;maxiter,40}
                                                                                ! Uncomment to guide creation of AS for MC sampling
                                                                                 ! (also needs uncommented lines in run.sh)
                                                                                 !ACTIVESPACE2_T
                                                                                 !ACTIVESPACE2
 
   RS2C,SHIFT=0.2
   CBSen = energy
  put,molden,molpro.molden
 Commands initialized (810), CPU time= 0.02 sec, 661 directives.
 Default parameters read. Elapsed time= 0.18 sec

 Checking input...
 Passed
1


                                         ***  PROGRAM SYSTEM MOLPRO  ***
                                       Copyright, TTI GmbH Stuttgart, 2015
                                    Version 2021.2 linked Jun  2 2021 00:13:23


 **********************************************************************************************************************************
 LABEL *                                                                                 
  64 bit mpp version                                                                     DATE: 20-Jun-24          TIME: 09:28:41  
 **********************************************************************************************************************************

 SHA1:             1987c3f1b0c3ae76932bc24993909f2d7ae6b1f1
 **********************************************************************************************************************************

 Memory per process:       400 MW
 Total memory per node:   1600 MW

 GA preallocation disabled
 GA check disabled

 Variable memory set to 400.0 MW

 ZSYMEL=NOSYM

 SETTING R1             =         1.35670000                                  
 SETTING R2             =         1.07830000                                  
 SETTING R3             =         1.08220000                                  
 SETTING R4             =         0.95720000                                  
 SETTING A2             =       113.51200000                                  
 SETTING A3             =       118.64300000                                  
 SETTING A4             =       109.75770000                                  
 SETTING D3             =       210.59680000                                  
 SETTING R21            =         1.48550000                                  
 SETTING R22            =         1.08100000                                  
 SETTING R23            =         1.08030000                                  
 SETTING R24            =         1.09840000                                  
 SETTING R25            =         1.09110000                                  
 SETTING R26            =         1.09060000                                  
 SETTING A22            =       119.88850000                                  
 SETTING A23            =       120.15610000                                  
 SETTING A24            =       111.67370000                                  
 SETTING A25            =       111.71410000                                  
 SETTING A26            =       111.64670000                                  
 SETTING D23            =       159.54210000                                  
 SETTING D25            =       119.32620000                                  
 SETTING D26            =       240.54330000                                  
 SETTING ANG2           =       101.43810000                                  
 SETTING DH2            =       191.52130000                                  
 SETTING DH3            =       102.33480000                                  
 SETTING D4             =       176.59690000                                  
 SETTING D24            =       281.77920000                                  
 SETTING DH1            =       104.41450000                                  
 SETTING ANG1           =       113.68590000                                  
 SETTING BB             =         3.00000000                                  
 SETTING SPIN           =     0.00000000D+00                                  
 SETTING BASIS          =    CC-PVTZ


 Recomputing integrals since basis changed


 Using spherical harmonics

 Library entry C      S cc-pVTZ              selected for orbital group  1
 Library entry C      P cc-pVTZ              selected for orbital group  1
 Library entry C      D cc-pVTZ              selected for orbital group  1
 Library entry C      F cc-pVTZ              selected for orbital group  1
 Library entry O      S cc-pVTZ              selected for orbital group  2
 Library entry O      P cc-pVTZ              selected for orbital group  2
 Library entry O      D cc-pVTZ              selected for orbital group  2
 Library entry O      F cc-pVTZ              selected for orbital group  2
 Library entry H      S cc-pVTZ              selected for orbital group  3
 Library entry H      P cc-pVTZ              selected for orbital group  3
 Library entry H      D cc-pVTZ              selected for orbital group  3


 PROGRAM * SEWARD (Integral evaluation for generally contracted gaussian basis sets)     Author: Roland Lindh, 1990

 Geometry written to block  1 of record 700

 Orientation using atomic masses  
 Molecule type: Asymmetric top
 Rotational constants:       2.1773386      2.0308783     17.7565517 GHz  (calculated with average atomic masses)

 Point group  C1  



 ATOMIC COORDINATES

 NR  ATOM    CHARGE       X              Y              Z

   1  C1      6.00   -1.126378810   -0.148277335    2.340911299
   2  O2      8.00    0.474451791    0.207248506    4.311690149
   3  H3      1.00   -2.260592519    1.488650447    1.909386001
   4  H4      1.00   -1.864832054   -2.025381022    2.004094504
   5  H5      1.00    1.354863286   -1.331798074    4.669648976
   6  C21     6.00    1.432129286   -0.053137172   -2.717207730
   7  C22     6.00   -0.770593008    0.070608013   -4.453009267
   8  H23     1.00    2.414053669   -1.823378096   -2.443202876
   9  H24     1.00    2.442911294    1.649411507   -2.219963207
  10  H25     1.00   -0.177211261    0.138908800   -6.440887668
  11  H26     1.00   -1.989668215   -1.580741099   -4.257429097
  12  H27     1.00   -1.911428819    1.753336654   -4.114819477

 Bond lengths in Bohr (Angstrom)

 1-2  2.563791433  1-3  2.037691680  1-4  2.045061612  2-5  1.808845846  6-7  2.807188158
     ( 1.356700000)     ( 1.078300000)     ( 1.082200000)     ( 0.957200000)     ( 1.485500000)

  6- 8  2.042793941   6- 9  2.041471132   7-10  2.075675175   7-11  2.061880175   7-12  2.060935312
       ( 1.081000000)       ( 1.080300000)       ( 1.098400000)       ( 1.091100000)       ( 1.090600000)

 Bond angles

  1-2-5  109.75770000   2-1-3  113.51200000   2-1-4  118.64300000   3-1-4  120.09803487

  6- 7-10  111.67370000   6- 7-11  111.71410000   6- 7-12  111.64670000   7- 6- 8  119.88850000

  7- 6- 9  120.15610000   8- 6- 9  116.87491833  10- 7-11  106.63168317  10- 7-12  106.77020323

 11- 7-12  108.12377093

 NUCLEAR CHARGE:                   34
 NUMBER OF PRIMITIVE AOS:         324
 NUMBER OF SYMMETRY AOS:          296
 NUMBER OF CONTRACTIONS:          232   (  232A   )
 NUMBER OF INNER CORE ORBITALS:     0   (    0A   )
 NUMBER OF OUTER CORE ORBITALS:     4   (    4A   )
 NUMBER OF VALENCE ORBITALS:       24   (   24A   )


 NUCLEAR REPULSION ENERGY  112.68170819


 Eigenvalues of metric

         1 0.110E-02 0.124E-02 0.136E-02 0.140E-02 0.156E-02 0.160E-02 0.166E-02 0.176E-02


 Contracted 2-electron integrals neglected if value below      1.0D-11
 AO integral compression algorithm  1   Integral accuracy      1.0D-11

     1008.468 MB (compressed) written to integral file ( 34.5%)

     Node minimum: 212.074 MB, node maximum: 273.416 MB


 NUMBER OF SORTED TWO-ELECTRON INTEGRALS:   91327612.     BUFFER LENGTH:  32768
 NUMBER OF SEGMENTS:   6  SEGMENT LENGTH:   15998348      RECORD LENGTH: 524288

 Memory used in sort:      16.56 MW

 SORT1 READ   365626324. AND WROTE    64831967. INTEGRALS IN    189 RECORDS. CPU TIME:     7.59 SEC, REAL TIME:     9.65 SEC
 SORT2 READ   259517186. AND WROTE   365269906. INTEGRALS IN   4172 RECORDS. CPU TIME:     1.54 SEC, REAL TIME:     3.14 SEC

 Node minimum:    91307341.  Node maximum:    91327612. integrals

 OPERATOR DM      FOR CENTER  0  COORDINATES:    0.000000    0.000000    0.000000


 **********************************************************************************************************************************
 DATASETS  * FILE   NREC   LENGTH (MB)   RECORD NAMES
              1      18       30.65       500      610      700      900      950      970     1000      129      960     1100   
                                          VAR    BASINP    GEOM    SYMINP    ZMAT    AOBASIS   BASIS     P2S    ABASIS      S 
                                         1400     1410     1200     1210     1080     1600     1650     1700   
                                           T        V       H0       H01     AOSYM     SMH    MOLCAS    OPER   

 PROGRAMS   *        TOTAL       INT
 CPU TIMES  *        13.72     13.49
 REAL TIME  *        18.85 SEC
 DISK USED  *        31.13 MB (local),        3.96 GB (total)
 GA USED    *         0.00 MB       (max)       0.00 MB       (current)
 **********************************************************************************************************************************

 PROGRAM * MULTI (Direct Multiconfiguration SCF)       Authors: P.J. Knowles, H.-J. Werner (1984)
                                                                D.A. Kreplin, P.J. Knowles, H.-J. Werner (2019)

 Number of closed-shell orbitals:  16 (  16 )
 Number of active  orbitals:        2 (   2 )
 Number of external orbitals:     214 ( 214 )

 State symmetry 1

 Number of active electrons:   2    Spin symmetry=Singlet   Space symmetry=1
 Number of states:             1
 Number of CSFs:               3   (4 determinants, 4 intermediate states)

 Orbital guess generated from atomic densities. Full valence occupancy:   28

 Wavefunction dump at record             2140.2

 Convergence thresholds  0.10E-04 (gradient)  0.10E-05 (energy)
 
 Number of orbital rotations:  3884  ( 32 closed/active, 3424 closed/virtual, 0 active/active, 428 active/virtual )
 Total number of variables:    3888
 
  Second-order MCSCF: L-BFGS accelerated
 
 ITER  MIC  NCI  NEG     ENERGY(VAR)    ENERGY(PROJ) ENERGY CHANGE       GRAD(0)  GRAD(ORB)   GRAD(CI)      STEP      TIME
   1   15    6    0   -193.02438289    -193.09000385   -0.06562096    0.40577458 0.00077652 0.00000000  0.19E+00     10.61
   2   15    7    0   -193.09073380    -193.09083292   -0.00009911    0.01737075 0.00001680 0.00000000  0.82E-02     22.20
   3   14    7    0   -193.09083308    -193.09083308   -0.00000000    0.00004483 0.00000000 0.00000000  0.25E-04     32.95

 CONVERGENCE REACHED!  Final gradient:    0.00000000 ( 0.50E-09)
                       Final energy:   -193.09083308
 
 First order charge density matrix for state 1.1 saved on record 2140.2 (density set 1)
 
 Results for state 1.1
 =====================
 !MCSCF STATE 1.1 Energy                      -193.090833079765
 Nuclear energy                                112.68170819
 Kinetic energy                                192.85475847
 One electron energy                          -484.95434672
 Two electron energy                           179.18180545
 Virial ratio                                    2.00122411
 
 !MCSCF STATE 1.1 Dipole moment                 -0.05294851    -0.58171978    -0.12335196
 Dipole moment /Debye                           -0.13458170    -1.47858421    -0.31352940
 
 No non-zero expectation values
 
 
 Natural orbital dump at molpro section 2140.2 (Orbital set 2)


 **********************************************************************************************************************************
 DATASETS  * FILE   NREC   LENGTH (MB)   RECORD NAMES
              1      19      136.95       500      610      700      900      950      970     1000      129      960     1100   
                                          VAR    BASINP    GEOM    SYMINP    ZMAT    AOBASIS   BASIS     P2S    ABASIS      S 
                                         1400     1410     1200     1210     1080     1600     1650     1700     1380   
                                           T        V       H0       H01     AOSYM     SMH    MOLCAS    OPER     JKOP   

              2       4        4.26       700     1000      520     2140   
                                         GEOM     BASIS   MCVARS    MCSCF   

 PROGRAMS   *        TOTAL     MULTI       INT
 CPU TIMES  *        42.65     28.93     13.49
 REAL TIME  *        60.74 SEC
 DISK USED  *       141.28 MB (local),        4.39 GB (total)
 SF USED    *       350.64 MB
 GA USED    *         0.00 MB       (max)       0.00 MB       (current)
 **********************************************************************************************************************************


 PROGRAM * RS2C (Multireference RS Perturbation Theory)     Authors: H.-J. Werner (1993), P. Celani (1998)


 Level shift= 0.20

 Convergence thresholds:  THRVAR = 1.00D-06  THRDEN = 1.00D-06

 Number of optimized states: 1  Roots:    1
 Number of reference states: 1  Roots:    1

 Using rs2c

 Reference symmetry:                   1   Singlet 
 Number of electrons:                 34
 Maximum number of shells:             3
 Maximum number of spin couplings:     2

 Reference space:        3 conf        3 CSFs
 N elec internal:        3 conf        3 CSFs
 N-1 el internal:        2 conf        2 CSFs
 N-2 el internal:        1 conf        1 CSFs

 Number of electrons in valence space:                     26
 Maximum number of open shell orbitals in reference space:  2
 Maximum number of open shell orbitals in internal spaces:  4


 Number of core orbitals:           4 (   4 )
 Number of closed-shell orbitals:  12 (  12 )
 Number of active  orbitals:        2 (   2 )
 Number of external orbitals:     214 ( 214 )

 Molecular orbitals read from record     2140.2  Type=MCSCF/NATURAL (state 1.1)

 Integral transformation finished. Total CPU:   4.06 sec, npass=  1  Memory used:  10.52 MW

 Number of p-space configurations:   3

 Reference wavefunction optimized for reference space (refopt=1)

 State     Reference Energy 
     1      -193.09083308

 Number of blocks in overlap matrix:     2   Smallest eigenvalue:  0.10D+01
 Number of N-2 electron functions:     193
 Number of N-1 electron functions:       2

 Number of internal configurations:                    3
 Number of singly external configurations:           428
 Number of doubly external configurations:       4420705
 Total number of contracted configurations:      4421136
 Total number of uncontracted configurations:      23436

 Weight factors for SA-density in H0:    1.000000

 FIMAX=  0.34D-01  FXMAX=  0.22D-11  DIAG=  F  T  NOREF=1  NOINT=0  IHPPD=2

 Nuclear energy:                     112.68170819
 Core energy:                       -201.54127196
 Zeroth-order valence energy:        -17.59094419
 Zeroth-order total energy:         -106.45050796
 First-order energy:                 -86.64032512


 Using contracted singles

 Number of contracted N-1 electron functions:        336
 Number of contracted internal configurations:         1


 Diagonal Coupling coefficients finished.               Storage:   19991 words, CPU-Time:      0.01 seconds.
 Energy denominators for pairs finished in 0 passes.    Storage:  110563 words, CPU-time:      0.00 seconds.

 A level shift of 0.20 is applied.

  ITER. STATE  ROOT     SQ.NORM     CORR.ENERGY   TOTAL ENERGY   ENERGY CHANGE       DEN1      VAR(S)    VAR(P)      TIME
    1     1     1     1.02157208    -0.00431442  -193.09514750    -0.00431442    -0.70773193  0.22D-01  0.17D+00     5.57
    2     1     1     1.19148403    -0.74625901  -193.83709209    -0.74194459     0.00010586  0.43D-04  0.31D-04     6.35
    3     1     1     1.19156626    -0.74643770  -193.83727078    -0.00017869    -0.00012675  0.23D-05  0.10D-06     7.26
    4     1     1     1.19160219    -0.74644912  -193.83728220    -0.00001142     0.00000086  0.85D-08  0.50D-08     8.07
    5     1     1     1.19160371    -0.74644985  -193.83728293    -0.00000073    -0.00000121  0.54D-09  0.41D-10     8.91

 Energies without level shift correction:

    5     1     1     1.19160371    -0.70812911  -193.79896219

 Energy contributions for state 1.1:
 ===================================

            Energy contr.      SQ.Norm of FOWF
 Space I0     0.00000000          0.00000000
 Space I1    -0.00000001          0.00001965
 Space I2    -0.00049470          0.00032496
 Space S0    -0.00000000          0.00000938
 Space S1    -0.01935126          0.01079496
 Space S2    -0.02638686          0.01074983
 Space P0    -0.00983506          0.00151202
 Space P1    -0.13552617          0.02810385
 Space P2    -0.51653504          0.14008906


 RESULTS FOR STATE 1.1
 =====================


 Reference energy                    -193.09083308
 Nuclear energy                       112.68170819
 Correlation energy                    -0.74644985
 !RSPT2 STATE 1.1 Energy             -193.837282929620


 **********************************************************************************************************************************
 DATASETS  * FILE   NREC   LENGTH (MB)   RECORD NAMES
              1      19      136.95       500      610      700      900      950      970     1000      129      960     1100   
                                          VAR    BASINP    GEOM    SYMINP    ZMAT    AOBASIS   BASIS     P2S    ABASIS      S 
                                         1400     1410     1200     1210     1080     1600     1650     1700     1380   
                                           T        V       H0       H01     AOSYM     SMH    MOLCAS    OPER     JKOP   

              2       4        4.26       700     1000      520     2140   
                                         GEOM     BASIS   MCVARS    MCSCF   

 PROGRAMS   *        TOTAL      RS2C     MULTI       INT
 CPU TIMES  *        51.62      8.97     28.93     13.49
 REAL TIME  *        73.75 SEC
 DISK USED  *       141.28 MB (local),        4.39 GB (total)
 SF USED    *       447.07 MB
 GA USED    *         0.00 MB       (max)       0.00 MB       (current)
 **********************************************************************************************************************************
 SETTING CBSEN          =      -193.83728293  AU                              

 Dump information in style MOLDEN to molpro.molden                                                                   

 Molecular orbitals read from record     2140.2  Type=MCSCF/NATURAL (state 1.1)
 Occupation numbers read from record     2140.2  Type=MCSCF/NATURAL (state 1.1)
 Orbital energies read from record       2140.2  Type=MCSCF/NATURAL (state 1.1)
 Redundancy group numbers read from rec  2140.2  Type=MCSCF/NATURAL (state 1.1)

 DUMP ORBITAL  1.1 AS ORBITAL    1  occ=    2.0000  eig=  -20.5742  GROUP=   0
 DUMP ORBITAL  2.1 AS ORBITAL    2  occ=    2.0000  eig=  -11.2701  GROUP=   0
 DUMP ORBITAL  3.1 AS ORBITAL    3  occ=    2.0000  eig=  -11.2176  GROUP=   0
 DUMP ORBITAL  4.1 AS ORBITAL    4  occ=    2.0000  eig=  -11.2152  GROUP=   0
 DUMP ORBITAL  5.1 AS ORBITAL    5  occ=    2.0000  eig=   -1.3873  GROUP=   0
 DUMP ORBITAL  6.1 AS ORBITAL    6  occ=    2.0000  eig=   -1.0066  GROUP=   0
 DUMP ORBITAL  7.1 AS ORBITAL    7  occ=    2.0000  eig=   -0.8854  GROUP=   0
 DUMP ORBITAL  8.1 AS ORBITAL    8  occ=    2.0000  eig=   -0.8103  GROUP=   0
 DUMP ORBITAL  9.1 AS ORBITAL    9  occ=    2.0000  eig=   -0.7085  GROUP=   0
 DUMP ORBITAL 10.1 AS ORBITAL   10  occ=    2.0000  eig=   -0.6202  GROUP=   0
 DUMP ORBITAL 11.1 AS ORBITAL   11  occ=    2.0000  eig=   -0.6084  GROUP=   0
 DUMP ORBITAL 12.1 AS ORBITAL   12  occ=    2.0000  eig=   -0.5575  GROUP=   0
 DUMP ORBITAL 13.1 AS ORBITAL   13  occ=    2.0000  eig=   -0.5521  GROUP=   0
 DUMP ORBITAL 14.1 AS ORBITAL   14  occ=    2.0000  eig=   -0.5311  GROUP=   0
 DUMP ORBITAL 15.1 AS ORBITAL   15  occ=    2.0000  eig=   -0.5116  GROUP=   0
 DUMP ORBITAL 16.1 AS ORBITAL   16  occ=    2.0000  eig=   -0.4968  GROUP=   0
 DUMP ORBITAL 17.1 AS ORBITAL   17  occ=    1.4971  eig=   -0.1692  GROUP=   0
 DUMP ORBITAL 18.1 AS ORBITAL   18  occ=    0.5029  eig=    0.0280  GROUP=   0

 Total charge:      34.000000

 **********************************************************************************************************************************

 RS2C/cc-pVTZ energy=   -193.837282929620

            RS2C           MULTI
   -193.83728293   -193.09083308
 **********************************************************************************************************************************
 Molpro calculation terminated
