
 Working directory              : /scratch/mdt/206693/molpro.njChY5vtoM/
 Global scratch directory       : /scratch/mdt/206693/molpro.njChY5vtoM/
 Wavefunction directory         : /home/chimica2/mditeodoro/wfu/
 Main file repository           : /scratch/mdt/206693/molpro.njChY5vtoM/

 id        : polimi

 Nodes     nprocs
 node-5-10    4
 GA implementation: MPI file
 GA implementation (serial work in mppx): MPI file

 Using customized tuning parameters: mindgm=1; mindgv=20; mindgc=4; mindgr=1; noblas=0; minvec=7
 default implementation of scratch files=sf  


 Variables initialized (1009), CPU time= 0.01 sec
  memory,         400 ,m
   nosym
  geometry={angstrom
   C1
   O2   C1   R1
   H3   C1   R2   O2   A2
   H4   C1   R3   O2   A3   H3   D3
   H5   O2   R4   C1   A4   H3   D4
    C21         1 rts    2 aabs1    3 babs1
    C22     C21     R21         1 aabs2    2 babs2
    H23     C21     R22     C22     A22         1 babs3
   H24 C21 R23 C22 A23 H23 D23
   H25 C22 R24 C21 A24 H23 D24
   H26 C22 R25 C21 A25 H25 D25
   H27 C22 R26 C21 A26 H25 D26
  }
  BABS3                          =    95.721999999999994
  BABS2                          =    191.61529999999999
  AABS2                          =    98.594999999999999
  BABS1                          =    102.34340000000000
  AABS1                          =    112.59880000000000
  A3                             =    113.97029999999999
  A4                             =    109.88360000000000
  D3                             =    205.76689999999999
  D4                             =    339.04120000000000
  R21                            =    1.4819000000000000
  R22                            =    1.0804000000000000
  R23                            =    1.0803000000000000
  R24                            =    1.0909000000000000
  R25                            =    1.0987000000000000
  R26                            =    1.0910000000000000
  A22                            =    120.89319999999999
  A23                            =    120.89440000000000
  A24                            =    111.78030000000000
  A25                            =    111.64879999999999
  A26                            =    111.78090000000000
  D23                            =    172.00590000000000
  D25                            =    119.20900000000000
  D26                            =    238.39590000000001
  D24                            =    155.14490000000001
  A2                             =    119.05850000000000
  R4                             =   0.95730000000000004
  R3                             =    1.0779000000000001
  R2                             =    1.0817000000000001
  R1                             =    1.3574999999999999
  RTS                            =    10.000000000000000
 
  SET,SPIN=           0
   basis=cc-pvtz
   {multi;closed,16;occ,18;wf, 34,1,0,;state,1;maxiter,40}
                                                                                ! Uncomment to guide creation of AS for MC sampling
                                                                                 ! (also needs uncommented lines in run.sh)
                                                                                 !ACTIVESPACE2_T
                                                                                 !ACTIVESPACE2
 
   RS2C,SHIFT=0.2
   CBSen = energy
  put,molden,molpro.molden
 Commands initialized (810), CPU time= 0.01 sec, 661 directives.
 Default parameters read. Elapsed time= 0.21 sec

 Checking input...
 Passed
1


                                         ***  PROGRAM SYSTEM MOLPRO  ***
                                       Copyright, TTI GmbH Stuttgart, 2015
                                    Version 2021.2 linked Jun  2 2021 00:13:23


 **********************************************************************************************************************************
 LABEL *                                                                                 
  64 bit mpp version                                                                     DATE: 20-Jun-24          TIME: 09:29:41  
 **********************************************************************************************************************************

 SHA1:             1987c3f1b0c3ae76932bc24993909f2d7ae6b1f1
 **********************************************************************************************************************************

 Memory per process:       400 MW
 Total memory per node:   1600 MW

 GA preallocation disabled
 GA check disabled

 Variable memory set to 400.0 MW

 ZSYMEL=NOSYM

 SETTING BABS3          =        95.72200000                                  
 SETTING BABS2          =       191.61530000                                  
 SETTING AABS2          =        98.59500000                                  
 SETTING BABS1          =       102.34340000                                  
 SETTING AABS1          =       112.59880000                                  
 SETTING A3             =       113.97030000                                  
 SETTING A4             =       109.88360000                                  
 SETTING D3             =       205.76690000                                  
 SETTING D4             =       339.04120000                                  
 SETTING R21            =         1.48190000                                  
 SETTING R22            =         1.08040000                                  
 SETTING R23            =         1.08030000                                  
 SETTING R24            =         1.09090000                                  
 SETTING R25            =         1.09870000                                  
 SETTING R26            =         1.09100000                                  
 SETTING A22            =       120.89320000                                  
 SETTING A23            =       120.89440000                                  
 SETTING A24            =       111.78030000                                  
 SETTING A25            =       111.64880000                                  
 SETTING A26            =       111.78090000                                  
 SETTING D23            =       172.00590000                                  
 SETTING D25            =       119.20900000                                  
 SETTING D26            =       238.39590000                                  
 SETTING D24            =       155.14490000                                  
 SETTING A2             =       119.05850000                                  
 SETTING R4             =         0.95730000                                  
 SETTING R3             =         1.07790000                                  
 SETTING R2             =         1.08170000                                  
 SETTING R1             =         1.35750000                                  
 SETTING RTS            =        10.00000000                                  
 SETTING SPIN           =     0.00000000D+00                                  
 SETTING BASIS          =    CC-PVTZ


 Recomputing integrals since basis changed


 Using spherical harmonics

 Library entry C      S cc-pVTZ              selected for orbital group  1
 Library entry C      P cc-pVTZ              selected for orbital group  1
 Library entry C      D cc-pVTZ              selected for orbital group  1
 Library entry C      F cc-pVTZ              selected for orbital group  1
 Library entry O      S cc-pVTZ              selected for orbital group  2
 Library entry O      P cc-pVTZ              selected for orbital group  2
 Library entry O      D cc-pVTZ              selected for orbital group  2
 Library entry O      F cc-pVTZ              selected for orbital group  2
 Library entry H      S cc-pVTZ              selected for orbital group  3
 Library entry H      P cc-pVTZ              selected for orbital group  3
 Library entry H      D cc-pVTZ              selected for orbital group  3


 PROGRAM * SEWARD (Integral evaluation for generally contracted gaussian basis sets)     Author: Roland Lindh, 1990

 Geometry written to block  1 of record 700

 Orientation using atomic masses  
 Molecule type: Asymmetric top
 Rotational constants:       0.2983496      0.3028547     13.3591881 GHz  (calculated with average atomic masses)

 Point group  C1  



 ATOMIC COORDINATES

 NR  ATOM    CHARGE       X              Y              Z

   1  C1      6.00   -0.169975506   -1.224328529   -8.884958674
   2  O2      8.00    0.047524095    0.970242815  -10.195428482
   3  H3      1.00    1.470150513   -2.427754175   -8.684542510
   4  H4      1.00   -2.058437911   -1.987203826   -8.856002865
   5  H5      1.00    1.783722121    1.472913477  -10.269897243
   6  C21     6.00   -0.156305331    1.456061561    9.821238286
   7  C22     6.00    0.149223316   -1.208843954   10.625655962
   8  H23     1.00   -2.006074166    2.313754434    9.715909381
   9  H24     1.00    1.468010238    2.664336679    9.558037683
  10  H25     1.00    1.886120568   -2.036846116    9.885796654
  11  H26     1.00    0.248182808   -1.378482121   12.692588748
  12  H27     1.00   -1.436156097   -2.378108283   10.017409581

 Bond lengths in Bohr (Angstrom)

 1-2  2.565303214  1-3  2.044116749  1-4  2.036935790  2-5  1.809034819  6-7  2.800385144
     ( 1.357500000)     ( 1.081700000)     ( 1.077900000)     ( 0.957300000)     ( 1.481900000)

  6- 8  2.041660105   6- 9  2.041471132   7-10  2.061502229   7-11  2.076242093   7-12  2.061691202
       ( 1.080400000)       ( 1.080300000)       ( 1.090900000)       ( 1.098700000)       ( 1.091000000)

 Bond angles

  1-2-5  109.88360000   2-1-3  119.05850000   2-1-4  113.97030000   3-1-4  121.46618034

  6- 7-10  111.78030000   6- 7-11  111.64880000   6- 7-12  111.78090000   7- 6- 8  120.89320000

  7- 6- 9  120.89440000   8- 6- 9  117.74813582  10- 7-11  106.51759302  10- 7-12  108.31343598

 11- 7-12  106.49990634

 NUCLEAR CHARGE:                   34
 NUMBER OF PRIMITIVE AOS:         324
 NUMBER OF SYMMETRY AOS:          296
 NUMBER OF CONTRACTIONS:          232   (  232A   )
 NUMBER OF INNER CORE ORBITALS:     0   (    0A   )
 NUMBER OF OUTER CORE ORBITALS:     4   (    4A   )
 NUMBER OF VALENCE ORBITALS:       24   (   24A   )


 NUCLEAR REPULSION ENERGY   87.01364364

 EXTRA SYMMETRY OF AOS IN SYMMETRY 1:   1 1 1 1 1 1 1 1 1 1   1 1 1 1 1 1 1 1 1 1   1 1 1 1 1 1 1 1 1 1   1 1 1 1 1 1 1 1 1 1
                                        1 1 1 1 1 1 1 1 1 1   1 1 1 1 1 1 1 1 1 1   1 1 1 1 1 1 1 1 1 1   1 1 1 1 1 1 1 1 1 1
                                        1 1 1 1 1 1 1 1 1 1   1 1 1 1 1 1 1 1 1 1   1 1 2 2 2 2 2 2 2 2   2 2 2 2 2 2 2 2 2 2
                                        2 2 2 2 2 2 2 2 2 2   2 2 2 2 2 2 2 2 2 2   2 2 2 2 2 2 2 2 2 2   2 2 2 2 2 2 2 2 2 2
                                        2 2 2 2 2 2 2 2 2 2   2 2 2 2 2 2 2 2 2 2   2 2 2 2 2 2 2 2 2 2   2 2 2 2 2 2 2 2 2 2
                                        2 2 2 2 2 2 2 2 2 2   2 2 2 2 2 2 2 2 2 2   2 2 2 2 2 2 2 2 2 2   2 2

 Eigenvalues of metric

         1 0.120E-02 0.133E-02 0.143E-02 0.147E-02 0.169E-02 0.174E-02 0.180E-02 0.185E-02


 Contracted 2-electron integrals neglected if value below      1.0D-11
 AO integral compression algorithm  1   Integral accuracy      1.0D-11

     414.450 MB (compressed) written to integral file ( 44.9%)

     Node minimum: 97.780 MB, node maximum: 112.722 MB


 NUMBER OF SORTED TWO-ELECTRON INTEGRALS:   91327612.     BUFFER LENGTH:  32768
 NUMBER OF SEGMENTS:   6  SEGMENT LENGTH:   15998348      RECORD LENGTH: 524288

 Memory used in sort:      16.56 MW

 SORT1 READ   115377592. AND WROTE    23310943. INTEGRALS IN     70 RECORDS. CPU TIME:     2.18 SEC, REAL TIME:     2.87 SEC
 SORT2 READ    93223840. AND WROTE   365269906. INTEGRALS IN   1492 RECORDS. CPU TIME:     0.84 SEC, REAL TIME:     1.54 SEC

 Node minimum:    91307341.  Node maximum:    91327612. integrals

 OPERATOR DM      FOR CENTER  0  COORDINATES:    0.000000    0.000000    0.000000


 **********************************************************************************************************************************
 DATASETS  * FILE   NREC   LENGTH (MB)   RECORD NAMES
              1      18       30.65       500      610      700      900      950      970     1000      129      960     1100   
                                          VAR    BASINP    GEOM    SYMINP    ZMAT    AOBASIS   BASIS     P2S    ABASIS      S 
                                         1400     1410     1200     1210     1080     1600     1650     1700   
                                           T        V       H0       H01     AOSYM     SMH    MOLCAS    OPER   

 PROGRAMS   *        TOTAL       INT
 CPU TIMES  *         4.98      4.78
 REAL TIME  *         7.21 SEC
 DISK USED  *        31.13 MB (local),        1.60 GB (total)
 GA USED    *         0.00 MB       (max)       0.00 MB       (current)
 **********************************************************************************************************************************

 PROGRAM * MULTI (Direct Multiconfiguration SCF)       Authors: P.J. Knowles, H.-J. Werner (1984)
                                                                D.A. Kreplin, P.J. Knowles, H.-J. Werner (2019)

 Number of closed-shell orbitals:  16 (  16 )
 Number of active  orbitals:        2 (   2 )
 Number of external orbitals:     214 ( 214 )

 State symmetry 1

 Number of active electrons:   2    Spin symmetry=Singlet   Space symmetry=1
 Number of states:             1
 Number of CSFs:               3   (4 determinants, 4 intermediate states)

 Orbital guess generated from atomic densities. Full valence occupancy:   28

 EXTRA SYMMETRY OF MOS IN SYMMETRY 1:   1 2 2 1 1 2 1 2 1 2   1 2 1 2 2 1 2 1 1 2   2 1 2 2 1 2 1 2 2 2   2 1 1 2 1 2 2 1 1 2
                                        2 2 1 2 2 2 1 1 2 2   1 1 2 1 1 2 1 2 2 1   1 2 2 2 1 1 2 2 2 2   2 1 1 2 1 2 2 1 2 2
                                        2 1 1 2 2 2 1 2 2 1   2 1 1 1 1 2 1 2 1 1   2 2 1 2 2 2 2 2 1 1   2 1 2 2 1 2 2 2 2 2
                                        1 2 1 2 2 1 2 1 2 1   2 2 1 1 2 1 2 1 2 2   1 2 1 1 2 2 2 1 2 2   1 2 1 2 2 2 1 1 2 2
                                        1 2 1 2 1 2 2 1 1 2   1 2 2 1 2 2 1 2 2 2   1 1 2 2 2 2 1 2 1 2   1 2 2 2 1 2 1 1 1 2
                                        2 2 1 2 1 2 2 2 1 2   2 1 2 1 2 2 1 2 1 1   1 1 1 1 1 1 1 1 1 2   1 2

 Wavefunction dump at record             2140.2

 Convergence thresholds  0.10E-04 (gradient)  0.10E-05 (energy)
 
 Number of orbital rotations:  3884  ( 32 closed/active, 3424 closed/virtual, 0 active/active, 428 active/virtual )
 Total number of variables:    3888
 
  Second-order MCSCF: L-BFGS accelerated
 
 ITER  MIC  NCI  NEG     ENERGY(VAR)    ENERGY(PROJ) ENERGY CHANGE       GRAD(0)  GRAD(ORB)   GRAD(CI)      STEP      TIME
 Spin contamination in state 1.1: <S**2> =  0.1E+01 (+1.0)
 Annihilate S =  1.0 component
   1   12    5    0   -193.01907423    -193.08070512   -0.06163089    0.39733559 0.00040042 0.00000000  0.16E+00      8.76
 Spin contamination in state 1.1: <S**2> =  0.1E+01 (+1.0)
 Annihilate S =  1.0 component
   2    8    4    0   -193.08106153    -193.08111379   -0.00005226    0.01328660 0.00000390 0.00000000  0.50E-02     18.44
 Spin contamination in state 1.1: <S**2> =  0.1E+01 (+1.0)
 Annihilate S =  1.0 component
   3    7    4    0   -193.08111385    -193.08111385   -0.00000000    0.00002364 0.00000001 0.00000000  0.99E-05     26.68
 Spin contamination in state 1.1: <S**2> =  0.1E+01 (+1.0)
 Annihilate S =  1.0 component

 CONVERGENCE REACHED!  Final gradient:    0.00000000 ( 0.13E-09)
                       Final energy:   -193.08111385
 
 First order charge density matrix for state 1.1 saved on record 2140.2 (density set 1)
 
 Results for state 1.1
 =====================
 !MCSCF STATE 1.1 Energy                      -193.081113850200
 Nuclear energy                                 87.01364364
 Kinetic energy                                192.91272557
 One electron energy                          -433.52617288
 Two electron energy                           153.43141539
 Virial ratio                                    2.00087287
 
 !MCSCF STATE 1.1 Dipole moment                  0.58551997    -0.27568993     0.10515092
 Dipole moment /Debye                            1.48824333    -0.70073391     0.26726697
 
 No non-zero expectation values
 

 EXTRA SYMMETRY OF MOS IN SYMMETRY 1:   1 1 2 2 1 2 1 2 1 1   2 1 2 2 1 2 2 1 1 2   1 2 2 1 2 2 1 2 2 2   2 1 1 1 2 2 2 1 2 1
                                        2 1 2 2 1 2 2 1 2 2   1 1 2 1 1 2 1 2 1 2   1 2 2 1 1 2 2 2 2 2   1 2 1 2 1 2 2 1 2 1
                                        1 2 2 2 2 2 1 2 2 1   2 1 1 1 1 2 1 1 1 2   2 2 1 2 2 2 1 2 2 1   1 2 2 1 2 2 2 2 2 1
                                        2 1 2 1 2 2 1 1 2 2   1 1 2 2 1 2 2 1 2 1   2 1 2 1 2 1 2 2 1 2   2 1 2 2 1 2 1 2 2 1
                                        2 1 2 1 2 2 1 1 2 2   1 2 1 2 2 1 2 1 2 2   2 1 2 2 2 2 1 1 2 1   2 2 2 1 2 1 2 1 1 2
                                        2 2 1 2 1 2 2 2 1 2   2 1 2 1 2 2 1 2 1 1   1 1 1 1 1 1 1 1 1 2   1 2
 
 Natural orbital dump at molpro section 2140.2 (Orbital set 2)


 **********************************************************************************************************************************
 DATASETS  * FILE   NREC   LENGTH (MB)   RECORD NAMES
              1      19      136.95       500      610      700      900      950      970     1000      129      960     1100   
                                          VAR    BASINP    GEOM    SYMINP    ZMAT    AOBASIS   BASIS     P2S    ABASIS      S 
                                         1400     1410     1200     1210     1080     1600     1650     1700     1380   
                                           T        V       H0       H01     AOSYM     SMH    MOLCAS    OPER     JKOP   

              2       4        4.26       700     1000      520     2140   
                                         GEOM     BASIS   MCVARS    MCSCF   

 PROGRAMS   *        TOTAL     MULTI       INT
 CPU TIMES  *        30.64     25.65      4.78
 REAL TIME  *        41.80 SEC
 DISK USED  *       141.28 MB (local),        2.03 GB (total)
 SF USED    *       350.64 MB
 GA USED    *         0.00 MB       (max)       0.00 MB       (current)
 **********************************************************************************************************************************


 PROGRAM * RS2C (Multireference RS Perturbation Theory)     Authors: H.-J. Werner (1993), P. Celani (1998)


 Level shift= 0.20

 Convergence thresholds:  THRVAR = 1.00D-06  THRDEN = 1.00D-06

 Number of optimized states: 1  Roots:    1
 Number of reference states: 1  Roots:    1

 Using rs2c

 Reference symmetry:                   1   Singlet 
 Number of electrons:                 34
 Maximum number of shells:             3
 Maximum number of spin couplings:     2

 Reference space:        3 conf        3 CSFs
 N elec internal:        3 conf        3 CSFs
 N-1 el internal:        2 conf        2 CSFs
 N-2 el internal:        1 conf        1 CSFs

 Number of electrons in valence space:                     26
 Maximum number of open shell orbitals in reference space:  2
 Maximum number of open shell orbitals in internal spaces:  4


 Number of core orbitals:           4 (   4 )
 Number of closed-shell orbitals:  12 (  12 )
 Number of active  orbitals:        2 (   2 )
 Number of external orbitals:     214 ( 214 )

 Molecular orbitals read from record     2140.2  Type=MCSCF/NATURAL (state 1.1)

 Integral transformation finished. Total CPU:   3.70 sec, npass=  1  Memory used:  10.52 MW

 Number of p-space configurations:   3

 Reference wavefunction optimized for reference space (refopt=1)

 State     Reference Energy 
     1      -193.08111385

 Number of blocks in overlap matrix:     2   Smallest eigenvalue:  0.10D+01
 Number of N-2 electron functions:     193
 Number of N-1 electron functions:       2

 Number of internal configurations:                    3
 Number of singly external configurations:           428
 Number of doubly external configurations:       4420705
 Total number of contracted configurations:      4421136
 Total number of uncontracted configurations:      23436

 Weight factors for SA-density in H0:    1.000000

 FIMAX=  0.26D-01  FXMAX=  0.23D-06  DIAG=  F  F  NOREF=1  NOINT=0  IHPPD=2

 Nuclear energy:                      87.01364364
 Core energy:                       -190.64397782
 Zeroth-order valence energy:        -17.58459101
 Zeroth-order total energy:         -121.21492520
 First-order energy:                 -71.86618865


 Using contracted singles

 Number of contracted N-1 electron functions:        336
 Number of contracted internal configurations:         1


 Diagonal Coupling coefficients finished.               Storage:   19991 words, CPU-Time:      0.01 seconds.
 Energy denominators for pairs finished in 0 passes.    Storage:  110563 words, CPU-time:      0.00 seconds.

 A level shift of 0.20 is applied.

  ITER. STATE  ROOT     SQ.NORM     CORR.ENERGY   TOTAL ENERGY   ENERGY CHANGE       DEN1      VAR(S)    VAR(P)      TIME
    1     1     1     1.01930604    -0.00386121  -193.08497506    -0.00386121    -0.70519315  0.19D-01  0.17D+00     4.77
    2     1     1     1.18976337    -0.74280861  -193.82392246    -0.73894740     0.00012872  0.34D-04  0.18D-04     5.71
    3     1     1     1.18972809    -0.74290786  -193.82402171    -0.00009925    -0.00007221  0.58D-06  0.84D-07     6.73
    4     1     1     1.18976159    -0.74291478  -193.82402863    -0.00000691     0.00000105  0.44D-08  0.24D-08     7.72
    5     1     1     1.18976205    -0.74291521  -193.82402906    -0.00000044    -0.00000079  0.29D-09  0.16D-10     8.71

 Energies without level shift correction:

    5     1     1     1.18976205    -0.70496280  -193.78607665

 Energy contributions for state 1.1:
 ===================================

            Energy contr.      SQ.Norm of FOWF
 Space I0     0.00000000          0.00000000
 Space I1     0.00000000          0.00002328
 Space I2    -0.00000001          0.00000004
 Space S0     0.00000000          0.00000606
 Space S1    -0.01471187          0.00792981
 Space S2    -0.02711918          0.01129911
 Space P0    -0.00984349          0.00151473
 Space P1    -0.14850141          0.03117441
 Space P2    -0.50478684          0.13781462


 RESULTS FOR STATE 1.1
 =====================


 Reference energy                    -193.08111385
 Nuclear energy                        87.01364364
 Correlation energy                    -0.74291521
 !RSPT2 STATE 1.1 Energy             -193.824029063142


 **********************************************************************************************************************************
 DATASETS  * FILE   NREC   LENGTH (MB)   RECORD NAMES
              1      19      136.95       500      610      700      900      950      970     1000      129      960     1100   
                                          VAR    BASINP    GEOM    SYMINP    ZMAT    AOBASIS   BASIS     P2S    ABASIS      S 
                                         1400     1410     1200     1210     1080     1600     1650     1700     1380   
                                           T        V       H0       H01     AOSYM     SMH    MOLCAS    OPER     JKOP   

              2       4        4.26       700     1000      520     2140   
                                         GEOM     BASIS   MCVARS    MCSCF   

 PROGRAMS   *        TOTAL      RS2C     MULTI       INT
 CPU TIMES  *        39.44      8.77     25.65      4.78
 REAL TIME  *        54.74 SEC
 DISK USED  *       141.28 MB (local),        2.03 GB (total)
 SF USED    *       446.72 MB
 GA USED    *         0.00 MB       (max)       0.00 MB       (current)
 **********************************************************************************************************************************
 SETTING CBSEN          =      -193.82402906  AU                              

 Dump information in style MOLDEN to molpro.molden                                                                   

 Molecular orbitals read from record     2140.2  Type=MCSCF/NATURAL (state 1.1)
 Occupation numbers read from record     2140.2  Type=MCSCF/NATURAL (state 1.1)
 Orbital energies read from record       2140.2  Type=MCSCF/NATURAL (state 1.1)
 Redundancy group numbers read from rec  2140.2  Type=MCSCF/NATURAL (state 1.1)

 DUMP ORBITAL  1.1 AS ORBITAL    1  occ=    2.0000  eig=  -20.5769  GROUP=   0
 DUMP ORBITAL  2.1 AS ORBITAL    2  occ=    2.0000  eig=  -11.2647  GROUP=   0
 DUMP ORBITAL  3.1 AS ORBITAL    3  occ=    2.0000  eig=  -11.2180  GROUP=   0
 DUMP ORBITAL  4.1 AS ORBITAL    4  occ=    2.0000  eig=  -11.2165  GROUP=   0
 DUMP ORBITAL  5.1 AS ORBITAL    5  occ=    2.0000  eig=   -1.3886  GROUP=   0
 DUMP ORBITAL  6.1 AS ORBITAL    6  occ=    2.0000  eig=   -1.0098  GROUP=   0
 DUMP ORBITAL  7.1 AS ORBITAL    7  occ=    2.0000  eig=   -0.8865  GROUP=   0
 DUMP ORBITAL  8.1 AS ORBITAL    8  occ=    2.0000  eig=   -0.8138  GROUP=   0
 DUMP ORBITAL  9.1 AS ORBITAL    9  occ=    2.0000  eig=   -0.7114  GROUP=   0
 DUMP ORBITAL 10.1 AS ORBITAL   10  occ=    2.0000  eig=   -0.6215  GROUP=   0
 DUMP ORBITAL 11.1 AS ORBITAL   11  occ=    2.0000  eig=   -0.6133  GROUP=   0
 DUMP ORBITAL 12.1 AS ORBITAL   12  occ=    2.0000  eig=   -0.5577  GROUP=   0
 DUMP ORBITAL 13.1 AS ORBITAL   13  occ=    2.0000  eig=   -0.5543  GROUP=   0
 DUMP ORBITAL 14.1 AS ORBITAL   14  occ=    2.0000  eig=   -0.5371  GROUP=   0
 DUMP ORBITAL 15.1 AS ORBITAL   15  occ=    2.0000  eig=   -0.5174  GROUP=   0
 DUMP ORBITAL 16.1 AS ORBITAL   16  occ=    2.0000  eig=   -0.5008  GROUP=   0
 DUMP ORBITAL 17.1 AS ORBITAL   17  occ=    1.0000  eig=   -0.0883  GROUP=   0
 DUMP ORBITAL 18.1 AS ORBITAL   18  occ=    1.0000  eig=   -0.0716  GROUP=   0

 Total charge:      34.000000

 **********************************************************************************************************************************

 RS2C/cc-pVTZ energy=   -193.824029063142

            RS2C           MULTI
   -193.82402906   -193.08111385
 **********************************************************************************************************************************
 Molpro calculation terminated
