
 Working directory              : /scratch/mdt/206691/molpro.O7ePqGh5i4/
 Global scratch directory       : /scratch/mdt/206691/molpro.O7ePqGh5i4/
 Wavefunction directory         : /home/chimica2/mditeodoro/wfu/
 Main file repository           : /scratch/mdt/206691/molpro.O7ePqGh5i4/

 id        : polimi

 Nodes     nprocs
 node-5-5     4
 GA implementation: MPI file
 GA implementation (serial work in mppx): MPI file

 Using customized tuning parameters: mindgm=1; mindgv=20; mindgc=4; mindgr=1; noblas=0; minvec=7
 default implementation of scratch files=sf  


 Variables initialized (1009), CPU time= 0.01 sec
  memory,         400 ,m
   nosym
  geometry={angstrom
     C1
     O2   C1   R1
     H3   C1   R2   O2   A2
     H4   C1   R3   O2   A3   H3   D3
     H5   O2   R4   C1   A4   H3   D4
     C21 C1 BB O2 ANG1 H3 DH1
     C22 C21 R21 C1 ANG2 O2 DH2
     H23 C21 R22 C22 A22 C1 DH3
     H24 C21 R23 C22 A23 H23 D23
     H25 C22 R24 C21 A24 H23 D24
     H26 C22 R25 C21 A25 H25 D25
     H27 C22 R26 C21 A26 H25 D26
  }
  R1                             =    1.3573000000000000
  R2                             =    1.0777000000000001
  R3                             =    1.0810999999999999
  R4                             =   0.95730000000000004
  A2                             =    114.06890000000000
  A3                             =    119.16220000000000
  A4                             =    109.79910000000000
  D3                             =    205.04320000000001
  R21                            =    1.4823999999999999
  R22                            =    1.0805000000000000
  R23                            =    1.0800000000000001
  R24                            =    1.0987000000000000
  R25                            =    1.0911999999999999
  R26                            =    1.0904000000000000
  A22                            =    120.78820000000000
  A23                            =    120.85440000000000
  A24                            =    111.69230000000000
  A25                            =    111.72950000000000
  A26                            =    111.63460000000001
  D23                            =    171.51890000000000
  D25                            =    119.16930000000001
  D26                            =    240.58439999999999
  ANG2                           =    94.227400000000003
  DH2                            =    230.01419999999999
  DH3                            =    104.56980000000000
  D4                             =    176.10390000000001
  D24                            =    276.10430000000002
  DH1                            =    104.41450000000000
  ANG1                           =    113.68590000000000
  BB                             =    3.7999999999999998
 
  SET,SPIN=           0
   basis=cc-pvtz
   {multi;closed,16;occ,18;wf, 34,1,0,;state,1;maxiter,40}
                                                                                ! Uncomment to guide creation of AS for MC sampling
                                                                                 ! (also needs uncommented lines in run.sh)
                                                                                 !ACTIVESPACE2_T
                                                                                 !ACTIVESPACE2
 
   RS2C,SHIFT=0.2
   CBSen = energy
  put,molden,molpro.molden
 Commands initialized (810), CPU time= 0.01 sec, 661 directives.
 Default parameters read. Elapsed time= 0.21 sec

 Checking input...
 Passed
1


                                         ***  PROGRAM SYSTEM MOLPRO  ***
                                       Copyright, TTI GmbH Stuttgart, 2015
                                    Version 2021.2 linked Jun  2 2021 00:13:23


 **********************************************************************************************************************************
 LABEL *                                                                                 
  64 bit mpp version                                                                     DATE: 20-Jun-24          TIME: 09:28:41  
 **********************************************************************************************************************************

 SHA1:             1987c3f1b0c3ae76932bc24993909f2d7ae6b1f1
 **********************************************************************************************************************************

 Memory per process:       400 MW
 Total memory per node:   1600 MW

 GA preallocation disabled
 GA check disabled

 Variable memory set to 400.0 MW

 ZSYMEL=NOSYM

 SETTING R1             =         1.35730000                                  
 SETTING R2             =         1.07770000                                  
 SETTING R3             =         1.08110000                                  
 SETTING R4             =         0.95730000                                  
 SETTING A2             =       114.06890000                                  
 SETTING A3             =       119.16220000                                  
 SETTING A4             =       109.79910000                                  
 SETTING D3             =       205.04320000                                  
 SETTING R21            =         1.48240000                                  
 SETTING R22            =         1.08050000                                  
 SETTING R23            =         1.08000000                                  
 SETTING R24            =         1.09870000                                  
 SETTING R25            =         1.09120000                                  
 SETTING R26            =         1.09040000                                  
 SETTING A22            =       120.78820000                                  
 SETTING A23            =       120.85440000                                  
 SETTING A24            =       111.69230000                                  
 SETTING A25            =       111.72950000                                  
 SETTING A26            =       111.63460000                                  
 SETTING D23            =       171.51890000                                  
 SETTING D25            =       119.16930000                                  
 SETTING D26            =       240.58440000                                  
 SETTING ANG2           =        94.22740000                                  
 SETTING DH2            =       230.01420000                                  
 SETTING DH3            =       104.56980000                                  
 SETTING D4             =       176.10390000                                  
 SETTING D24            =       276.10430000                                  
 SETTING DH1            =       104.41450000                                  
 SETTING ANG1           =       113.68590000                                  
 SETTING BB             =         3.80000000                                  
 SETTING SPIN           =     0.00000000D+00                                  
 SETTING BASIS          =    CC-PVTZ


 Recomputing integrals since basis changed


 Using spherical harmonics

 Library entry C      S cc-pVTZ              selected for orbital group  1
 Library entry C      P cc-pVTZ              selected for orbital group  1
 Library entry C      D cc-pVTZ              selected for orbital group  1
 Library entry C      F cc-pVTZ              selected for orbital group  1
 Library entry O      S cc-pVTZ              selected for orbital group  2
 Library entry O      P cc-pVTZ              selected for orbital group  2
 Library entry O      D cc-pVTZ              selected for orbital group  2
 Library entry O      F cc-pVTZ              selected for orbital group  2
 Library entry H      S cc-pVTZ              selected for orbital group  3
 Library entry H      P cc-pVTZ              selected for orbital group  3
 Library entry H      D cc-pVTZ              selected for orbital group  3


 PROGRAM * SEWARD (Integral evaluation for generally contracted gaussian basis sets)     Author: Roland Lindh, 1990

 Geometry written to block  1 of record 700

 Orientation using atomic masses  
 Molecule type: Asymmetric top
 Rotational constants:       1.6530522      1.5781530     14.8349615 GHz  (calculated with average atomic masses)

 Point group  C1  



 ATOMIC COORDINATES

 NR  ATOM    CHARGE       X              Y              Z

   1  C1      6.00    0.949555820   -0.712181079   -3.062655810
   2  O2      8.00   -0.455022511    0.615402622   -4.748930659
   3  H3      1.00    2.717497752    0.173236517   -2.574818891
   4  H4      1.00    0.692281029   -2.734294940   -2.926111315
   5  H5      1.00   -1.937851490   -0.324314604   -5.185687719
   6  C21     6.00   -1.485373976   -0.297175920    3.680122823
   7  C22     6.00    1.009990886    0.377556515    4.759632043
   8  H23     1.00   -2.248368298   -2.177481380    3.906923830
   9  H24     1.00   -2.698512746    1.132695514    2.874485173
  10  H25     1.00    0.861094243    0.914415496    6.759730404
  11  H26     1.00    2.331225929   -1.203347652    4.674725367
  12  H27     1.00    1.854947899    1.979357444    3.776688459

 Bond lengths in Bohr (Angstrom)

 1-2  2.564925269  1-3  2.036557845  1-4  2.042982913  2-5  1.809034819  6-7  2.801330007
     ( 1.357300000)     ( 1.077700000)     ( 1.081100000)     ( 0.957300000)     ( 1.482400000)

  6- 8  2.041849078   6- 9  2.040904215   7-10  2.076242093   7-11  2.062069147   7-12  2.060557366
       ( 1.080500000)       ( 1.080000000)       ( 1.098700000)       ( 1.091200000)       ( 1.090400000)

 Bond angles

  1-2-5  109.79910000   2-1-3  114.06890000   2-1-4  119.16220000   3-1-4  121.57619009

  6- 7-10  111.69230000   6- 7-11  111.72950000   6- 7-12  111.63460000   7- 6- 8  120.78820000

  7- 6- 9  120.85440000   8- 6- 9  117.83360195  10- 7-11  106.49024849  10- 7-12  106.73444879

 11- 7-12  108.27572677

 NUCLEAR CHARGE:                   34
 NUMBER OF PRIMITIVE AOS:         324
 NUMBER OF SYMMETRY AOS:          296
 NUMBER OF CONTRACTIONS:          232   (  232A   )
 NUMBER OF INNER CORE ORBITALS:     0   (    0A   )
 NUMBER OF OUTER CORE ORBITALS:     4   (    4A   )
 NUMBER OF VALENCE ORBITALS:       24   (   24A   )


 NUCLEAR REPULSION ENERGY  106.85854174


 Eigenvalues of metric

         1 0.113E-02 0.129E-02 0.138E-02 0.144E-02 0.162E-02 0.168E-02 0.175E-02 0.184E-02


 Contracted 2-electron integrals neglected if value below      1.0D-11
 AO integral compression algorithm  1   Integral accuracy      1.0D-11

     858.784 MB (compressed) written to integral file ( 31.5%)

     Node minimum: 204.210 MB, node maximum: 227.803 MB


 NUMBER OF SORTED TWO-ELECTRON INTEGRALS:   91327612.     BUFFER LENGTH:  32768
 NUMBER OF SEGMENTS:   6  SEGMENT LENGTH:   15998348      RECORD LENGTH: 524288

 Memory used in sort:      16.56 MW

 SORT1 READ   341276788. AND WROTE    55475385. INTEGRALS IN    162 RECORDS. CPU TIME:     7.57 SEC, REAL TIME:     9.23 SEC
 SORT2 READ   221561852. AND WROTE   365269906. INTEGRALS IN   3240 RECORDS. CPU TIME:     1.35 SEC, REAL TIME:     2.96 SEC

 Node minimum:    91307341.  Node maximum:    91327612. integrals

 OPERATOR DM      FOR CENTER  0  COORDINATES:    0.000000    0.000000    0.000000


 **********************************************************************************************************************************
 DATASETS  * FILE   NREC   LENGTH (MB)   RECORD NAMES
              1      18       30.65       500      610      700      900      950      970     1000      129      960     1100   
                                          VAR    BASINP    GEOM    SYMINP    ZMAT    AOBASIS   BASIS     P2S    ABASIS      S 
                                         1400     1410     1200     1210     1080     1600     1650     1700   
                                           T        V       H0       H01     AOSYM     SMH    MOLCAS    OPER   

 PROGRAMS   *        TOTAL       INT
 CPU TIMES  *        13.48     13.26
 REAL TIME  *        17.93 SEC
 DISK USED  *        31.13 MB (local),        3.38 GB (total)
 GA USED    *         0.00 MB       (max)       0.00 MB       (current)
 **********************************************************************************************************************************

 PROGRAM * MULTI (Direct Multiconfiguration SCF)       Authors: P.J. Knowles, H.-J. Werner (1984)
                                                                D.A. Kreplin, P.J. Knowles, H.-J. Werner (2019)

 Number of closed-shell orbitals:  16 (  16 )
 Number of active  orbitals:        2 (   2 )
 Number of external orbitals:     214 ( 214 )

 State symmetry 1

 Number of active electrons:   2    Spin symmetry=Singlet   Space symmetry=1
 Number of states:             1
 Number of CSFs:               3   (4 determinants, 4 intermediate states)

 Orbital guess generated from atomic densities. Full valence occupancy:   28

 Wavefunction dump at record             2140.2

 Convergence thresholds  0.10E-04 (gradient)  0.10E-05 (energy)
 
 Number of orbital rotations:  3884  ( 32 closed/active, 3424 closed/virtual, 0 active/active, 428 active/virtual )
 Total number of variables:    3888
 
  Second-order MCSCF: L-BFGS accelerated
 
 ITER  MIC  NCI  NEG     ENERGY(VAR)    ENERGY(PROJ) ENERGY CHANGE       GRAD(0)  GRAD(ORB)   GRAD(CI)      STEP      TIME
   1   12    5    0   -193.01916749    -193.08151297   -0.06234549    0.39835107 0.00062436 0.00000000  0.16E+00      9.91
   2   12    6    0   -193.08196251    -193.08202496   -0.00006246    0.01417318 0.00001695 0.00000000  0.58E-02     22.42
   3   11    6    0   -193.08202504    -193.08202504   -0.00000000    0.00002853 0.00000000 0.00000000  0.14E-04     31.76

 CONVERGENCE REACHED!  Final gradient:    0.00000000 ( 0.33E-09)
                       Final energy:   -193.08202504
 
 First order charge density matrix for state 1.1 saved on record 2140.2 (density set 1)
 
 Results for state 1.1
 =====================
 !MCSCF STATE 1.1 Energy                      -193.082025042653
 Nuclear energy                                106.85854174
 Kinetic energy                                192.90206573
 One electron energy                          -473.28323328
 Two electron energy                           173.34266649
 Virial ratio                                    2.00093291
 
 !MCSCF STATE 1.1 Dipole moment                 -0.19229598    -0.54369414     0.03316855
 Dipole moment /Debye                           -0.48876762    -1.38193267     0.08430606
 
 No non-zero expectation values
 
 
 Natural orbital dump at molpro section 2140.2 (Orbital set 2)


 **********************************************************************************************************************************
 DATASETS  * FILE   NREC   LENGTH (MB)   RECORD NAMES
              1      19      136.95       500      610      700      900      950      970     1000      129      960     1100   
                                          VAR    BASINP    GEOM    SYMINP    ZMAT    AOBASIS   BASIS     P2S    ABASIS      S 
                                         1400     1410     1200     1210     1080     1600     1650     1700     1380   
                                           T        V       H0       H01     AOSYM     SMH    MOLCAS    OPER     JKOP   

              2       4        4.26       700     1000      520     2140   
                                         GEOM     BASIS   MCVARS    MCSCF   

 PROGRAMS   *        TOTAL     MULTI       INT
 CPU TIMES  *        42.65     29.17     13.26
 REAL TIME  *        58.76 SEC
 DISK USED  *       141.28 MB (local),        3.81 GB (total)
 SF USED    *       350.64 MB
 GA USED    *         0.00 MB       (max)       0.00 MB       (current)
 **********************************************************************************************************************************


 PROGRAM * RS2C (Multireference RS Perturbation Theory)     Authors: H.-J. Werner (1993), P. Celani (1998)


 Level shift= 0.20

 Convergence thresholds:  THRVAR = 1.00D-06  THRDEN = 1.00D-06

 Number of optimized states: 1  Roots:    1
 Number of reference states: 1  Roots:    1

 Using rs2c

 Reference symmetry:                   1   Singlet 
 Number of electrons:                 34
 Maximum number of shells:             3
 Maximum number of spin couplings:     2

 Reference space:        3 conf        3 CSFs
 N elec internal:        3 conf        3 CSFs
 N-1 el internal:        2 conf        2 CSFs
 N-2 el internal:        1 conf        1 CSFs

 Number of electrons in valence space:                     26
 Maximum number of open shell orbitals in reference space:  2
 Maximum number of open shell orbitals in internal spaces:  4


 Number of core orbitals:           4 (   4 )
 Number of closed-shell orbitals:  12 (  12 )
 Number of active  orbitals:        2 (   2 )
 Number of external orbitals:     214 ( 214 )

 Molecular orbitals read from record     2140.2  Type=MCSCF/NATURAL (state 1.1)

 Integral transformation finished. Total CPU:   4.09 sec, npass=  1  Memory used:  10.52 MW

 Number of p-space configurations:   3

 Reference wavefunction optimized for reference space (refopt=1)

 State     Reference Energy 
     1      -193.08202504

 Number of blocks in overlap matrix:     2   Smallest eigenvalue:  0.10D+01
 Number of N-2 electron functions:     193
 Number of N-1 electron functions:       2

 Number of internal configurations:                    3
 Number of singly external configurations:           428
 Number of doubly external configurations:       4420705
 Total number of contracted configurations:      4421136
 Total number of uncontracted configurations:      23436

 Weight factors for SA-density in H0:    1.000000

 FIMAX=  0.24D-01  FXMAX=  0.21D-11  DIAG=  F  T  NOREF=1  NOINT=0  IHPPD=2

 Nuclear energy:                     106.85854174
 Core energy:                       -199.01346383
 Zeroth-order valence energy:        -17.54328573
 Zeroth-order total energy:         -109.69820782
 First-order energy:                 -83.38381722


 Using contracted singles

 Number of contracted N-1 electron functions:        336
 Number of contracted internal configurations:         1


 Diagonal Coupling coefficients finished.               Storage:   19991 words, CPU-Time:      0.01 seconds.
 Energy denominators for pairs finished in 0 passes.    Storage:  110563 words, CPU-time:      0.00 seconds.

 A level shift of 0.20 is applied.

  ITER. STATE  ROOT     SQ.NORM     CORR.ENERGY   TOTAL ENERGY   ENERGY CHANGE       DEN1      VAR(S)    VAR(P)      TIME
    1     1     1     1.01993809    -0.00398762  -193.08601266    -0.00398762    -0.70642668  0.20D-01  0.17D+00     5.45
    2     1     1     1.19057701    -0.74433419  -193.82635924    -0.74034657     0.00013026  0.35D-04  0.20D-04     6.30
    3     1     1     1.19058965    -0.74444934  -193.82647439    -0.00011515    -0.00007801  0.84D-06  0.82D-07     7.23
    4     1     1     1.19062424    -0.74445712  -193.82648216    -0.00000778     0.00000094  0.43D-08  0.24D-08     7.99
    5     1     1     1.19062493    -0.74445758  -193.82648263    -0.00000046    -0.00000077  0.27D-09  0.15D-10     8.85

 Energies without level shift correction:

    5     1     1     1.19062493    -0.70633260  -193.78835764

 Energy contributions for state 1.1:
 ===================================

            Energy contr.      SQ.Norm of FOWF
 Space I0     0.00000000          0.00000000
 Space I1     0.00000000          0.00002095
 Space I2    -0.00009616          0.00006767
 Space S0    -0.00000000          0.00000619
 Space S1    -0.01568415          0.00861902
 Space S2    -0.02711301          0.01125991
 Space P0    -0.00984643          0.00151488
 Space P1    -0.14623516          0.03057249
 Space P2    -0.50735770          0.13856382


 RESULTS FOR STATE 1.1
 =====================


 Reference energy                    -193.08202504
 Nuclear energy                       106.85854174
 Correlation energy                    -0.74445758
 !RSPT2 STATE 1.1 Energy             -193.826482627636


 **********************************************************************************************************************************
 DATASETS  * FILE   NREC   LENGTH (MB)   RECORD NAMES
              1      19      136.95       500      610      700      900      950      970     1000      129      960     1100   
                                          VAR    BASINP    GEOM    SYMINP    ZMAT    AOBASIS   BASIS     P2S    ABASIS      S 
                                         1400     1410     1200     1210     1080     1600     1650     1700     1380   
                                           T        V       H0       H01     AOSYM     SMH    MOLCAS    OPER     JKOP   

              2       4        4.26       700     1000      520     2140   
                                         GEOM     BASIS   MCVARS    MCSCF   

 PROGRAMS   *        TOTAL      RS2C     MULTI       INT
 CPU TIMES  *        51.79      9.13     29.17     13.26
 REAL TIME  *        71.86 SEC
 DISK USED  *       141.28 MB (local),        3.81 GB (total)
 SF USED    *       447.42 MB
 GA USED    *         0.00 MB       (max)       0.00 MB       (current)
 **********************************************************************************************************************************
 SETTING CBSEN          =      -193.82648263  AU                              

 Dump information in style MOLDEN to molpro.molden                                                                   

 Molecular orbitals read from record     2140.2  Type=MCSCF/NATURAL (state 1.1)
 Occupation numbers read from record     2140.2  Type=MCSCF/NATURAL (state 1.1)
 Orbital energies read from record       2140.2  Type=MCSCF/NATURAL (state 1.1)
 Redundancy group numbers read from rec  2140.2  Type=MCSCF/NATURAL (state 1.1)

 DUMP ORBITAL  1.1 AS ORBITAL    1  occ=    2.0000  eig=  -20.5758  GROUP=   0
 DUMP ORBITAL  2.1 AS ORBITAL    2  occ=    2.0000  eig=  -11.2640  GROUP=   0
 DUMP ORBITAL  3.1 AS ORBITAL    3  occ=    2.0000  eig=  -11.2156  GROUP=   0
 DUMP ORBITAL  4.1 AS ORBITAL    4  occ=    2.0000  eig=  -11.2146  GROUP=   0
 DUMP ORBITAL  5.1 AS ORBITAL    5  occ=    2.0000  eig=   -1.3876  GROUP=   0
 DUMP ORBITAL  6.1 AS ORBITAL    6  occ=    2.0000  eig=   -1.0071  GROUP=   0
 DUMP ORBITAL  7.1 AS ORBITAL    7  occ=    2.0000  eig=   -0.8851  GROUP=   0
 DUMP ORBITAL  8.1 AS ORBITAL    8  occ=    2.0000  eig=   -0.8113  GROUP=   0
 DUMP ORBITAL  9.1 AS ORBITAL    9  occ=    2.0000  eig=   -0.7101  GROUP=   0
 DUMP ORBITAL 10.1 AS ORBITAL   10  occ=    2.0000  eig=   -0.6205  GROUP=   0
 DUMP ORBITAL 11.1 AS ORBITAL   11  occ=    2.0000  eig=   -0.6107  GROUP=   0
 DUMP ORBITAL 12.1 AS ORBITAL   12  occ=    2.0000  eig=   -0.5569  GROUP=   0
 DUMP ORBITAL 13.1 AS ORBITAL   13  occ=    2.0000  eig=   -0.5519  GROUP=   0
 DUMP ORBITAL 14.1 AS ORBITAL   14  occ=    2.0000  eig=   -0.5342  GROUP=   0
 DUMP ORBITAL 15.1 AS ORBITAL   15  occ=    2.0000  eig=   -0.5160  GROUP=   0
 DUMP ORBITAL 16.1 AS ORBITAL   16  occ=    2.0000  eig=   -0.4983  GROUP=   0
 DUMP ORBITAL 17.1 AS ORBITAL   17  occ=    1.1857  eig=   -0.1078  GROUP=   0
 DUMP ORBITAL 18.1 AS ORBITAL   18  occ=    0.8143  eig=   -0.0442  GROUP=   0

 Total charge:      34.000000

 **********************************************************************************************************************************

 RS2C/cc-pVTZ energy=   -193.826482627636

            RS2C           MULTI
   -193.82648263   -193.08202504
 **********************************************************************************************************************************
 Molpro calculation terminated
