
 Working directory              : /scratch/mdt/206684/molpro.z4SOF9vI5q/
 Global scratch directory       : /scratch/mdt/206684/molpro.z4SOF9vI5q/
 Wavefunction directory         : /home/chimica2/mditeodoro/wfu/
 Main file repository           : /scratch/mdt/206684/molpro.z4SOF9vI5q/

 id        : polimi

 Nodes     nprocs
 node-5-2     4
 GA implementation: MPI file
 GA implementation (serial work in mppx): MPI file

 Using customized tuning parameters: mindgm=1; mindgv=20; mindgc=4; mindgr=1; noblas=0; minvec=7
 default implementation of scratch files=sf  


 Variables initialized (1009), CPU time= 0.01 sec
  memory,         400 ,m
   nosym
  geometry={angstrom
    C1
    O2   C1   R1
    H3   C1   R2   O2   A2
    H4   C1   R3   O2   A3   H3   D3
    H5   O2   R4   C1   A4   H3   D4
    C21 C1 BB O2 ANG1 H3 DH1
    C22 C21 R21 C1 ANG2 O2 DH2
    H23 C21 R22 C22 A22 C1 DH3
    H24 C21 R23 C22 A23 H23 D23
    H25 C22 R24 C21 A24 H23 D24
    H26 C22 R25 C21 A25 H25 D25
    H27 C22 R26 C21 A26 H25 D26
  }
  R1                             =    1.3606000000000000
  R2                             =    1.0809000000000000
  R3                             =    1.0858000000000001
  R4                             =   0.95709999999999995
  A2                             =    111.43729999999999
  A3                             =    116.67529999999999
  A4                             =    109.57360000000000
  D3                             =    224.38159999999999
  R21                            =    1.4970000000000001
  R22                            =    1.0844000000000000
  R23                            =    1.0833999999999999
  R24                            =    1.0962000000000001
  R25                            =    1.0908000000000000
  R26                            =    1.0905000000000000
  A22                            =    116.27589999999999
  A23                            =    116.62020000000000
  A24                            =    111.43070000000000
  A25                            =    111.59120000000000
  A26                            =    111.51390000000001
  D23                            =    137.35550000000001
  D25                            =    119.58900000000000
  D26                            =    240.40360000000001
  ANG2                           =    107.06619999999999
  DH2                            =    180.10120000000001
  DH3                            =    111.76490000000000
  D4                             =    175.46729999999999
  D24                            =    291.88760000000002
  DH1                            =    110.99180000000000
  ANG1                           =    112.37550000000000
  BB                             =    2.3999999999999999
 
  SET,SPIN=           0
   basis=cc-pvtz
   {multi;closed,16;occ,18;wf, 34,1,0,;state,1;maxiter,40}
                                                                                ! Uncomment to guide creation of AS for MC sampling
                                                                                 ! (also needs uncommented lines in run.sh)
                                                                                 !ACTIVESPACE2_T
                                                                                 !ACTIVESPACE2
 
   RS2C,SHIFT=0.2
   CBSen = energy
  put,molden,molpro.molden
 Commands initialized (810), CPU time= 0.01 sec, 661 directives.
 Default parameters read. Elapsed time= 0.23 sec

 Checking input...
 Passed
1


                                         ***  PROGRAM SYSTEM MOLPRO  ***
                                       Copyright, TTI GmbH Stuttgart, 2015
                                    Version 2021.2 linked Jun  2 2021 00:13:23


 **********************************************************************************************************************************
 LABEL *                                                                                 
  64 bit mpp version                                                                     DATE: 20-Jun-24          TIME: 09:28:41  
 **********************************************************************************************************************************

 SHA1:             1987c3f1b0c3ae76932bc24993909f2d7ae6b1f1
 **********************************************************************************************************************************

 Memory per process:       400 MW
 Total memory per node:   1600 MW

 GA preallocation disabled
 GA check disabled

 Variable memory set to 400.0 MW

 ZSYMEL=NOSYM

 SETTING R1             =         1.36060000                                  
 SETTING R2             =         1.08090000                                  
 SETTING R3             =         1.08580000                                  
 SETTING R4             =         0.95710000                                  
 SETTING A2             =       111.43730000                                  
 SETTING A3             =       116.67530000                                  
 SETTING A4             =       109.57360000                                  
 SETTING D3             =       224.38160000                                  
 SETTING R21            =         1.49700000                                  
 SETTING R22            =         1.08440000                                  
 SETTING R23            =         1.08340000                                  
 SETTING R24            =         1.09620000                                  
 SETTING R25            =         1.09080000                                  
 SETTING R26            =         1.09050000                                  
 SETTING A22            =       116.27590000                                  
 SETTING A23            =       116.62020000                                  
 SETTING A24            =       111.43070000                                  
 SETTING A25            =       111.59120000                                  
 SETTING A26            =       111.51390000                                  
 SETTING D23            =       137.35550000                                  
 SETTING D25            =       119.58900000                                  
 SETTING D26            =       240.40360000                                  
 SETTING ANG2           =       107.06620000                                  
 SETTING DH2            =       180.10120000                                  
 SETTING DH3            =       111.76490000                                  
 SETTING D4             =       175.46730000                                  
 SETTING D24            =       291.88760000                                  
 SETTING DH1            =       110.99180000                                  
 SETTING ANG1           =       112.37550000                                  
 SETTING BB             =         2.40000000                                  
 SETTING SPIN           =     0.00000000D+00                                  
 SETTING BASIS          =    CC-PVTZ


 Recomputing integrals since basis changed


 Using spherical harmonics

 Library entry C      S cc-pVTZ              selected for orbital group  1
 Library entry C      P cc-pVTZ              selected for orbital group  1
 Library entry C      D cc-pVTZ              selected for orbital group  1
 Library entry C      F cc-pVTZ              selected for orbital group  1
 Library entry O      S cc-pVTZ              selected for orbital group  2
 Library entry O      P cc-pVTZ              selected for orbital group  2
 Library entry O      D cc-pVTZ              selected for orbital group  2
 Library entry O      F cc-pVTZ              selected for orbital group  2
 Library entry H      S cc-pVTZ              selected for orbital group  3
 Library entry H      P cc-pVTZ              selected for orbital group  3
 Library entry H      D cc-pVTZ              selected for orbital group  3


 PROGRAM * SEWARD (Integral evaluation for generally contracted gaussian basis sets)     Author: Roland Lindh, 1990

 Geometry written to block  1 of record 700

 Orientation using atomic masses  
 Molecule type: Asymmetric top
 Rotational constants:       2.7314869      2.5395571     20.0561149 GHz  (calculated with average atomic masses)

 Point group  C1  



 ATOMIC COORDINATES

 NR  ATOM    CHARGE       X              Y              Z

   1  C1      6.00   -1.106837808    0.002195082    1.832479747
   2  O2      8.00    0.395511982    0.082158362    3.917526928
   3  H3      1.00   -2.162919820    1.735916509    1.606347369
   4  H4      1.00   -2.170880731   -1.725860788    1.529520983
   5  H5      1.00    1.203336107   -1.520127415    4.144110600
   6  C21     6.00    1.284055609    0.051773640   -2.021155424
   7  C22     6.00   -0.574188241   -0.037501364   -4.152293190
   8  H23     1.00    2.455643000   -1.610465470   -1.768880422
   9  H24     1.00    2.315218399    1.803380705   -1.775934735
  10  H25     1.00    0.380997804   -0.024781780   -5.990401929
  11  H26     1.00   -1.726843071   -1.744996893   -4.082592378
  12  H27     1.00   -1.842205765    1.586574070   -4.117854619

 Bond lengths in Bohr (Angstrom)

 1-2  2.571161365  1-3  2.042604968  1-4  2.051864626  2-5  1.808656874  6-7  2.828920009
     ( 1.360600000)     ( 1.080900000)     ( 1.085800000)     ( 0.957100000)     ( 1.497000000)

  6- 8  2.049219010   6- 9  2.047329283   7-10  2.071517778   7-11  2.061313257   7-12  2.060746339
       ( 1.084400000)       ( 1.083400000)       ( 1.096200000)       ( 1.090800000)       ( 1.090500000)

 Bond angles

  1-2-5  109.57360000   2-1-3  111.43730000   2-1-4  116.67530000   3-1-4  115.49100373

  6- 7-10  111.43070000   6- 7-11  111.59120000   6- 7-12  111.51390000   7- 6- 8  116.27590000

  7- 6- 9  116.62020000   8- 6- 9  113.03480745  10- 7-11  107.03361014  10- 7-12  107.08056904

 11- 7-12  107.94978348

 NUCLEAR CHARGE:                   34
 NUMBER OF PRIMITIVE AOS:         324
 NUMBER OF SYMMETRY AOS:          296
 NUMBER OF CONTRACTIONS:          232   (  232A   )
 NUMBER OF INNER CORE ORBITALS:     0   (    0A   )
 NUMBER OF OUTER CORE ORBITALS:     4   (    4A   )
 NUMBER OF VALENCE ORBITALS:       24   (   24A   )


 NUCLEAR REPULSION ENERGY  118.48339204


 Eigenvalues of metric

         1 0.116E-02 0.122E-02 0.134E-02 0.137E-02 0.143E-02 0.151E-02 0.163E-02 0.167E-02


 Contracted 2-electron integrals neglected if value below      1.0D-11
 AO integral compression algorithm  1   Integral accuracy      1.0D-11

     1122.238 MB (compressed) written to integral file ( 37.2%)

     Node minimum: 266.600 MB, node maximum: 289.669 MB


 NUMBER OF SORTED TWO-ELECTRON INTEGRALS:   91327612.     BUFFER LENGTH:  32768
 NUMBER OF SEGMENTS:   6  SEGMENT LENGTH:   15998348      RECORD LENGTH: 524288

 Memory used in sort:      16.56 MW

 SORT1 READ   377253644. AND WROTE    71535912. INTEGRALS IN    208 RECORDS. CPU TIME:     9.64 SEC, REAL TIME:    11.92 SEC
 SORT2 READ   286044779. AND WROTE   365269906. INTEGRALS IN   4332 RECORDS. CPU TIME:     1.52 SEC, REAL TIME:     4.02 SEC

 Node minimum:    91307341.  Node maximum:    91327612. integrals

 OPERATOR DM      FOR CENTER  0  COORDINATES:    0.000000    0.000000    0.000000


 **********************************************************************************************************************************
 DATASETS  * FILE   NREC   LENGTH (MB)   RECORD NAMES
              1      18       30.65       500      610      700      900      950      970     1000      129      960     1100   
                                          VAR    BASINP    GEOM    SYMINP    ZMAT    AOBASIS   BASIS     P2S    ABASIS      S 
                                         1400     1410     1200     1210     1080     1600     1650     1700   
                                           T        V       H0       H01     AOSYM     SMH    MOLCAS    OPER   

 PROGRAMS   *        TOTAL       INT
 CPU TIMES  *        15.93     15.71
 REAL TIME  *        22.16 SEC
 DISK USED  *        31.13 MB (local),        4.33 GB (total)
 GA USED    *         0.00 MB       (max)       0.00 MB       (current)
 **********************************************************************************************************************************

 PROGRAM * MULTI (Direct Multiconfiguration SCF)       Authors: P.J. Knowles, H.-J. Werner (1984)
                                                                D.A. Kreplin, P.J. Knowles, H.-J. Werner (2019)

 Number of closed-shell orbitals:  16 (  16 )
 Number of active  orbitals:        2 (   2 )
 Number of external orbitals:     214 ( 214 )

 State symmetry 1

 Number of active electrons:   2    Spin symmetry=Singlet   Space symmetry=1
 Number of states:             1
 Number of CSFs:               3   (4 determinants, 4 intermediate states)

 Orbital guess generated from atomic densities. Full valence occupancy:   28

 Wavefunction dump at record             2140.2

 Convergence thresholds  0.10E-04 (gradient)  0.10E-05 (energy)
 
 Number of orbital rotations:  3884  ( 32 closed/active, 3424 closed/virtual, 0 active/active, 428 active/virtual )
 Total number of variables:    3888
 
  Second-order MCSCF: L-BFGS accelerated
 
 ITER  MIC  NCI  NEG     ENERGY(VAR)    ENERGY(PROJ) ENERGY CHANGE       GRAD(0)  GRAD(ORB)   GRAD(CI)      STEP      TIME
   1   16    6    0   -193.04608375    -193.11866849   -0.07258474    0.43063127 0.00026406 0.00000000  0.27E+00     10.05
   2   15    8    0   -193.12155993    -193.12193723   -0.00037730    0.03061219 0.00006978 0.00000000  0.26E-01     21.14
   3   17    8    0   -193.12193827    -193.12193828   -0.00000001    0.00016316 0.00000004 0.00000000  0.13E-03     31.84

 CONVERGENCE REACHED!  Final gradient:    0.00000001 ( 0.59E-08)
                       Final energy:   -193.12193828
 
 First order charge density matrix for state 1.1 saved on record 2140.2 (density set 1)
 
 Results for state 1.1
 =====================
 !MCSCF STATE 1.1 Energy                      -193.121938276593
 Nuclear energy                                118.48339204
 Kinetic energy                                192.76660927
 One electron energy                          -496.60790305
 Two electron energy                           185.00257272
 Virial ratio                                    2.00184331
 
 !MCSCF STATE 1.1 Dipole moment                 -0.05380694    -0.54251052    -0.20931215
 Dipole moment /Debye                           -0.13676359    -1.37892421    -0.53201841
 
 No non-zero expectation values
 
 
 Natural orbital dump at molpro section 2140.2 (Orbital set 2)


 **********************************************************************************************************************************
 DATASETS  * FILE   NREC   LENGTH (MB)   RECORD NAMES
              1      19      136.95       500      610      700      900      950      970     1000      129      960     1100   
                                          VAR    BASINP    GEOM    SYMINP    ZMAT    AOBASIS   BASIS     P2S    ABASIS      S 
                                         1400     1410     1200     1210     1080     1600     1650     1700     1380   
                                           T        V       H0       H01     AOSYM     SMH    MOLCAS    OPER     JKOP   

              2       4        4.26       700     1000      520     2140   
                                         GEOM     BASIS   MCVARS    MCSCF   

 PROGRAMS   *        TOTAL     MULTI       INT
 CPU TIMES  *        45.56     29.63     15.71
 REAL TIME  *        63.07 SEC
 DISK USED  *       141.28 MB (local),        4.76 GB (total)
 SF USED    *       350.64 MB
 GA USED    *         0.00 MB       (max)       0.00 MB       (current)
 **********************************************************************************************************************************


 PROGRAM * RS2C (Multireference RS Perturbation Theory)     Authors: H.-J. Werner (1993), P. Celani (1998)


 Level shift= 0.20

 Convergence thresholds:  THRVAR = 1.00D-06  THRDEN = 1.00D-06

 Number of optimized states: 1  Roots:    1
 Number of reference states: 1  Roots:    1

 Using rs2c

 Reference symmetry:                   1   Singlet 
 Number of electrons:                 34
 Maximum number of shells:             3
 Maximum number of spin couplings:     2

 Reference space:        3 conf        3 CSFs
 N elec internal:        3 conf        3 CSFs
 N-1 el internal:        2 conf        2 CSFs
 N-2 el internal:        1 conf        1 CSFs

 Number of electrons in valence space:                     26
 Maximum number of open shell orbitals in reference space:  2
 Maximum number of open shell orbitals in internal spaces:  4


 Number of core orbitals:           4 (   4 )
 Number of closed-shell orbitals:  12 (  12 )
 Number of active  orbitals:        2 (   2 )
 Number of external orbitals:     214 ( 214 )

 Molecular orbitals read from record     2140.2  Type=MCSCF/NATURAL (state 1.1)

 Integral transformation finished. Total CPU:   4.22 sec, npass=  1  Memory used:  10.52 MW

 Number of p-space configurations:   3

 Reference wavefunction optimized for reference space (refopt=1)

 State     Reference Energy 
     1      -193.12193828

 Number of blocks in overlap matrix:     2   Smallest eigenvalue:  0.10D+01
 Number of N-2 electron functions:     193
 Number of N-1 electron functions:       2

 Number of internal configurations:                    3
 Number of singly external configurations:           428
 Number of doubly external configurations:       4420705
 Total number of contracted configurations:      4421136
 Total number of uncontracted configurations:      23436

 Weight factors for SA-density in H0:    1.000000

 FIMAX=  0.50D-01  FXMAX=  0.37D-11  DIAG=  F  T  NOREF=1  NOINT=0  IHPPD=2

 Nuclear energy:                     118.48339204
 Core energy:                       -204.12732355
 Zeroth-order valence energy:        -17.73682552
 Zeroth-order total energy:         -103.38075703
 First-order energy:                 -89.74118125


 Using contracted singles

 Number of contracted N-1 electron functions:        336
 Number of contracted internal configurations:         1


 Diagonal Coupling coefficients finished.               Storage:   19991 words, CPU-Time:      0.00 seconds.
 Energy denominators for pairs finished in 0 passes.    Storage:  110563 words, CPU-time:      0.00 seconds.

 A level shift of 0.20 is applied.

  ITER. STATE  ROOT     SQ.NORM     CORR.ENERGY   TOTAL ENERGY   ENERGY CHANGE       DEN1      VAR(S)    VAR(P)      TIME
    1     1     1     1.02079777    -0.00415955  -193.12609783    -0.00415955    -0.70829758  0.21D-01  0.17D+00     6.08
    2     1     1     1.19009277    -0.74709662  -193.86903489    -0.74293706    -0.00003555  0.75D-04  0.72D-04     6.84
    3     1     1     1.19040773    -0.74755260  -193.86949088    -0.00045599    -0.00033001  0.67D-05  0.32D-06     7.74
    4     1     1     1.19046534    -0.74758003  -193.86951830    -0.00002742     0.00000101  0.40D-07  0.34D-07     8.48
    5     1     1     1.19047242    -0.74758278  -193.86952106    -0.00000275    -0.00000464  0.41D-08  0.34D-09     9.21
    6     1     1     1.19047342    -0.74758299  -193.86952126    -0.00000021    -0.00000009  0.80D-10  0.29D-10     9.98

 Energies without level shift correction:

    6     1     1     1.19047342    -0.70948831  -193.83142658

 Energy contributions for state 1.1:
 ===================================

            Energy contr.      SQ.Norm of FOWF
 Space I0     0.00000000          0.00000000
 Space I1    -0.00000005          0.00001884
 Space I2    -0.00093496          0.00052994
 Space S0    -0.00000003          0.00001431
 Space S1    -0.02405892          0.01215607
 Space S2    -0.02270539          0.00881489
 Space P0    -0.00979338          0.00150639
 Space P1    -0.12953062          0.02667893
 Space P2    -0.52246495          0.14075404


 RESULTS FOR STATE 1.1
 =====================


 Reference energy                    -193.12193828
 Nuclear energy                       118.48339204
 Correlation energy                    -0.74758299
 !RSPT2 STATE 1.1 Energy             -193.869521264967


 **********************************************************************************************************************************
 DATASETS  * FILE   NREC   LENGTH (MB)   RECORD NAMES
              1      19      136.95       500      610      700      900      950      970     1000      129      960     1100   
                                          VAR    BASINP    GEOM    SYMINP    ZMAT    AOBASIS   BASIS     P2S    ABASIS      S 
                                         1400     1410     1200     1210     1080     1600     1650     1700     1380   
                                           T        V       H0       H01     AOSYM     SMH    MOLCAS    OPER     JKOP   

              2       4        4.26       700     1000      520     2140   
                                         GEOM     BASIS   MCVARS    MCSCF   

 PROGRAMS   *        TOTAL      RS2C     MULTI       INT
 CPU TIMES  *        55.60     10.04     29.63     15.71
 REAL TIME  *        78.47 SEC
 DISK USED  *       141.28 MB (local),        4.76 GB (total)
 SF USED    *       447.07 MB
 GA USED    *         0.00 MB       (max)       0.00 MB       (current)
 **********************************************************************************************************************************
 SETTING CBSEN          =      -193.86952126  AU                              

 Dump information in style MOLDEN to molpro.molden                                                                   

 Molecular orbitals read from record     2140.2  Type=MCSCF/NATURAL (state 1.1)
 Occupation numbers read from record     2140.2  Type=MCSCF/NATURAL (state 1.1)
 Orbital energies read from record       2140.2  Type=MCSCF/NATURAL (state 1.1)
 Redundancy group numbers read from rec  2140.2  Type=MCSCF/NATURAL (state 1.1)

 DUMP ORBITAL  1.1 AS ORBITAL    1  occ=    2.0000  eig=  -20.5687  GROUP=   0
 DUMP ORBITAL  2.1 AS ORBITAL    2  occ=    2.0000  eig=  -11.2820  GROUP=   0
 DUMP ORBITAL  3.1 AS ORBITAL    3  occ=    2.0000  eig=  -11.2246  GROUP=   0
 DUMP ORBITAL  4.1 AS ORBITAL    4  occ=    2.0000  eig=  -11.2135  GROUP=   0
 DUMP ORBITAL  5.1 AS ORBITAL    5  occ=    2.0000  eig=   -1.3838  GROUP=   0
 DUMP ORBITAL  6.1 AS ORBITAL    6  occ=    2.0000  eig=   -1.0057  GROUP=   0
 DUMP ORBITAL  7.1 AS ORBITAL    7  occ=    2.0000  eig=   -0.8857  GROUP=   0
 DUMP ORBITAL  8.1 AS ORBITAL    8  occ=    2.0000  eig=   -0.8087  GROUP=   0
 DUMP ORBITAL  9.1 AS ORBITAL    9  occ=    2.0000  eig=   -0.7026  GROUP=   0
 DUMP ORBITAL 10.1 AS ORBITAL   10  occ=    2.0000  eig=   -0.6186  GROUP=   0
 DUMP ORBITAL 11.1 AS ORBITAL   11  occ=    2.0000  eig=   -0.6023  GROUP=   0
 DUMP ORBITAL 12.1 AS ORBITAL   12  occ=    2.0000  eig=   -0.5562  GROUP=   0
 DUMP ORBITAL 13.1 AS ORBITAL   13  occ=    2.0000  eig=   -0.5527  GROUP=   0
 DUMP ORBITAL 14.1 AS ORBITAL   14  occ=    2.0000  eig=   -0.5208  GROUP=   0
 DUMP ORBITAL 15.1 AS ORBITAL   15  occ=    2.0000  eig=   -0.5006  GROUP=   0
 DUMP ORBITAL 16.1 AS ORBITAL   16  occ=    2.0000  eig=   -0.4918  GROUP=   0
 DUMP ORBITAL 17.1 AS ORBITAL   17  occ=    1.8057  eig=   -0.2817  GROUP=   0
 DUMP ORBITAL 18.1 AS ORBITAL   18  occ=    0.1943  eig=    0.1592  GROUP=   0

 Total charge:      34.000000

 **********************************************************************************************************************************

 RS2C/cc-pVTZ energy=   -193.869521264967

            RS2C           MULTI
   -193.86952126   -193.12193828
 **********************************************************************************************************************************
 Molpro calculation terminated
