
 Working directory              : /scratch/mdt/206688/molpro.Tsuuqzb5HS/
 Global scratch directory       : /scratch/mdt/206688/molpro.Tsuuqzb5HS/
 Wavefunction directory         : /home/chimica2/mditeodoro/wfu/
 Main file repository           : /scratch/mdt/206688/molpro.Tsuuqzb5HS/

 id        : polimi

 Nodes     nprocs
 node-5-3     4
 GA implementation: MPI file
 GA implementation (serial work in mppx): MPI file

 Using customized tuning parameters: mindgm=1; mindgv=20; mindgc=4; mindgr=1; noblas=0; minvec=7
 default implementation of scratch files=sf  


 Variables initialized (1009), CPU time= 0.01 sec
  memory,         400 ,m
   nosym
  geometry={angstrom
     C1
     O2   C1   R1
     H3   C1   R2   O2   A2
     H4   C1   R3   O2   A3   H3   D3
     H5   O2   R4   C1   A4   H3   D4
     C21 C1 BB O2 ANG1 H3 DH1
     C22 C21 R21 C1 ANG2 O2 DH2
     H23 C21 R22 C22 A22 C1 DH3
     H24 C21 R23 C22 A23 H23 D23
     H25 C22 R24 C21 A24 H23 D24
     H26 C22 R25 C21 A25 H25 D25
     H27 C22 R26 C21 A26 H25 D26
  }
  R1                             =    1.3568000000000000
  R2                             =    1.0781000000000001
  R3                             =    1.0817000000000001
  R4                             =   0.95720000000000005
  A2                             =    113.76349999999999
  A3                             =    118.84110000000000
  A4                             =    109.77070000000001
  D3                             =    208.49299999999999
  R21                            =    1.4841000000000000
  R22                            =    1.0807000000000000
  R23                            =    1.0800000000000001
  R24                            =    1.0986000000000000
  R25                            =    1.0911000000000000
  R26                            =    1.0905000000000000
  A22                            =    120.33730000000000
  A23                            =    120.58090000000000
  A24                            =    111.69970000000001
  A25                            =    111.71610000000000
  A26                            =    111.64790000000001
  D23                            =    164.77310000000000
  D25                            =    119.27110000000000
  D26                            =    240.56690000000000
  ANG2                           =    99.401399999999995
  DH2                            =    201.24560000000000
  DH3                            =    100.71760000000000
  D4                             =    176.23290000000000
  D24                            =    279.40940000000001
  DH1                            =    104.41450000000000
  ANG1                           =    113.68590000000000
  BB                             =    3.2000000000000002
 
  SET,SPIN=           0
   basis=cc-pvtz
   {multi;closed,16;occ,18;wf, 34,1,0,;state,1;maxiter,40}
                                                                                ! Uncomment to guide creation of AS for MC sampling
                                                                                 ! (also needs uncommented lines in run.sh)
                                                                                 !ACTIVESPACE2_T
                                                                                 !ACTIVESPACE2
 
   RS2C,SHIFT=0.2
   CBSen = energy
  put,molden,molpro.molden
 Commands initialized (810), CPU time= 0.01 sec, 661 directives.
 Default parameters read. Elapsed time= 0.19 sec

 Checking input...
 Passed
1


                                         ***  PROGRAM SYSTEM MOLPRO  ***
                                       Copyright, TTI GmbH Stuttgart, 2015
                                    Version 2021.2 linked Jun  2 2021 00:13:23


 **********************************************************************************************************************************
 LABEL *                                                                                 
  64 bit mpp version                                                                     DATE: 20-Jun-24          TIME: 09:28:41  
 **********************************************************************************************************************************

 SHA1:             1987c3f1b0c3ae76932bc24993909f2d7ae6b1f1
 **********************************************************************************************************************************

 Memory per process:       400 MW
 Total memory per node:   1600 MW

 GA preallocation disabled
 GA check disabled

 Variable memory set to 400.0 MW

 ZSYMEL=NOSYM

 SETTING R1             =         1.35680000                                  
 SETTING R2             =         1.07810000                                  
 SETTING R3             =         1.08170000                                  
 SETTING R4             =         0.95720000                                  
 SETTING A2             =       113.76350000                                  
 SETTING A3             =       118.84110000                                  
 SETTING A4             =       109.77070000                                  
 SETTING D3             =       208.49300000                                  
 SETTING R21            =         1.48410000                                  
 SETTING R22            =         1.08070000                                  
 SETTING R23            =         1.08000000                                  
 SETTING R24            =         1.09860000                                  
 SETTING R25            =         1.09110000                                  
 SETTING R26            =         1.09050000                                  
 SETTING A22            =       120.33730000                                  
 SETTING A23            =       120.58090000                                  
 SETTING A24            =       111.69970000                                  
 SETTING A25            =       111.71610000                                  
 SETTING A26            =       111.64790000                                  
 SETTING D23            =       164.77310000                                  
 SETTING D25            =       119.27110000                                  
 SETTING D26            =       240.56690000                                  
 SETTING ANG2           =        99.40140000                                  
 SETTING DH2            =       201.24560000                                  
 SETTING DH3            =       100.71760000                                  
 SETTING D4             =       176.23290000                                  
 SETTING D24            =       279.40940000                                  
 SETTING DH1            =       104.41450000                                  
 SETTING ANG1           =       113.68590000                                  
 SETTING BB             =         3.20000000                                  
 SETTING SPIN           =     0.00000000D+00                                  
 SETTING BASIS          =    CC-PVTZ


 Recomputing integrals since basis changed


 Using spherical harmonics

 Library entry C      S cc-pVTZ              selected for orbital group  1
 Library entry C      P cc-pVTZ              selected for orbital group  1
 Library entry C      D cc-pVTZ              selected for orbital group  1
 Library entry C      F cc-pVTZ              selected for orbital group  1
 Library entry O      S cc-pVTZ              selected for orbital group  2
 Library entry O      P cc-pVTZ              selected for orbital group  2
 Library entry O      D cc-pVTZ              selected for orbital group  2
 Library entry O      F cc-pVTZ              selected for orbital group  2
 Library entry H      S cc-pVTZ              selected for orbital group  3
 Library entry H      P cc-pVTZ              selected for orbital group  3
 Library entry H      D cc-pVTZ              selected for orbital group  3


 PROGRAM * SEWARD (Integral evaluation for generally contracted gaussian basis sets)     Author: Roland Lindh, 1990

 Geometry written to block  1 of record 700

 Orientation using atomic masses  
 Molecule type: Asymmetric top
 Rotational constants:       2.0310816      1.9002591     16.9238877 GHz  (calculated with average atomic masses)

 Point group  C1  



 ATOMIC COORDINATES

 NR  ATOM    CHARGE       X              Y              Z

   1  C1      6.00   -1.113210503   -0.286401520    2.514573089
   2  O2      8.00    0.488299423    0.312557042    4.425177737
   3  H3      1.00   -2.423542753    1.201227998    2.044855019
   4  H4      1.00   -1.614100659   -2.247051990    2.225830866
   5  H5      1.00    1.523927539   -1.115338472    4.825817352
   6  C21     6.00    1.463365510   -0.130819937   -2.953950865
   7  C22     6.00   -0.834684335    0.160070357   -4.535029173
   8  H23     1.00    2.355430568   -1.957312008   -2.756877632
   9  H24     1.00    2.533348718    1.504796851   -2.366427527
  10  H25     1.00   -0.365630186    0.300658711   -6.552507718
  11  H26     1.00   -2.105576354   -1.451513548   -4.337593991
  12  H27     1.00   -1.880974582    1.867511524   -4.048616948

 Bond lengths in Bohr (Angstrom)

 1-2  2.563980406  1-3  2.037313735  1-4  2.044116749  2-5  1.808845846  6-7  2.804542542
     ( 1.356800000)     ( 1.078100000)     ( 1.081700000)     ( 0.957200000)     ( 1.484100000)

  6- 8  2.042227023   6- 9  2.040904215   7-10  2.076053121   7-11  2.061880175   7-12  2.060746339
       ( 1.080700000)       ( 1.080000000)       ( 1.098600000)       ( 1.091100000)       ( 1.090500000)

 Bond angles

  1-2-5  109.77070000   2-1-3  113.76350000   2-1-4  118.84110000   3-1-4  120.67763266

  6- 7-10  111.69970000   6- 7-11  111.71610000   6- 7-12  111.64790000   7- 6- 8  120.33730000

  7- 6- 9  120.58090000   8- 6- 9  117.38534346  10- 7-11  106.57344326  10- 7-12  106.73713282

 11- 7-12  108.18315276

 NUCLEAR CHARGE:                   34
 NUMBER OF PRIMITIVE AOS:         324
 NUMBER OF SYMMETRY AOS:          296
 NUMBER OF CONTRACTIONS:          232   (  232A   )
 NUMBER OF INNER CORE ORBITALS:     0   (    0A   )
 NUMBER OF OUTER CORE ORBITALS:     4   (    4A   )
 NUMBER OF VALENCE ORBITALS:       24   (   24A   )


 NUCLEAR REPULSION ENERGY  111.06249980


 Eigenvalues of metric

         1 0.109E-02 0.125E-02 0.136E-02 0.141E-02 0.158E-02 0.164E-02 0.166E-02 0.180E-02


 Contracted 2-electron integrals neglected if value below      1.0D-11
 AO integral compression algorithm  1   Integral accuracy      1.0D-11

     973.341 MB (compressed) written to integral file ( 33.8%)

     Node minimum: 231.473 MB, node maximum: 260.571 MB


 NUMBER OF SORTED TWO-ELECTRON INTEGRALS:   91327612.     BUFFER LENGTH:  32768
 NUMBER OF SEGMENTS:   6  SEGMENT LENGTH:   15998348      RECORD LENGTH: 524288

 Memory used in sort:      16.56 MW

 SORT1 READ   360311561. AND WROTE    62626087. INTEGRALS IN    182 RECORDS. CPU TIME:     7.55 SEC, REAL TIME:     9.65 SEC
 SORT2 READ   250635655. AND WROTE   365269906. INTEGRALS IN   3532 RECORDS. CPU TIME:     1.67 SEC, REAL TIME:     3.31 SEC

 Node minimum:    91307341.  Node maximum:    91327612. integrals

 OPERATOR DM      FOR CENTER  0  COORDINATES:    0.000000    0.000000    0.000000


 **********************************************************************************************************************************
 DATASETS  * FILE   NREC   LENGTH (MB)   RECORD NAMES
              1      18       30.65       500      610      700      900      950      970     1000      129      960     1100   
                                          VAR    BASINP    GEOM    SYMINP    ZMAT    AOBASIS   BASIS     P2S    ABASIS      S 
                                         1400     1410     1200     1210     1080     1600     1650     1700   
                                           T        V       H0       H01     AOSYM     SMH    MOLCAS    OPER   

 PROGRAMS   *        TOTAL       INT
 CPU TIMES  *        14.27     14.09
 REAL TIME  *        19.14 SEC
 DISK USED  *        31.13 MB (local),        3.80 GB (total)
 GA USED    *         0.00 MB       (max)       0.00 MB       (current)
 **********************************************************************************************************************************

 PROGRAM * MULTI (Direct Multiconfiguration SCF)       Authors: P.J. Knowles, H.-J. Werner (1984)
                                                                D.A. Kreplin, P.J. Knowles, H.-J. Werner (2019)

 Number of closed-shell orbitals:  16 (  16 )
 Number of active  orbitals:        2 (   2 )
 Number of external orbitals:     214 ( 214 )

 State symmetry 1

 Number of active electrons:   2    Spin symmetry=Singlet   Space symmetry=1
 Number of states:             1
 Number of CSFs:               3   (4 determinants, 4 intermediate states)

 Orbital guess generated from atomic densities. Full valence occupancy:   28

 Wavefunction dump at record             2140.2

 Convergence thresholds  0.10E-04 (gradient)  0.10E-05 (energy)
 
 Number of orbital rotations:  3884  ( 32 closed/active, 3424 closed/virtual, 0 active/active, 428 active/virtual )
 Total number of variables:    3888
 
  Second-order MCSCF: L-BFGS accelerated
 
 ITER  MIC  NCI  NEG     ENERGY(VAR)    ENERGY(PROJ) ENERGY CHANGE       GRAD(0)  GRAD(ORB)   GRAD(CI)      STEP      TIME
   1   14    6    0   -193.02182634    -193.08607970   -0.06425335    0.40243074 0.00073842 0.00000000  0.18E+00     10.25
   2   14    7    0   -193.08666584    -193.08674601   -0.00008018    0.01582329 0.00001103 0.00000000  0.70E-02     20.84
   3   11    6    0   -193.08674613    -193.08674613   -0.00000000    0.00003656 0.00000001 0.00000000  0.19E-04     31.19

 CONVERGENCE REACHED!  Final gradient:    0.00000000 ( 0.62E-09)
                       Final energy:   -193.08674613
 
 First order charge density matrix for state 1.1 saved on record 2140.2 (density set 1)
 
 Results for state 1.1
 =====================
 !MCSCF STATE 1.1 Energy                      -193.086746129778
 Nuclear energy                                111.06249980
 Kinetic energy                                192.87415211
 One electron energy                          -481.70803859
 Two electron energy                           177.55879266
 Virial ratio                                    2.00110224
 
 !MCSCF STATE 1.1 Dipole moment                 -0.00157142    -0.58839372    -0.09317776
 Dipole moment /Debye                           -0.00399415    -1.49554765    -0.23683424
 
 No non-zero expectation values
 
 
 Natural orbital dump at molpro section 2140.2 (Orbital set 2)


 **********************************************************************************************************************************
 DATASETS  * FILE   NREC   LENGTH (MB)   RECORD NAMES
              1      19      136.95       500      610      700      900      950      970     1000      129      960     1100   
                                          VAR    BASINP    GEOM    SYMINP    ZMAT    AOBASIS   BASIS     P2S    ABASIS      S 
                                         1400     1410     1200     1210     1080     1600     1650     1700     1380   
                                           T        V       H0       H01     AOSYM     SMH    MOLCAS    OPER     JKOP   

              2       4        4.26       700     1000      520     2140   
                                         GEOM     BASIS   MCVARS    MCSCF   

 PROGRAMS   *        TOTAL     MULTI       INT
 CPU TIMES  *        43.03     28.76     14.09
 REAL TIME  *        60.50 SEC
 DISK USED  *       141.28 MB (local),        4.23 GB (total)
 SF USED    *       350.64 MB
 GA USED    *         0.00 MB       (max)       0.00 MB       (current)
 **********************************************************************************************************************************


 PROGRAM * RS2C (Multireference RS Perturbation Theory)     Authors: H.-J. Werner (1993), P. Celani (1998)


 Level shift= 0.20

 Convergence thresholds:  THRVAR = 1.00D-06  THRDEN = 1.00D-06

 Number of optimized states: 1  Roots:    1
 Number of reference states: 1  Roots:    1

 Using rs2c

 Reference symmetry:                   1   Singlet 
 Number of electrons:                 34
 Maximum number of shells:             3
 Maximum number of spin couplings:     2

 Reference space:        3 conf        3 CSFs
 N elec internal:        3 conf        3 CSFs
 N-1 el internal:        2 conf        2 CSFs
 N-2 el internal:        1 conf        1 CSFs

 Number of electrons in valence space:                     26
 Maximum number of open shell orbitals in reference space:  2
 Maximum number of open shell orbitals in internal spaces:  4


 Number of core orbitals:           4 (   4 )
 Number of closed-shell orbitals:  12 (  12 )
 Number of active  orbitals:        2 (   2 )
 Number of external orbitals:     214 ( 214 )

 Molecular orbitals read from record     2140.2  Type=MCSCF/NATURAL (state 1.1)

 Integral transformation finished. Total CPU:   4.15 sec, npass=  1  Memory used:  10.52 MW

 Number of p-space configurations:   3

 Reference wavefunction optimized for reference space (refopt=1)

 State     Reference Energy 
     1      -193.08674613

 Number of blocks in overlap matrix:     2   Smallest eigenvalue:  0.10D+01
 Number of N-2 electron functions:     193
 Number of N-1 electron functions:       2

 Number of internal configurations:                    3
 Number of singly external configurations:           428
 Number of doubly external configurations:       4420705
 Total number of contracted configurations:      4421136
 Total number of uncontracted configurations:      23436

 Weight factors for SA-density in H0:    1.000000

 FIMAX=  0.31D-01  FXMAX=  0.17D-11  DIAG=  F  T  NOREF=1  NOINT=0  IHPPD=2

 Nuclear energy:                     111.06249980
 Core energy:                       -200.83196467
 Zeroth-order valence energy:        -17.56714971
 Zeroth-order total energy:         -107.33661458
 First-order energy:                 -85.75013155


 Using contracted singles

 Number of contracted N-1 electron functions:        336
 Number of contracted internal configurations:         1


 Diagonal Coupling coefficients finished.               Storage:   19991 words, CPU-Time:      0.00 seconds.
 Energy denominators for pairs finished in 0 passes.    Storage:  110563 words, CPU-time:      0.00 seconds.

 A level shift of 0.20 is applied.

  ITER. STATE  ROOT     SQ.NORM     CORR.ENERGY   TOTAL ENERGY   ENERGY CHANGE       DEN1      VAR(S)    VAR(P)      TIME
    1     1     1     1.02109765    -0.00421953  -193.09096566    -0.00421953    -0.70737366  0.21D-01  0.17D+00     5.52
    2     1     1     1.19131199    -0.74572472  -193.83247085    -0.74150519     0.00010585  0.39D-04  0.26D-04     6.43
    3     1     1     1.19137543    -0.74587487  -193.83262100    -0.00015015    -0.00010332  0.17D-05  0.86D-07     7.31
    4     1     1     1.19141004    -0.74588458  -193.83263071    -0.00000971     0.00000081  0.61D-08  0.34D-08     8.11
    5     1     1     1.19141118    -0.74588517  -193.83263130    -0.00000059    -0.00000096  0.37D-09  0.25D-10     8.93

 Energies without level shift correction:

    5     1     1     1.19141118    -0.70760293  -193.79434906

 Energy contributions for state 1.1:
 ===================================

            Energy contr.      SQ.Norm of FOWF
 Space I0     0.00000000          0.00000000
 Space I1    -0.00000001          0.00001974
 Space I2    -0.00034505          0.00023303
 Space S0    -0.00000000          0.00000807
 Space S1    -0.01799956          0.01007221
 Space S2    -0.02677120          0.01099809
 Space P0    -0.00984004          0.00151309
 Space P1    -0.13552382          0.02810880
 Space P2    -0.51712325          0.14045815


 RESULTS FOR STATE 1.1
 =====================


 Reference energy                    -193.08674613
 Nuclear energy                       111.06249980
 Correlation energy                    -0.74588517
 !RSPT2 STATE 1.1 Energy             -193.832631297751


 **********************************************************************************************************************************
 DATASETS  * FILE   NREC   LENGTH (MB)   RECORD NAMES
              1      19      136.95       500      610      700      900      950      970     1000      129      960     1100   
                                          VAR    BASINP    GEOM    SYMINP    ZMAT    AOBASIS   BASIS     P2S    ABASIS      S 
                                         1400     1410     1200     1210     1080     1600     1650     1700     1380   
                                           T        V       H0       H01     AOSYM     SMH    MOLCAS    OPER     JKOP   

              2       4        4.26       700     1000      520     2140   
                                         GEOM     BASIS   MCVARS    MCSCF   

 PROGRAMS   *        TOTAL      RS2C     MULTI       INT
 CPU TIMES  *        52.04      8.98     28.76     14.09
 REAL TIME  *        74.22 SEC
 DISK USED  *       141.28 MB (local),        4.23 GB (total)
 SF USED    *       446.37 MB
 GA USED    *         0.00 MB       (max)       0.00 MB       (current)
 **********************************************************************************************************************************
 SETTING CBSEN          =      -193.83263130  AU                              

 Dump information in style MOLDEN to molpro.molden                                                                   

 Molecular orbitals read from record     2140.2  Type=MCSCF/NATURAL (state 1.1)
 Occupation numbers read from record     2140.2  Type=MCSCF/NATURAL (state 1.1)
 Orbital energies read from record       2140.2  Type=MCSCF/NATURAL (state 1.1)
 Redundancy group numbers read from rec  2140.2  Type=MCSCF/NATURAL (state 1.1)

 DUMP ORBITAL  1.1 AS ORBITAL    1  occ=    2.0000  eig=  -20.5748  GROUP=   0
 DUMP ORBITAL  2.1 AS ORBITAL    2  occ=    2.0000  eig=  -11.2676  GROUP=   0
 DUMP ORBITAL  3.1 AS ORBITAL    3  occ=    2.0000  eig=  -11.2164  GROUP=   0
 DUMP ORBITAL  4.1 AS ORBITAL    4  occ=    2.0000  eig=  -11.2153  GROUP=   0
 DUMP ORBITAL  5.1 AS ORBITAL    5  occ=    2.0000  eig=   -1.3874  GROUP=   0
 DUMP ORBITAL  6.1 AS ORBITAL    6  occ=    2.0000  eig=   -1.0067  GROUP=   0
 DUMP ORBITAL  7.1 AS ORBITAL    7  occ=    2.0000  eig=   -0.8852  GROUP=   0
 DUMP ORBITAL  8.1 AS ORBITAL    8  occ=    2.0000  eig=   -0.8106  GROUP=   0
 DUMP ORBITAL  9.1 AS ORBITAL    9  occ=    2.0000  eig=   -0.7091  GROUP=   0
 DUMP ORBITAL 10.1 AS ORBITAL   10  occ=    2.0000  eig=   -0.6202  GROUP=   0
 DUMP ORBITAL 11.1 AS ORBITAL   11  occ=    2.0000  eig=   -0.6094  GROUP=   0
 DUMP ORBITAL 12.1 AS ORBITAL   12  occ=    2.0000  eig=   -0.5571  GROUP=   0
 DUMP ORBITAL 13.1 AS ORBITAL   13  occ=    2.0000  eig=   -0.5519  GROUP=   0
 DUMP ORBITAL 14.1 AS ORBITAL   14  occ=    2.0000  eig=   -0.5326  GROUP=   0
 DUMP ORBITAL 15.1 AS ORBITAL   15  occ=    2.0000  eig=   -0.5134  GROUP=   0
 DUMP ORBITAL 16.1 AS ORBITAL   16  occ=    2.0000  eig=   -0.4975  GROUP=   0
 DUMP ORBITAL 17.1 AS ORBITAL   17  occ=    1.3980  eig=   -0.1472  GROUP=   0
 DUMP ORBITAL 18.1 AS ORBITAL   18  occ=    0.6020  eig=    0.0021  GROUP=   0

 Total charge:      34.000000

 **********************************************************************************************************************************

 RS2C/cc-pVTZ energy=   -193.832631297751

            RS2C           MULTI
   -193.83263130   -193.08674613
 **********************************************************************************************************************************
 Molpro calculation terminated
