
 Working directory              : /scratch/mdt/206689/molpro.bje5LzTfBO/
 Global scratch directory       : /scratch/mdt/206689/molpro.bje5LzTfBO/
 Wavefunction directory         : /home/chimica2/mditeodoro/wfu/
 Main file repository           : /scratch/mdt/206689/molpro.bje5LzTfBO/

 id        : polimi

 Nodes     nprocs
 node-5-9     4
 GA implementation: MPI file
 GA implementation (serial work in mppx): MPI file

 Using customized tuning parameters: mindgm=1; mindgv=20; mindgc=4; mindgr=1; noblas=0; minvec=7
 default implementation of scratch files=sf  


 Variables initialized (1009), CPU time= 0.01 sec
  memory,         400 ,m
   nosym
  geometry={angstrom
     C1
     O2   C1   R1
     H3   C1   R2   O2   A2
     H4   C1   R3   O2   A3   H3   D3
     H5   O2   R4   C1   A4   H3   D4
     C21 C1 BB O2 ANG1 H3 DH1
     C22 C21 R21 C1 ANG2 O2 DH2
     H23 C21 R22 C22 A22 C1 DH3
     H24 C21 R23 C22 A23 H23 D23
     H25 C22 R24 C21 A24 H23 D24
     H26 C22 R25 C21 A25 H25 D25
     H27 C22 R26 C21 A26 H25 D26
  }
  R1                             =    1.3568000000000000
  R2                             =    1.0779000000000001
  R3                             =    1.0813999999999999
  R4                             =   0.95730000000000004
  A2                             =    113.91270000000000
  A3                             =    119.04330000000000
  A4                             =    109.73170000000000
  D3                             =    206.70820000000001
  R21                            =    1.4833000000000001
  R22                            =    1.0805000000000000
  R23                            =    1.0800000000000001
  R24                            =    1.0986000000000000
  R25                            =    1.0911000000000000
  R26                            =    1.0905000000000000
  A22                            =    120.62710000000000
  A23                            =    120.80800000000001
  A24                            =    111.69840000000001
  A25                            =    111.72160000000000
  A26                            =    111.63710000000000
  D23                            =    168.31460000000001
  D25                            =    119.26970000000000
  D26                            =    240.59569999999999
  ANG2                           =    98.146500000000003
  DH2                            =    202.53579999999999
  DH3                            =    99.922799999999995
  D4                             =    176.48040000000000
  D24                            =    277.41140000000001
  DH1                            =    104.41450000000000
  ANG1                           =    113.68590000000000
  BB                             =    3.3999999999999999
 
  SET,SPIN=           0
   basis=cc-pvtz
   {multi;closed,16;occ,18;wf, 34,1,0,;state,1;maxiter,40}
                                                                                ! Uncomment to guide creation of AS for MC sampling
                                                                                 ! (also needs uncommented lines in run.sh)
                                                                                 !ACTIVESPACE2_T
                                                                                 !ACTIVESPACE2
 
   RS2C,SHIFT=0.2
   CBSen = energy
  put,molden,molpro.molden
 Commands initialized (810), CPU time= 0.01 sec, 661 directives.
 Default parameters read. Elapsed time= 0.17 sec

 Checking input...
 Passed
1


                                         ***  PROGRAM SYSTEM MOLPRO  ***
                                       Copyright, TTI GmbH Stuttgart, 2015
                                    Version 2021.2 linked Jun  2 2021 00:13:23


 **********************************************************************************************************************************
 LABEL *                                                                                 
  64 bit mpp version                                                                     DATE: 20-Jun-24          TIME: 09:28:41  
 **********************************************************************************************************************************

 SHA1:             1987c3f1b0c3ae76932bc24993909f2d7ae6b1f1
 **********************************************************************************************************************************

 Memory per process:       400 MW
 Total memory per node:   1600 MW

 GA preallocation disabled
 GA check disabled

 Variable memory set to 400.0 MW

 ZSYMEL=NOSYM

 SETTING R1             =         1.35680000                                  
 SETTING R2             =         1.07790000                                  
 SETTING R3             =         1.08140000                                  
 SETTING R4             =         0.95730000                                  
 SETTING A2             =       113.91270000                                  
 SETTING A3             =       119.04330000                                  
 SETTING A4             =       109.73170000                                  
 SETTING D3             =       206.70820000                                  
 SETTING R21            =         1.48330000                                  
 SETTING R22            =         1.08050000                                  
 SETTING R23            =         1.08000000                                  
 SETTING R24            =         1.09860000                                  
 SETTING R25            =         1.09110000                                  
 SETTING R26            =         1.09050000                                  
 SETTING A22            =       120.62710000                                  
 SETTING A23            =       120.80800000                                  
 SETTING A24            =       111.69840000                                  
 SETTING A25            =       111.72160000                                  
 SETTING A26            =       111.63710000                                  
 SETTING D23            =       168.31460000                                  
 SETTING D25            =       119.26970000                                  
 SETTING D26            =       240.59570000                                  
 SETTING ANG2           =        98.14650000                                  
 SETTING DH2            =       202.53580000                                  
 SETTING DH3            =        99.92280000                                  
 SETTING D4             =       176.48040000                                  
 SETTING D24            =       277.41140000                                  
 SETTING DH1            =       104.41450000                                  
 SETTING ANG1           =       113.68590000                                  
 SETTING BB             =         3.40000000                                  
 SETTING SPIN           =     0.00000000D+00                                  
 SETTING BASIS          =    CC-PVTZ


 Recomputing integrals since basis changed


 Using spherical harmonics

 Library entry C      S cc-pVTZ              selected for orbital group  1
 Library entry C      P cc-pVTZ              selected for orbital group  1
 Library entry C      D cc-pVTZ              selected for orbital group  1
 Library entry C      F cc-pVTZ              selected for orbital group  1
 Library entry O      S cc-pVTZ              selected for orbital group  2
 Library entry O      P cc-pVTZ              selected for orbital group  2
 Library entry O      D cc-pVTZ              selected for orbital group  2
 Library entry O      F cc-pVTZ              selected for orbital group  2
 Library entry H      S cc-pVTZ              selected for orbital group  3
 Library entry H      P cc-pVTZ              selected for orbital group  3
 Library entry H      D cc-pVTZ              selected for orbital group  3


 PROGRAM * SEWARD (Integral evaluation for generally contracted gaussian basis sets)     Author: Roland Lindh, 1990

 Geometry written to block  1 of record 700

 Orientation using atomic masses  
 Molecule type: Asymmetric top
 Rotational constants:       1.8848221      1.7670468     16.4121157 GHz  (calculated with average atomic masses)

 Point group  C1  



 ATOMIC COORDINATES

 NR  ATOM    CHARGE       X              Y              Z

   1  C1      6.00   -1.117829734   -0.306642499    2.693378814
   2  O2      8.00    0.518401767    0.327032768    4.562923586
   3  H3      1.00   -2.461822144    1.155786410    2.241611728
   4  H4      1.00   -1.558601770   -2.278411705    2.386879024
   5  H5      1.00    1.587820923   -1.081917072    4.942146466
   6  C21     6.00    1.482763731   -0.138607874   -3.179455884
   7  C22     6.00   -0.881969573    0.170825508   -4.652299674
   8  H23     1.00    2.368296551   -1.970279248   -3.006368451
   9  H24     1.00    2.547422631    1.487845709   -2.557812754
  10  H25     1.00   -0.501382328    0.360019944   -6.684381211
  11  H26     1.00   -2.133109783   -1.453891735   -4.437144128
  12  H27     1.00   -1.916210358    1.859889090   -4.083014431

 Bond lengths in Bohr (Angstrom)

 1-2  2.563980406  1-3  2.036935790  1-4  2.043549831  2-5  1.809034819  6-7  2.803030761
     ( 1.356800000)     ( 1.077900000)     ( 1.081400000)     ( 0.957300000)     ( 1.483300000)

  6- 8  2.041849078   6- 9  2.040904215   7-10  2.076053121   7-11  2.061880175   7-12  2.060746339
       ( 1.080500000)       ( 1.080000000)       ( 1.098600000)       ( 1.091100000)       ( 1.090500000)

 Bond angles

  1-2-5  109.73170000   2-1-3  113.91270000   2-1-4  119.04330000   3-1-4  121.14180910

  6- 7-10  111.69840000   6- 7-11  111.72160000   6- 7-12  111.63710000   7- 6- 8  120.62710000

  7- 6- 9  120.80800000   8- 6- 9  117.57027323  10- 7-11  106.57010184  10- 7-12  106.72097797

 11- 7-12  108.20952190

 NUCLEAR CHARGE:                   34
 NUMBER OF PRIMITIVE AOS:         324
 NUMBER OF SYMMETRY AOS:          296
 NUMBER OF CONTRACTIONS:          232   (  232A   )
 NUMBER OF INNER CORE ORBITALS:     0   (    0A   )
 NUMBER OF OUTER CORE ORBITALS:     4   (    4A   )
 NUMBER OF VALENCE ORBITALS:       24   (   24A   )


 NUCLEAR REPULSION ENERGY  109.47766051


 Eigenvalues of metric

         1 0.110E-02 0.125E-02 0.137E-02 0.142E-02 0.159E-02 0.166E-02 0.169E-02 0.183E-02


 Contracted 2-electron integrals neglected if value below      1.0D-11
 AO integral compression algorithm  1   Integral accuracy      1.0D-11

     932.184 MB (compressed) written to integral file ( 32.9%)

     Node minimum: 212.337 MB, node maximum: 253.493 MB


 NUMBER OF SORTED TWO-ELECTRON INTEGRALS:   91327612.     BUFFER LENGTH:  32768
 NUMBER OF SEGMENTS:   6  SEGMENT LENGTH:   15998348      RECORD LENGTH: 524288

 Memory used in sort:      16.56 MW

 SORT1 READ   354499353. AND WROTE    60090159. INTEGRALS IN    175 RECORDS. CPU TIME:     7.31 SEC, REAL TIME:     8.90 SEC
 SORT2 READ   240353206. AND WROTE   365269906. INTEGRALS IN   3868 RECORDS. CPU TIME:     1.52 SEC, REAL TIME:     2.98 SEC

 Node minimum:    91307341.  Node maximum:    91327612. integrals

 OPERATOR DM      FOR CENTER  0  COORDINATES:    0.000000    0.000000    0.000000


 **********************************************************************************************************************************
 DATASETS  * FILE   NREC   LENGTH (MB)   RECORD NAMES
              1      18       30.65       500      610      700      900      950      970     1000      129      960     1100   
                                          VAR    BASINP    GEOM    SYMINP    ZMAT    AOBASIS   BASIS     P2S    ABASIS      S 
                                         1400     1410     1200     1210     1080     1600     1650     1700   
                                           T        V       H0       H01     AOSYM     SMH    MOLCAS    OPER   

 PROGRAMS   *        TOTAL       INT
 CPU TIMES  *        13.90     13.71
 REAL TIME  *        18.27 SEC
 DISK USED  *        31.13 MB (local),        3.66 GB (total)
 GA USED    *         0.00 MB       (max)       0.00 MB       (current)
 **********************************************************************************************************************************

 PROGRAM * MULTI (Direct Multiconfiguration SCF)       Authors: P.J. Knowles, H.-J. Werner (1984)
                                                                D.A. Kreplin, P.J. Knowles, H.-J. Werner (2019)

 Number of closed-shell orbitals:  16 (  16 )
 Number of active  orbitals:        2 (   2 )
 Number of external orbitals:     214 ( 214 )

 State symmetry 1

 Number of active electrons:   2    Spin symmetry=Singlet   Space symmetry=1
 Number of states:             1
 Number of CSFs:               3   (4 determinants, 4 intermediate states)

 Orbital guess generated from atomic densities. Full valence occupancy:   28

 Wavefunction dump at record             2140.2

 Convergence thresholds  0.10E-04 (gradient)  0.10E-05 (energy)
 
 Number of orbital rotations:  3884  ( 32 closed/active, 3424 closed/virtual, 0 active/active, 428 active/virtual )
 Total number of variables:    3888
 
  Second-order MCSCF: L-BFGS accelerated
 
 ITER  MIC  NCI  NEG     ENERGY(VAR)    ENERGY(PROJ) ENERGY CHANGE       GRAD(0)  GRAD(ORB)   GRAD(CI)      STEP      TIME
   1   14    6    0   -193.02040233    -193.08370424   -0.06330191    0.40033503 0.00065619 0.00000000  0.17E+00      9.56
   2   14    7    0   -193.08421113    -193.08428112   -0.00006999    0.01491902 0.00000812 0.00000000  0.63E-02     22.04
   3   11    6    0   -193.08428121    -193.08428121   -0.00000000    0.00003204 0.00000001 0.00000000  0.16E-04     32.45

 CONVERGENCE REACHED!  Final gradient:    0.00000000 ( 0.29E-09)
                       Final energy:   -193.08428121
 
 First order charge density matrix for state 1.1 saved on record 2140.2 (density set 1)
 
 Results for state 1.1
 =====================
 !MCSCF STATE 1.1 Energy                      -193.084281213745
 Nuclear energy                                109.47766051
 Kinetic energy                                192.88725671
 One electron energy                          -478.52944131
 Two electron energy                           175.96749958
 Virial ratio                                    2.00102145
 
 !MCSCF STATE 1.1 Dipole moment                  0.00439116    -0.59045303    -0.09217872
 Dipole moment /Debye                            0.01116122    -1.50078190    -0.23429494
 
 No non-zero expectation values
 
 
 Natural orbital dump at molpro section 2140.2 (Orbital set 2)


 **********************************************************************************************************************************
 DATASETS  * FILE   NREC   LENGTH (MB)   RECORD NAMES
              1      19      136.95       500      610      700      900      950      970     1000      129      960     1100   
                                          VAR    BASINP    GEOM    SYMINP    ZMAT    AOBASIS   BASIS     P2S    ABASIS      S 
                                         1400     1410     1200     1210     1080     1600     1650     1700     1380   
                                           T        V       H0       H01     AOSYM     SMH    MOLCAS    OPER     JKOP   

              2       4        4.26       700     1000      520     2140   
                                         GEOM     BASIS   MCVARS    MCSCF   

 PROGRAMS   *        TOTAL     MULTI       INT
 CPU TIMES  *        43.43     29.53     13.71
 REAL TIME  *        59.41 SEC
 DISK USED  *       141.28 MB (local),        4.09 GB (total)
 SF USED    *       350.64 MB
 GA USED    *         0.00 MB       (max)       0.00 MB       (current)
 **********************************************************************************************************************************


 PROGRAM * RS2C (Multireference RS Perturbation Theory)     Authors: H.-J. Werner (1993), P. Celani (1998)


 Level shift= 0.20

 Convergence thresholds:  THRVAR = 1.00D-06  THRDEN = 1.00D-06

 Number of optimized states: 1  Roots:    1
 Number of reference states: 1  Roots:    1

 Using rs2c

 Reference symmetry:                   1   Singlet 
 Number of electrons:                 34
 Maximum number of shells:             3
 Maximum number of spin couplings:     2

 Reference space:        3 conf        3 CSFs
 N elec internal:        3 conf        3 CSFs
 N-1 el internal:        2 conf        2 CSFs
 N-2 el internal:        1 conf        1 CSFs

 Number of electrons in valence space:                     26
 Maximum number of open shell orbitals in reference space:  2
 Maximum number of open shell orbitals in internal spaces:  4


 Number of core orbitals:           4 (   4 )
 Number of closed-shell orbitals:  12 (  12 )
 Number of active  orbitals:        2 (   2 )
 Number of external orbitals:     214 ( 214 )

 Molecular orbitals read from record     2140.2  Type=MCSCF/NATURAL (state 1.1)

 Integral transformation finished. Total CPU:   4.11 sec, npass=  1  Memory used:  10.52 MW

 Number of p-space configurations:   3

 Reference wavefunction optimized for reference space (refopt=1)

 State     Reference Energy 
     1      -193.08428121

 Number of blocks in overlap matrix:     2   Smallest eigenvalue:  0.10D+01
 Number of N-2 electron functions:     193
 Number of N-1 electron functions:       2

 Number of internal configurations:                    3
 Number of singly external configurations:           428
 Number of doubly external configurations:       4420705
 Total number of contracted configurations:      4421136
 Total number of uncontracted configurations:      23436

 Weight factors for SA-density in H0:    1.000000

 FIMAX=  0.28D-01  FXMAX=  0.30D-11  DIAG=  F  T  NOREF=1  NOINT=0  IHPPD=2

 Nuclear energy:                     109.47766051
 Core energy:                       -200.14279171
 Zeroth-order valence energy:        -17.55554632
 Zeroth-order total energy:         -108.22067751
 First-order energy:                 -84.86360370


 Using contracted singles

 Number of contracted N-1 electron functions:        336
 Number of contracted internal configurations:         1


 Diagonal Coupling coefficients finished.               Storage:   19991 words, CPU-Time:      0.00 seconds.
 Energy denominators for pairs finished in 0 passes.    Storage:  110563 words, CPU-time:      0.00 seconds.

 A level shift of 0.20 is applied.

  ITER. STATE  ROOT     SQ.NORM     CORR.ENERGY   TOTAL ENERGY   ENERGY CHANGE       DEN1      VAR(S)    VAR(P)      TIME
    1     1     1     1.02064061    -0.00412812  -193.08840934    -0.00412812    -0.70703050  0.21D-01  0.17D+00     5.51
    2     1     1     1.19106384    -0.74521290  -193.82949412    -0.74108478     0.00011052  0.37D-04  0.23D-04     6.35
    3     1     1     1.19111087    -0.74534629  -193.82962750    -0.00013339    -0.00008992  0.13D-05  0.81D-07     7.19
    4     1     1     1.19114529    -0.74535505  -193.82963626    -0.00000876     0.00000082  0.49D-08  0.27D-08     7.99
    5     1     1     1.19114620    -0.74535556  -193.82963678    -0.00000052    -0.00000084  0.30D-09  0.18D-10     8.69

 Energies without level shift correction:

    5     1     1     1.19114620    -0.70712632  -193.79140754

 Energy contributions for state 1.1:
 ===================================

            Energy contr.      SQ.Norm of FOWF
 Space I0     0.00000000          0.00000000
 Space I1    -0.00000000          0.00001996
 Space I2    -0.00023309          0.00016044
 Space S0    -0.00000000          0.00000714
 Space S1    -0.01698399          0.00946627
 Space S2    -0.02697948          0.01114181
 Space P0    -0.00984435          0.00151403
 Space P1    -0.13551839          0.02811308
 Space P2    -0.51756702          0.14072347


 RESULTS FOR STATE 1.1
 =====================


 Reference energy                    -193.08428121
 Nuclear energy                       109.47766051
 Correlation energy                    -0.74535556
 !RSPT2 STATE 1.1 Energy             -193.829636776602


 **********************************************************************************************************************************
 DATASETS  * FILE   NREC   LENGTH (MB)   RECORD NAMES
              1      19      136.95       500      610      700      900      950      970     1000      129      960     1100   
                                          VAR    BASINP    GEOM    SYMINP    ZMAT    AOBASIS   BASIS     P2S    ABASIS      S 
                                         1400     1410     1200     1210     1080     1600     1650     1700     1380   
                                           T        V       H0       H01     AOSYM     SMH    MOLCAS    OPER     JKOP   

              2       4        4.26       700     1000      520     2140   
                                         GEOM     BASIS   MCVARS    MCSCF   

 PROGRAMS   *        TOTAL      RS2C     MULTI       INT
 CPU TIMES  *        52.19      8.75     29.53     13.71
 REAL TIME  *        73.02 SEC
 DISK USED  *       141.28 MB (local),        4.09 GB (total)
 SF USED    *       446.37 MB
 GA USED    *         0.00 MB       (max)       0.00 MB       (current)
 **********************************************************************************************************************************
 SETTING CBSEN          =      -193.82963678  AU                              

 Dump information in style MOLDEN to molpro.molden                                                                   

 Molecular orbitals read from record     2140.2  Type=MCSCF/NATURAL (state 1.1)
 Occupation numbers read from record     2140.2  Type=MCSCF/NATURAL (state 1.1)
 Orbital energies read from record       2140.2  Type=MCSCF/NATURAL (state 1.1)
 Redundancy group numbers read from rec  2140.2  Type=MCSCF/NATURAL (state 1.1)

 DUMP ORBITAL  1.1 AS ORBITAL    1  occ=    2.0000  eig=  -20.5752  GROUP=   0
 DUMP ORBITAL  2.1 AS ORBITAL    2  occ=    2.0000  eig=  -11.2658  GROUP=   0
 DUMP ORBITAL  3.1 AS ORBITAL    3  occ=    2.0000  eig=  -11.2160  GROUP=   0
 DUMP ORBITAL  4.1 AS ORBITAL    4  occ=    2.0000  eig=  -11.2152  GROUP=   0
 DUMP ORBITAL  5.1 AS ORBITAL    5  occ=    2.0000  eig=   -1.3875  GROUP=   0
 DUMP ORBITAL  6.1 AS ORBITAL    6  occ=    2.0000  eig=   -1.0070  GROUP=   0
 DUMP ORBITAL  7.1 AS ORBITAL    7  occ=    2.0000  eig=   -0.8850  GROUP=   0
 DUMP ORBITAL  8.1 AS ORBITAL    8  occ=    2.0000  eig=   -0.8110  GROUP=   0
 DUMP ORBITAL  9.1 AS ORBITAL    9  occ=    2.0000  eig=   -0.7096  GROUP=   0
 DUMP ORBITAL 10.1 AS ORBITAL   10  occ=    2.0000  eig=   -0.6203  GROUP=   0
 DUMP ORBITAL 11.1 AS ORBITAL   11  occ=    2.0000  eig=   -0.6101  GROUP=   0
 DUMP ORBITAL 12.1 AS ORBITAL   12  occ=    2.0000  eig=   -0.5571  GROUP=   0
 DUMP ORBITAL 13.1 AS ORBITAL   13  occ=    2.0000  eig=   -0.5522  GROUP=   0
 DUMP ORBITAL 14.1 AS ORBITAL   14  occ=    2.0000  eig=   -0.5337  GROUP=   0
 DUMP ORBITAL 15.1 AS ORBITAL   15  occ=    2.0000  eig=   -0.5145  GROUP=   0
 DUMP ORBITAL 16.1 AS ORBITAL   16  occ=    2.0000  eig=   -0.4981  GROUP=   0
 DUMP ORBITAL 17.1 AS ORBITAL   17  occ=    1.3139  eig=   -0.1305  GROUP=   0
 DUMP ORBITAL 18.1 AS ORBITAL   18  occ=    0.6861  eig=   -0.0174  GROUP=   0

 Total charge:      34.000000

 **********************************************************************************************************************************

 RS2C/cc-pVTZ energy=   -193.829636776602

            RS2C           MULTI
   -193.82963678   -193.08428121
 **********************************************************************************************************************************
 Molpro calculation terminated
