command is mkdir -p output                                                                                      
command is mkdir -p geoms                                                                                       
command is mkdir -p irc_files                                                                                   
command is mkdir -p me_files                                                                                    
command is mkdir -p me_blocks                                                                                   
command is mkdir -p hl_logs                                                                                     
command is mkdir -p hr_geoms                                                                                    
command is mkdir -p md_tunn                                                                                     
command is rm -f ./finished                                                                                     
command is pwd > temp.log                                                                   
command is date > temp.log                                                                  
command is hostname > temp.log                                                              
command is cp -f output/prod1_opt.out output/pr1_vrc_opt.out                                                    
command is sed -ie 's/=/ /g' temp.tmp                                                                                               
command is rm -f temp_route.dat                                                                                                     
command is sed -ie 's/\// /' temp.tmp                                                                                               
command is grep -icw 'gen' temp_route.dat > LC_custom_basis.dat                                                                     
command is rm -f LC_custom_basis.dat                                                                                                
command is grep -ic -P '(?<!read)anh' temp_route.dat >              LC_ahn_flag.dat                                                 
command is rm -f LC_ahn_flag.dat                                                                                                    
command is grep -ic 'readanh' temp_route.dat >                      LC_pt2model_flag.dat                                            
command is rm -f LC_pt2Model_name.dat                                                                                               
command is rm -f LC_pt2model_flag.dat                                                                                               
command is grep -ic 'opt' temp_route.dat > LC_Opt_index.dat                                                                         
command is rm -f LC_Opt_index.dat                                                                                                   
command is grep -ic 'counterpoise' temp_route.dat > BSSE_flag.dat                                                                   
command is rm -f BSSE_flag.dat                                                                                                      
command is grep -ic 'fragment' temp_route.dat > FragmentGuess.dat                                                                   
command is rm -f FragmentGuess.dat                                                                                                  
command is sed -i -E ':a;N;$!ba;s/opt=?\(([^()]*)\)/ /2' geom.com                                                                   
command is sed -i -E ':a;N;$!ba;s/guess=mix/ /2' geom.com                                                                           
command is sed -i -E ':a;N;$!ba;s/checkpoint/ /2' geom.com                                                                          
command is sed -i -E ':a;N;$!ba;s/mix/ /2' geom.com                                                                                 
command is sed -i -E ':a;N;$!ba;s/freq(=?\(([^()]*)\))?/ /1' geom.com                                                               
command is sed -i -E ':a;N;$!ba;s/,?always/ /2I' geom.com                                                                           
command is egrep Frame geom.log > temp1.dat                                                                                         
command is cat temp0.dat temp1.dat > temp.dat                                                                                       
command is tail -n 1 temp.dat > temp1.dat                                                                                           
command is  sed -ie 's/\[/ /g' temp1.dat                                                                                            
command is sed -ie 's/\*\*\*\*\*\*\*\*\*\*\*\*\*\*\*/ 999999/g'         fort.64                                                     
command is cat headgeom.tmp geom.xyz > geom1.xyz                                                                
command is cp -f geom1.xyz geoms/pr1vr_l1.xyz                                                                   
command is cp -f geom.log geoms/pr1vr_l1.log                                                                    
command is rm -f temp_route.dat                                                                                                     
command is sed -ie 's/\// /' temp.tmp                                                                                               
command is grep -icw 'gen' temp_route.dat > LC_custom_basis.dat                                                                     
command is rm -f LC_custom_basis.dat                                                                                                
command is grep -ic -P '(?<!read)anh' temp_route.dat >              LC_ahn_flag.dat                                                 
command is rm -f LC_ahn_flag.dat                                                                                                    
command is grep -ic 'readanh' temp_route.dat >                      LC_pt2model_flag.dat                                            
command is rm -f LC_pt2Model_name.dat                                                                                               
command is rm -f LC_pt2model_flag.dat                                                                                               
command is grep -ic 'opt' temp_route.dat > LC_Opt_index.dat                                                                         
command is rm -f LC_Opt_index.dat                                                                                                   
command is grep -ic 'counterpoise' temp_route.dat > BSSE_flag.dat                                                                   
command is rm -f BSSE_flag.dat                                                                                                      
command is grep -ic 'fragment' temp_route.dat > FragmentGuess.dat                                                                   
command is rm -f FragmentGuess.dat                                                                                                  
command is egrep Frame geom.log > temp1.dat                                                                                         
command is cat temp0.dat temp1.dat > temp.dat                                                                                       
command is tail -n 1 temp.dat > temp1.dat                                                                                           
command is  sed -ie 's/\[/ /g' temp1.dat                                                                                            
command is cp -f geom.log ./output/pr1_vrc_fcmat.log                                                            
command is cp -f geom.log ./output/pr1_vrc_fcmat.log                                                            
command is rm -f temp0.dat                                                                  
command is rm -f temp1.dat*                                                                 
command is rm -f temp1.log                                                                  
command is rm -f temp1.xyz                                                                  
command is rm -f temp.dat                                                                   
command is rm -f temp.log*                                                                  
command is rm -f temp2.log*                                                                 
command is rm -f temp.tmp*                                                                  
command is rm -f testcc.log*                                                                
command is rm -f fort.*                                                                     
command is rm -f *.me                                                                       
command is rm -f optgeom.tmp                                                                
command is rm -f tmp1.dat                                                                   
command is rm -f tmp2.dat                                                                   
command is rm -f tmp3.dat                                                                   
command is rm -f tmp.dat                                                                    
command is rm -f temp21a.me*                                                                
command is rm -f temp3.me*                                                                  
command is rm -f tmp1.log                                                                   
command is rm -f tmp.log                                                                    
command is rm -f tsgeom.tmp                                                                 
command is rm -f temp.xyz                                                                   
command is rm -f geom1.xyz                                                                  
command is rm -f geom.xyz                                                                   
command is rm -f geom_temp.out                                                              
command is rm -f headgeom.tmp                                                               
command is rm -f num.log                                                                    
command is rm -f temp.out                                                                   
command is rm -f stoich.dat*                                                                
command is rm -f stoich.res                                                                 
command is rm -f anim_freq.xyz                                                              
command is rm -f Cart_displ.txt                                                             
command is rm -f freqs1.txt                                                                 
command is rm -f freqs_orig.txt                                                             
command is rm -f freqs.txt                                                                  
command is rm -f Km_res.txt                                                                 
command is rm -f L_orig_save.txt                                                            
command is rm -f Lderiv.txt                                                                 
command is rm -f L_save.txt                                                                 
command is rm -f dthetaE.txt                                                                
command is rm -f mueff.txt                                                                  
command is rm -f VaG.txt                                                                    
command is rm -f Transmission_coefficient.txt                                               
command is rm -f energy1a.tmp                                                               
command is rm -f energy1b.tmp                                                               
command is rm -f energy1.tmp                                                                
command is rm -f fresub.dat                                                                 
command is rm -f rotmass.dat                                                                
