
 Working directory              : /scratch/mdt/206686/molpro.Jg5L0eU3kQ/
 Global scratch directory       : /scratch/mdt/206686/molpro.Jg5L0eU3kQ/
 Wavefunction directory         : /home/chimica2/mditeodoro/wfu/
 Main file repository           : /scratch/mdt/206686/molpro.Jg5L0eU3kQ/

 id        : polimi

 Nodes     nprocs
 node-5-8     4
 GA implementation: MPI file
 GA implementation (serial work in mppx): MPI file

 Using customized tuning parameters: mindgm=1; mindgv=20; mindgc=4; mindgr=1; noblas=0; minvec=7
 default implementation of scratch files=sf  


 Variables initialized (1009), CPU time= 0.01 sec
  memory,         400 ,m
   nosym
  geometry={angstrom
     C1
     O2   C1   R1
     H3   C1   R2   O2   A2
     H4   C1   R3   O2   A3   H3   D3
     H5   O2   R4   C1   A4   H3   D4
     C21 C1 BB O2 ANG1 H3 DH1
     C22 C21 R21 C1 ANG2 O2 DH2
     H23 C21 R22 C22 A22 C1 DH3
     H24 C21 R23 C22 A23 H23 D23
     H25 C22 R24 C21 A24 H23 D24
     H26 C22 R25 C21 A25 H25 D25
     H27 C22 R26 C21 A26 H25 D26
  }
  R1                             =    1.3571000000000000
  R2                             =    1.0789000000000000
  R3                             =    1.0830000000000000
  R4                             =   0.95720000000000005
  A2                             =    113.05190000000000
  A3                             =    118.19650000000000
  A4                             =    109.72890000000000
  D3                             =    214.25760000000000
  R21                            =    1.4881000000000000
  R22                            =    1.0817000000000001
  R23                            =    1.0810000000000000
  R24                            =    1.0980000000000001
  R25                            =    1.0910000000000000
  R26                            =    1.0906000000000000
  A22                            =    119.10129999999999
  A23                            =    119.36860000000000
  A24                            =    111.63740000000000
  A25                            =    111.68910000000000
  A26                            =    111.61570000000000
  D23                            =    152.89540000000000
  D25                            =    119.40630000000000
  D26                            =    240.50930000000000
  ANG2                           =    102.89790000000001
  DH2                            =    188.93950000000001
  DH3                            =    105.05480000000000
  D4                             =    175.81469999999999
  D24                            =    284.70769999999999
  DH1                            =    105.90349999999999
  ANG1                           =    112.89919999999999
  BB                             =    2.7999999999999998
 
  SET,SPIN=           0
   basis=cc-pvtz
   {multi;closed,16;occ,18;wf, 34,1,0,;state,1;maxiter,40}
                                                                                ! Uncomment to guide creation of AS for MC sampling
                                                                                 ! (also needs uncommented lines in run.sh)
                                                                                 !ACTIVESPACE2_T
                                                                                 !ACTIVESPACE2
 
   RS2C,SHIFT=0.2
   CBSen = energy
  put,molden,molpro.molden
 Commands initialized (810), CPU time= 0.01 sec, 661 directives.
 Default parameters read. Elapsed time= 0.23 sec

 Checking input...
 Passed
1


                                         ***  PROGRAM SYSTEM MOLPRO  ***
                                       Copyright, TTI GmbH Stuttgart, 2015
                                    Version 2021.2 linked Jun  2 2021 00:13:23


 **********************************************************************************************************************************
 LABEL *                                                                                 
  64 bit mpp version                                                                     DATE: 20-Jun-24          TIME: 09:28:41  
 **********************************************************************************************************************************

 SHA1:             1987c3f1b0c3ae76932bc24993909f2d7ae6b1f1
 **********************************************************************************************************************************

 Memory per process:       400 MW
 Total memory per node:   1600 MW

 GA preallocation disabled
 GA check disabled

 Variable memory set to 400.0 MW

 ZSYMEL=NOSYM

 SETTING R1             =         1.35710000                                  
 SETTING R2             =         1.07890000                                  
 SETTING R3             =         1.08300000                                  
 SETTING R4             =         0.95720000                                  
 SETTING A2             =       113.05190000                                  
 SETTING A3             =       118.19650000                                  
 SETTING A4             =       109.72890000                                  
 SETTING D3             =       214.25760000                                  
 SETTING R21            =         1.48810000                                  
 SETTING R22            =         1.08170000                                  
 SETTING R23            =         1.08100000                                  
 SETTING R24            =         1.09800000                                  
 SETTING R25            =         1.09100000                                  
 SETTING R26            =         1.09060000                                  
 SETTING A22            =       119.10130000                                  
 SETTING A23            =       119.36860000                                  
 SETTING A24            =       111.63740000                                  
 SETTING A25            =       111.68910000                                  
 SETTING A26            =       111.61570000                                  
 SETTING D23            =       152.89540000                                  
 SETTING D25            =       119.40630000                                  
 SETTING D26            =       240.50930000                                  
 SETTING ANG2           =       102.89790000                                  
 SETTING DH2            =       188.93950000                                  
 SETTING DH3            =       105.05480000                                  
 SETTING D4             =       175.81470000                                  
 SETTING D24            =       284.70770000                                  
 SETTING DH1            =       105.90350000                                  
 SETTING ANG1           =       112.89920000                                  
 SETTING BB             =         2.80000000                                  
 SETTING SPIN           =     0.00000000D+00                                  
 SETTING BASIS          =    CC-PVTZ


 Recomputing integrals since basis changed


 Using spherical harmonics

 Library entry C      S cc-pVTZ              selected for orbital group  1
 Library entry C      P cc-pVTZ              selected for orbital group  1
 Library entry C      D cc-pVTZ              selected for orbital group  1
 Library entry C      F cc-pVTZ              selected for orbital group  1
 Library entry O      S cc-pVTZ              selected for orbital group  2
 Library entry O      P cc-pVTZ              selected for orbital group  2
 Library entry O      D cc-pVTZ              selected for orbital group  2
 Library entry O      F cc-pVTZ              selected for orbital group  2
 Library entry H      S cc-pVTZ              selected for orbital group  3
 Library entry H      P cc-pVTZ              selected for orbital group  3
 Library entry H      D cc-pVTZ              selected for orbital group  3


 PROGRAM * SEWARD (Integral evaluation for generally contracted gaussian basis sets)     Author: Roland Lindh, 1990

 Geometry written to block  1 of record 700

 Orientation using atomic masses  
 Molecule type: Asymmetric top
 Rotational constants:       2.3570135      2.1930237     18.3351865 GHz  (calculated with average atomic masses)

 Point group  C1  



 ATOMIC COORDINATES

 NR  ATOM    CHARGE       X              Y              Z

   1  C1      6.00   -1.128433578   -0.111928826    2.167943723
   2  O2      8.00    0.451717316    0.179172781    4.166764871
   3  H3      1.00   -2.238400113    1.553364005    1.778606385
   4  H4      1.00   -1.959480443   -1.955417897    1.852710784
   5  H5      1.00    1.298508893   -1.382332295    4.508187219
   6  C21     6.00    1.396634410   -0.033486166   -2.481252621
   7  C22     6.00   -0.712303275    0.047516950   -4.339675306
   8  H23     1.00    2.421552869   -1.782116191   -2.216208335
   9  H24     1.00    2.421445039    1.681103759   -2.053524145
  10  H25     1.00   -0.010457447    0.097845216   -6.291640864
  11  H26     1.00   -1.925707809   -1.612366403   -4.187993721
  12  H27     1.00   -1.885639850    1.722435425   -4.083972858

 Bond lengths in Bohr (Angstrom)

 1-2  2.564547324  1-3  2.038825516  1-4  2.046573393  2-5  1.808845846  6-7  2.812101446
     ( 1.357100000)     ( 1.078900000)     ( 1.083000000)     ( 0.957200000)     ( 1.488100000)

  6- 8  2.044116749   6- 9  2.042793941   7-10  2.074919285   7-11  2.061691202   7-12  2.060935312
       ( 1.081700000)       ( 1.081000000)       ( 1.098000000)       ( 1.091000000)       ( 1.090600000)

 Bond angles

  1-2-5  109.72890000   2-1-3  113.05190000   2-1-4  118.19650000   3-1-4  119.02925948

  6- 7-10  111.63740000   6- 7-11  111.68910000   6- 7-12  111.61570000   7- 6- 8  119.10130000

  7- 6- 9  119.36860000   8- 6- 9  116.06044891  10- 7-11  106.72735422  10- 7-12  106.83287537

 11- 7-12  108.06572989

 NUCLEAR CHARGE:                   34
 NUMBER OF PRIMITIVE AOS:         324
 NUMBER OF SYMMETRY AOS:          296
 NUMBER OF CONTRACTIONS:          232   (  232A   )
 NUMBER OF INNER CORE ORBITALS:     0   (    0A   )
 NUMBER OF OUTER CORE ORBITALS:     4   (    4A   )
 NUMBER OF VALENCE ORBITALS:       24   (   24A   )


 NUCLEAR REPULSION ENERGY  114.52620260


 Eigenvalues of metric

         1 0.112E-02 0.123E-02 0.136E-02 0.139E-02 0.153E-02 0.156E-02 0.165E-02 0.172E-02


 Contracted 2-electron integrals neglected if value below      1.0D-11
 AO integral compression algorithm  1   Integral accuracy      1.0D-11

     1048.576 MB (compressed) written to integral file ( 35.3%)

     Node minimum: 246.940 MB, node maximum: 273.154 MB


 NUMBER OF SORTED TWO-ELECTRON INTEGRALS:   91327612.     BUFFER LENGTH:  32768
 NUMBER OF SEGMENTS:   6  SEGMENT LENGTH:   15998348      RECORD LENGTH: 524288

 Memory used in sort:      16.56 MW

 SORT1 READ   370553704. AND WROTE    67236404. INTEGRALS IN    195 RECORDS. CPU TIME:     8.14 SEC, REAL TIME:     9.94 SEC
 SORT2 READ   269095089. AND WROTE   365269906. INTEGRALS IN   3916 RECORDS. CPU TIME:     1.74 SEC, REAL TIME:     3.33 SEC

 Node minimum:    91307341.  Node maximum:    91327612. integrals

 OPERATOR DM      FOR CENTER  0  COORDINATES:    0.000000    0.000000    0.000000


 **********************************************************************************************************************************
 DATASETS  * FILE   NREC   LENGTH (MB)   RECORD NAMES
              1      18       30.65       500      610      700      900      950      970     1000      129      960     1100   
                                          VAR    BASINP    GEOM    SYMINP    ZMAT    AOBASIS   BASIS     P2S    ABASIS      S 
                                         1400     1410     1200     1210     1080     1600     1650     1700   
                                           T        V       H0       H01     AOSYM     SMH    MOLCAS    OPER   

 PROGRAMS   *        TOTAL       INT
 CPU TIMES  *        14.13     13.92
 REAL TIME  *        19.42 SEC
 DISK USED  *        31.13 MB (local),        4.07 GB (total)
 GA USED    *         0.00 MB       (max)       0.00 MB       (current)
 **********************************************************************************************************************************

 PROGRAM * MULTI (Direct Multiconfiguration SCF)       Authors: P.J. Knowles, H.-J. Werner (1984)
                                                                D.A. Kreplin, P.J. Knowles, H.-J. Werner (2019)

 Number of closed-shell orbitals:  16 (  16 )
 Number of active  orbitals:        2 (   2 )
 Number of external orbitals:     214 ( 214 )

 State symmetry 1

 Number of active electrons:   2    Spin symmetry=Singlet   Space symmetry=1
 Number of states:             1
 Number of CSFs:               3   (4 determinants, 4 intermediate states)

 Orbital guess generated from atomic densities. Full valence occupancy:   28

 Wavefunction dump at record             2140.2

 Convergence thresholds  0.10E-04 (gradient)  0.10E-05 (energy)
 
 Number of orbital rotations:  3884  ( 32 closed/active, 3424 closed/virtual, 0 active/active, 428 active/virtual )
 Total number of variables:    3888
 
  Second-order MCSCF: L-BFGS accelerated
 
 ITER  MIC  NCI  NEG     ENERGY(VAR)    ENERGY(PROJ) ENERGY CHANGE       GRAD(0)  GRAD(ORB)   GRAD(CI)      STEP      TIME
   1   14    6    0   -193.02858989    -193.09628728   -0.06769739    0.41136839 0.00064860 0.00000000  0.20E+00     11.33
   2   14    7    0   -193.09733021    -193.09747048   -0.00014027    0.02021007 0.00001969 0.00000000  0.11E-01     23.14
   3   22    9    0   -193.09747075    -193.09747075   -0.00000000    0.00006259 0.00000000 0.00000000  0.39E-04     34.04

 CONVERGENCE REACHED!  Final gradient:    0.00000000 ( 0.75E-09)
                       Final energy:   -193.09747075
 
 First order charge density matrix for state 1.1 saved on record 2140.2 (density set 1)
 
 Results for state 1.1
 =====================
 !MCSCF STATE 1.1 Energy                      -193.097470746613
 Nuclear energy                                114.52620260
 Kinetic energy                                192.82852076
 One electron energy                          -488.65754013
 Two electron energy                           181.03386678
 Virial ratio                                    2.00139476
 
 !MCSCF STATE 1.1 Dipole moment                 -0.05907600    -0.57441063    -0.13480631
 Dipole moment /Debye                           -0.15015623    -1.46000620    -0.34264346
 
 No non-zero expectation values
 
 
 Natural orbital dump at molpro section 2140.2 (Orbital set 2)


 **********************************************************************************************************************************
 DATASETS  * FILE   NREC   LENGTH (MB)   RECORD NAMES
              1      19      136.95       500      610      700      900      950      970     1000      129      960     1100   
                                          VAR    BASINP    GEOM    SYMINP    ZMAT    AOBASIS   BASIS     P2S    ABASIS      S 
                                         1400     1410     1200     1210     1080     1600     1650     1700     1380   
                                           T        V       H0       H01     AOSYM     SMH    MOLCAS    OPER     JKOP   

              2       4        4.26       700     1000      520     2140   
                                         GEOM     BASIS   MCVARS    MCSCF   

 PROGRAMS   *        TOTAL     MULTI       INT
 CPU TIMES  *        45.47     31.34     13.92
 REAL TIME  *        64.08 SEC
 DISK USED  *       141.28 MB (local),        4.50 GB (total)
 SF USED    *       350.64 MB
 GA USED    *         0.00 MB       (max)       0.00 MB       (current)
 **********************************************************************************************************************************


 PROGRAM * RS2C (Multireference RS Perturbation Theory)     Authors: H.-J. Werner (1993), P. Celani (1998)


 Level shift= 0.20

 Convergence thresholds:  THRVAR = 1.00D-06  THRDEN = 1.00D-06

 Number of optimized states: 1  Roots:    1
 Number of reference states: 1  Roots:    1

 Using rs2c

 Reference symmetry:                   1   Singlet 
 Number of electrons:                 34
 Maximum number of shells:             3
 Maximum number of spin couplings:     2

 Reference space:        3 conf        3 CSFs
 N elec internal:        3 conf        3 CSFs
 N-1 el internal:        2 conf        2 CSFs
 N-2 el internal:        1 conf        1 CSFs

 Number of electrons in valence space:                     26
 Maximum number of open shell orbitals in reference space:  2
 Maximum number of open shell orbitals in internal spaces:  4


 Number of core orbitals:           4 (   4 )
 Number of closed-shell orbitals:  12 (  12 )
 Number of active  orbitals:        2 (   2 )
 Number of external orbitals:     214 ( 214 )

 Molecular orbitals read from record     2140.2  Type=MCSCF/NATURAL (state 1.1)

 Integral transformation finished. Total CPU:   4.36 sec, npass=  1  Memory used:  10.52 MW

 Number of p-space configurations:   3

 Reference wavefunction optimized for reference space (refopt=1)

 State     Reference Energy 
     1      -193.09747075

 Number of blocks in overlap matrix:     2   Smallest eigenvalue:  0.10D+01
 Number of N-2 electron functions:     193
 Number of N-1 electron functions:       2

 Number of internal configurations:                    3
 Number of singly external configurations:           428
 Number of doubly external configurations:       4420705
 Total number of contracted configurations:      4421136
 Total number of uncontracted configurations:      23436

 Weight factors for SA-density in H0:    1.000000

 FIMAX=  0.40D-01  FXMAX=  0.40D-11  DIAG=  F  T  NOREF=1  NOINT=0  IHPPD=2

 Nuclear energy:                     114.52620260
 Core energy:                       -202.35709342
 Zeroth-order valence energy:        -17.62434415
 Zeroth-order total energy:         -105.45523498
 First-order energy:                 -87.64223577


 Using contracted singles

 Number of contracted N-1 electron functions:        336
 Number of contracted internal configurations:         1


 Diagonal Coupling coefficients finished.               Storage:   19991 words, CPU-Time:      0.00 seconds.
 Energy denominators for pairs finished in 0 passes.    Storage:  110563 words, CPU-time:      0.00 seconds.

 A level shift of 0.20 is applied.

  ITER. STATE  ROOT     SQ.NORM     CORR.ENERGY   TOTAL ENERGY   ENERGY CHANGE       DEN1      VAR(S)    VAR(P)      TIME
    1     1     1     1.02181123    -0.00436225  -193.10183299    -0.00436225    -0.70795235  0.22D-01  0.17D+00     5.80
    2     1     1     1.19139025    -0.74661693  -193.84408767    -0.74225468     0.00010243  0.50D-04  0.40D-04     6.57
    3     1     1     1.19150455    -0.74684684  -193.84431758    -0.00022991    -0.00016753  0.33D-05  0.14D-06     7.40
    4     1     1     1.19154405    -0.74686129  -193.84433204    -0.00001445     0.00000100  0.14D-07  0.88D-08     8.18
    5     1     1     1.19154636    -0.74686232  -193.84433307    -0.00000103    -0.00000174  0.96D-09  0.80D-10     9.02
    6     1     1     1.19154673    -0.74686240  -193.84433314    -0.00000008    -0.00000002  0.15D-10  0.42D-11     9.79

 Energies without level shift correction:

    6     1     1     1.19154673    -0.70855305  -193.80602380

 Energy contributions for state 1.1:
 ===================================

            Energy contr.      SQ.Norm of FOWF
 Space I0     0.00000000          0.00000000
 Space I1    -0.00000002          0.00001998
 Space I2    -0.00066655          0.00042080
 Space S0    -0.00000001          0.00001122
 Space S1    -0.02090717          0.01147754
 Space S2    -0.02563116          0.01031502
 Space P0    -0.00982548          0.00151039
 Space P1    -0.13549905          0.02809566
 Space P2    -0.51602361          0.13969612


 RESULTS FOR STATE 1.1
 =====================


 Reference energy                    -193.09747075
 Nuclear energy                       114.52620260
 Correlation energy                    -0.74686240
 !RSPT2 STATE 1.1 Energy             -193.844333142259


 **********************************************************************************************************************************
 DATASETS  * FILE   NREC   LENGTH (MB)   RECORD NAMES
              1      19      136.95       500      610      700      900      950      970     1000      129      960     1100   
                                          VAR    BASINP    GEOM    SYMINP    ZMAT    AOBASIS   BASIS     P2S    ABASIS      S 
                                         1400     1410     1200     1210     1080     1600     1650     1700     1380   
                                           T        V       H0       H01     AOSYM     SMH    MOLCAS    OPER     JKOP   

              2       4        4.26       700     1000      520     2140   
                                         GEOM     BASIS   MCVARS    MCSCF   

 PROGRAMS   *        TOTAL      RS2C     MULTI       INT
 CPU TIMES  *        55.31      9.83     31.34     13.92
 REAL TIME  *        78.81 SEC
 DISK USED  *       141.28 MB (local),        4.50 GB (total)
 SF USED    *       447.42 MB
 GA USED    *         0.00 MB       (max)       0.00 MB       (current)
 **********************************************************************************************************************************
 SETTING CBSEN          =      -193.84433314  AU                              

 Dump information in style MOLDEN to molpro.molden                                                                   

 Molecular orbitals read from record     2140.2  Type=MCSCF/NATURAL (state 1.1)
 Occupation numbers read from record     2140.2  Type=MCSCF/NATURAL (state 1.1)
 Orbital energies read from record       2140.2  Type=MCSCF/NATURAL (state 1.1)
 Redundancy group numbers read from rec  2140.2  Type=MCSCF/NATURAL (state 1.1)

 DUMP ORBITAL  1.1 AS ORBITAL    1  occ=    2.0000  eig=  -20.5730  GROUP=   0
 DUMP ORBITAL  2.1 AS ORBITAL    2  occ=    2.0000  eig=  -11.2738  GROUP=   0
 DUMP ORBITAL  3.1 AS ORBITAL    3  occ=    2.0000  eig=  -11.2195  GROUP=   0
 DUMP ORBITAL  4.1 AS ORBITAL    4  occ=    2.0000  eig=  -11.2146  GROUP=   0
 DUMP ORBITAL  5.1 AS ORBITAL    5  occ=    2.0000  eig=   -1.3868  GROUP=   0
 DUMP ORBITAL  6.1 AS ORBITAL    6  occ=    2.0000  eig=   -1.0061  GROUP=   0
 DUMP ORBITAL  7.1 AS ORBITAL    7  occ=    2.0000  eig=   -0.8858  GROUP=   0
 DUMP ORBITAL  8.1 AS ORBITAL    8  occ=    2.0000  eig=   -0.8097  GROUP=   0
 DUMP ORBITAL  9.1 AS ORBITAL    9  occ=    2.0000  eig=   -0.7075  GROUP=   0
 DUMP ORBITAL 10.1 AS ORBITAL   10  occ=    2.0000  eig=   -0.6200  GROUP=   0
 DUMP ORBITAL 11.1 AS ORBITAL   11  occ=    2.0000  eig=   -0.6068  GROUP=   0
 DUMP ORBITAL 12.1 AS ORBITAL   12  occ=    2.0000  eig=   -0.5573  GROUP=   0
 DUMP ORBITAL 13.1 AS ORBITAL   13  occ=    2.0000  eig=   -0.5520  GROUP=   0
 DUMP ORBITAL 14.1 AS ORBITAL   14  occ=    2.0000  eig=   -0.5284  GROUP=   0
 DUMP ORBITAL 15.1 AS ORBITAL   15  occ=    2.0000  eig=   -0.5093  GROUP=   0
 DUMP ORBITAL 16.1 AS ORBITAL   16  occ=    2.0000  eig=   -0.4955  GROUP=   0
 DUMP ORBITAL 17.1 AS ORBITAL   17  occ=    1.6052  eig=   -0.1981  GROUP=   0
 DUMP ORBITAL 18.1 AS ORBITAL   18  occ=    0.3948  eig=    0.0614  GROUP=   0

 Total charge:      34.000000

 **********************************************************************************************************************************

 RS2C/cc-pVTZ energy=   -193.844333142259

            RS2C           MULTI
   -193.84433314   -193.09747075
 **********************************************************************************************************************************
 Molpro calculation terminated
