
 Working directory              : /scratch/mdt/206683/molpro.Ujc1wGtFRI/
 Global scratch directory       : /scratch/mdt/206683/molpro.Ujc1wGtFRI/
 Wavefunction directory         : /home/chimica2/mditeodoro/wfu/
 Main file repository           : /scratch/mdt/206683/molpro.Ujc1wGtFRI/

 id        : polimi

 Nodes     nprocs
 node-5-11    4
 GA implementation: MPI file
 GA implementation (serial work in mppx): MPI file

 Using customized tuning parameters: mindgm=1; mindgv=20; mindgc=4; mindgr=1; noblas=0; minvec=7
 default implementation of scratch files=sf  


 Variables initialized (1009), CPU time= 0.01 sec
  memory,         400 ,m
   nosym
  geometry={angstrom
    C1
    O2   C1   R1
    H3   C1   R2   O2   A2
    H4   C1   R3   O2   A3   H3   D3
    H5   O2   R4   C1   A4   H3   D4
    C21 C1 BB O2 ANG1 H3 DH1
    C22 C21 R21 C1 ANG2 O2 DH2
    H23 C21 R22 C22 A22 C1 DH3
    H24 C21 R23 C22 A23 H23 D23
    H25 C22 R24 C21 A24 H23 D24
    H26 C22 R25 C21 A25 H25 D25
    H27 C22 R26 C21 A26 H25 D26
  }
  R1                             =    1.3704000000000001
  R2                             =    1.0826000000000000
  R3                             =    1.0880000000000001
  R4                             =   0.95679999999999998
  A2                             =    110.40830000000000
  A3                             =    115.67310000000001
  A4                             =    109.37500000000000
  D3                             =    228.88630000000001
  R21                            =    1.5009999999999999
  R22                            =    1.0859000000000001
  R23                            =    1.0846000000000000
  R24                            =    1.0946000000000000
  R25                            =    1.0909000000000000
  R26                            =    1.0906000000000000
  A22                            =    115.28060000000001
  A23                            =    115.70790000000000
  A24                            =    111.46220000000000
  A25                            =    111.47369999999999
  A26                            =    111.39919999999999
  D23                            =    133.43570000000000
  D25                            =    119.71259999999999
  D26                            =    240.28160000000000
  ANG2                           =    107.85220000000000
  DH2                            =    180.62490000000000
  DH3                            =    113.63079999999999
  D4                             =    175.79859999999999
  D24                            =    293.95280000000002
  DH1                            =    112.97280000000001
  ANG1                           =    112.36790000000001
  BB                             =    2.2000000000000002
 
  SET,SPIN=           0
   basis=cc-pvtz
   {multi;closed,16;occ,18;wf, 34,1,0,;state,1;maxiter,40}
                                                                                ! Uncomment to guide creation of AS for MC sampling
                                                                                 ! (also needs uncommented lines in run.sh)
                                                                                 !ACTIVESPACE2_T
                                                                                 !ACTIVESPACE2
 
   RS2C,SHIFT=0.2
   CBSen = energy
  put,molden,molpro.molden
 Commands initialized (810), CPU time= 0.01 sec, 661 directives.
 Default parameters read. Elapsed time= 0.21 sec

 Checking input...
 Passed
1


                                         ***  PROGRAM SYSTEM MOLPRO  ***
                                       Copyright, TTI GmbH Stuttgart, 2015
                                    Version 2021.2 linked Jun  2 2021 00:13:23


 **********************************************************************************************************************************
 LABEL *                                                                                 
  64 bit mpp version                                                                     DATE: 20-Jun-24          TIME: 09:28:41  
 **********************************************************************************************************************************

 SHA1:             1987c3f1b0c3ae76932bc24993909f2d7ae6b1f1
 **********************************************************************************************************************************

 Memory per process:       400 MW
 Total memory per node:   1600 MW

 GA preallocation disabled
 GA check disabled

 Variable memory set to 400.0 MW

 ZSYMEL=NOSYM

 SETTING R1             =         1.37040000                                  
 SETTING R2             =         1.08260000                                  
 SETTING R3             =         1.08800000                                  
 SETTING R4             =         0.95680000                                  
 SETTING A2             =       110.40830000                                  
 SETTING A3             =       115.67310000                                  
 SETTING A4             =       109.37500000                                  
 SETTING D3             =       228.88630000                                  
 SETTING R21            =         1.50100000                                  
 SETTING R22            =         1.08590000                                  
 SETTING R23            =         1.08460000                                  
 SETTING R24            =         1.09460000                                  
 SETTING R25            =         1.09090000                                  
 SETTING R26            =         1.09060000                                  
 SETTING A22            =       115.28060000                                  
 SETTING A23            =       115.70790000                                  
 SETTING A24            =       111.46220000                                  
 SETTING A25            =       111.47370000                                  
 SETTING A26            =       111.39920000                                  
 SETTING D23            =       133.43570000                                  
 SETTING D25            =       119.71260000                                  
 SETTING D26            =       240.28160000                                  
 SETTING ANG2           =       107.85220000                                  
 SETTING DH2            =       180.62490000                                  
 SETTING DH3            =       113.63080000                                  
 SETTING D4             =       175.79860000                                  
 SETTING D24            =       293.95280000                                  
 SETTING DH1            =       112.97280000                                  
 SETTING ANG1           =       112.36790000                                  
 SETTING BB             =         2.20000000                                  
 SETTING SPIN           =     0.00000000D+00                                  
 SETTING BASIS          =    CC-PVTZ


 Recomputing integrals since basis changed


 Using spherical harmonics

 Library entry C      S cc-pVTZ              selected for orbital group  1
 Library entry C      P cc-pVTZ              selected for orbital group  1
 Library entry C      D cc-pVTZ              selected for orbital group  1
 Library entry C      F cc-pVTZ              selected for orbital group  1
 Library entry O      S cc-pVTZ              selected for orbital group  2
 Library entry O      P cc-pVTZ              selected for orbital group  2
 Library entry O      D cc-pVTZ              selected for orbital group  2
 Library entry O      F cc-pVTZ              selected for orbital group  2
 Library entry H      S cc-pVTZ              selected for orbital group  3
 Library entry H      P cc-pVTZ              selected for orbital group  3
 Library entry H      D cc-pVTZ              selected for orbital group  3


 PROGRAM * SEWARD (Integral evaluation for generally contracted gaussian basis sets)     Author: Roland Lindh, 1990

 Geometry written to block  1 of record 700

 Orientation using atomic masses  
 Molecule type: Asymmetric top
 Rotational constants:       2.9595140      2.7501903     20.9896097 GHz  (calculated with average atomic masses)

 Point group  C1  



 ATOMIC COORDINATES

 NR  ATOM    CHARGE       X              Y              Z

   1  C1      6.00   -1.082720418   -0.007883923    1.641390727
   2  O2      8.00    0.349965819    0.086857446    3.796589152
   3  H3      1.00   -2.179455229    1.707084037    1.437854721
   4  H4      1.00   -2.173976272   -1.729485550    1.372178808
   5  H5      1.00    1.211175759   -1.488008953    4.014080653
   6  C21     6.00    1.239977202    0.048812726   -1.806190311
   7  C22     6.00   -0.511329704   -0.031870359   -4.035994560
   8  H23     1.00    2.426777244   -1.607565215   -1.563617128
   9  H24     1.00    2.293077480    1.790600266   -1.565350849
  10  H25     1.00    0.534473229   -0.018993414   -5.820595000
  11  H26     1.00   -1.671947057   -1.735567545   -4.022777158
  12  H27     1.00   -1.775991660    1.595272484   -4.058145488

 Bond lengths in Bohr (Angstrom)

 1-2  2.589680681  1-3  2.045817503  1-4  2.056022024  2-5  1.808089956  6-7  2.836478913
     ( 1.370400000)     ( 1.082600000)     ( 1.088000000)     ( 0.956800000)     ( 1.501000000)

  6- 8  2.052053599   6- 9  2.049596955   7-10  2.068494216   7-11  2.061502229   7-12  2.060935312
       ( 1.085900000)       ( 1.084600000)       ( 1.094600000)       ( 1.090900000)       ( 1.090600000)

 Bond angles

  1-2-5  109.37500000   2-1-3  110.40830000   2-1-4  115.67310000   3-1-4  113.85164515

  6- 7-10  111.46220000   6- 7-11  111.47370000   6- 7-12  111.39920000   7- 6- 8  115.28060000

  7- 6- 9  115.70790000   8- 6- 9  112.01860765  10- 7-11  107.17669991  10- 7-12  107.22097705

 11- 7-12  107.88328570

 NUCLEAR CHARGE:                   34
 NUMBER OF PRIMITIVE AOS:         324
 NUMBER OF SYMMETRY AOS:          296
 NUMBER OF CONTRACTIONS:          232   (  232A   )
 NUMBER OF INNER CORE ORBITALS:     0   (    0A   )
 NUMBER OF OUTER CORE ORBITALS:     4   (    4A   )
 NUMBER OF VALENCE ORBITALS:       24   (   24A   )


 NUCLEAR REPULSION ENERGY  120.80418064


 Eigenvalues of metric

         1 0.113E-02 0.120E-02 0.132E-02 0.135E-02 0.139E-02 0.149E-02 0.159E-02 0.166E-02


 Contracted 2-electron integrals neglected if value below      1.0D-11
 AO integral compression algorithm  1   Integral accuracy      1.0D-11

     1167.852 MB (compressed) written to integral file ( 38.4%)

     Node minimum: 231.997 MB, node maximum: 317.456 MB


 NUMBER OF SORTED TWO-ELECTRON INTEGRALS:   91327612.     BUFFER LENGTH:  32768
 NUMBER OF SEGMENTS:   6  SEGMENT LENGTH:   15998348      RECORD LENGTH: 524288

 Memory used in sort:      16.56 MW

 SORT1 READ   380600071. AND WROTE    73969967. INTEGRALS IN    214 RECORDS. CPU TIME:     8.56 SEC, REAL TIME:    10.64 SEC
 SORT2 READ   295697659. AND WROTE   365269906. INTEGRALS IN   4844 RECORDS. CPU TIME:     1.54 SEC, REAL TIME:     3.51 SEC

 Node minimum:    91307341.  Node maximum:    91327612. integrals

 OPERATOR DM      FOR CENTER  0  COORDINATES:    0.000000    0.000000    0.000000


 **********************************************************************************************************************************
 DATASETS  * FILE   NREC   LENGTH (MB)   RECORD NAMES
              1      18       30.65       500      610      700      900      950      970     1000      129      960     1100   
                                          VAR    BASINP    GEOM    SYMINP    ZMAT    AOBASIS   BASIS     P2S    ABASIS      S 
                                         1400     1410     1200     1210     1080     1600     1650     1700   
                                           T        V       H0       H01     AOSYM     SMH    MOLCAS    OPER   

 PROGRAMS   *        TOTAL       INT
 CPU TIMES  *        14.49     14.29
 REAL TIME  *        20.94 SEC
 DISK USED  *        31.13 MB (local),        4.52 GB (total)
 GA USED    *         0.00 MB       (max)       0.00 MB       (current)
 **********************************************************************************************************************************

 PROGRAM * MULTI (Direct Multiconfiguration SCF)       Authors: P.J. Knowles, H.-J. Werner (1984)
                                                                D.A. Kreplin, P.J. Knowles, H.-J. Werner (2019)

 Number of closed-shell orbitals:  16 (  16 )
 Number of active  orbitals:        2 (   2 )
 Number of external orbitals:     214 ( 214 )

 State symmetry 1

 Number of active electrons:   2    Spin symmetry=Singlet   Space symmetry=1
 Number of states:             1
 Number of CSFs:               3   (4 determinants, 4 intermediate states)

 Orbital guess generated from atomic densities. Full valence occupancy:   28

 Wavefunction dump at record             2140.2

 Convergence thresholds  0.10E-04 (gradient)  0.10E-05 (energy)
 
 Number of orbital rotations:  3884  ( 32 closed/active, 3424 closed/virtual, 0 active/active, 428 active/virtual )
 Total number of variables:    3888
 
  Second-order MCSCF: L-BFGS accelerated
 
 ITER  MIC  NCI  NEG     ENERGY(VAR)    ENERGY(PROJ) ENERGY CHANGE       GRAD(0)  GRAD(ORB)   GRAD(CI)      STEP      TIME
   1   19    7    0   -193.06127519    -193.13513746   -0.07386227    0.44346310 0.00041586 0.00000000  0.33E+00     10.87
   2   16    8    0   -193.14014405    -193.14077562   -0.00063157    0.03670722 0.00015685 0.00000000  0.45E-01     22.30
   3   18    8    0   -193.14077774    -193.14077777   -0.00000003    0.00027450 0.00000012 0.00000000  0.31E-03     33.44

 CONVERGENCE REACHED!  Final gradient:    0.00000002 ( 0.16E-07)
                       Final energy:   -193.14077777
 
 First order charge density matrix for state 1.1 saved on record 2140.2 (density set 1)
 
 Results for state 1.1
 =====================
 !MCSCF STATE 1.1 Energy                      -193.140777771877
 Nuclear energy                                120.80418064
 Kinetic energy                                192.74026082
 One electron energy                          -501.28549573
 Two electron energy                           187.34053731
 Virial ratio                                    2.00207801
 
 !MCSCF STATE 1.1 Dipole moment                 -0.01788421    -0.52800339    -0.26927828
 Dipole moment /Debye                           -0.04545713    -1.34205076    -0.68443712
 
 No non-zero expectation values
 
 
 Natural orbital dump at molpro section 2140.2 (Orbital set 2)


 **********************************************************************************************************************************
 DATASETS  * FILE   NREC   LENGTH (MB)   RECORD NAMES
              1      19      136.95       500      610      700      900      950      970     1000      129      960     1100   
                                          VAR    BASINP    GEOM    SYMINP    ZMAT    AOBASIS   BASIS     P2S    ABASIS      S 
                                         1400     1410     1200     1210     1080     1600     1650     1700     1380   
                                           T        V       H0       H01     AOSYM     SMH    MOLCAS    OPER     JKOP   

              2       4        4.26       700     1000      520     2140   
                                         GEOM     BASIS   MCVARS    MCSCF   

 PROGRAMS   *        TOTAL     MULTI       INT
 CPU TIMES  *        44.99     30.50     14.29
 REAL TIME  *        64.19 SEC
 DISK USED  *       141.28 MB (local),        4.95 GB (total)
 SF USED    *       350.64 MB
 GA USED    *         0.00 MB       (max)       0.00 MB       (current)
 **********************************************************************************************************************************


 PROGRAM * RS2C (Multireference RS Perturbation Theory)     Authors: H.-J. Werner (1993), P. Celani (1998)


 Level shift= 0.20

 Convergence thresholds:  THRVAR = 1.00D-06  THRDEN = 1.00D-06

 Number of optimized states: 1  Roots:    1
 Number of reference states: 1  Roots:    1

 Using rs2c

 Reference symmetry:                   1   Singlet 
 Number of electrons:                 34
 Maximum number of shells:             3
 Maximum number of spin couplings:     2

 Reference space:        3 conf        3 CSFs
 N elec internal:        3 conf        3 CSFs
 N-1 el internal:        2 conf        2 CSFs
 N-2 el internal:        1 conf        1 CSFs

 Number of electrons in valence space:                     26
 Maximum number of open shell orbitals in reference space:  2
 Maximum number of open shell orbitals in internal spaces:  4


 Number of core orbitals:           4 (   4 )
 Number of closed-shell orbitals:  12 (  12 )
 Number of active  orbitals:        2 (   2 )
 Number of external orbitals:     214 ( 214 )

 Molecular orbitals read from record     2140.2  Type=MCSCF/NATURAL (state 1.1)

 Integral transformation finished. Total CPU:   4.20 sec, npass=  1  Memory used:  10.52 MW

 Number of p-space configurations:   2

 Reference wavefunction optimized for reference space (refopt=1)

 State     Reference Energy 
     1      -193.14077777

 Number of blocks in overlap matrix:     2   Smallest eigenvalue:  0.10D+01
 Number of N-2 electron functions:     193
 Number of N-1 electron functions:       2

 Number of internal configurations:                    3
 Number of singly external configurations:           428
 Number of doubly external configurations:       4420705
 Total number of contracted configurations:      4421136
 Total number of uncontracted configurations:      23436

 Weight factors for SA-density in H0:    1.000000

 FIMAX=  0.69D-01  FXMAX=  0.15D-11  DIAG=  F  T  NOREF=1  NOINT=0  IHPPD=2

 Nuclear energy:                     120.80418064
 Core energy:                       -205.16585707
 Zeroth-order valence energy:        -17.79966132
 Zeroth-order total energy:         -102.16133775
 First-order energy:                 -90.97944002


 Using contracted singles

 Number of contracted N-1 electron functions:        336
 Number of contracted internal configurations:         1


 Diagonal Coupling coefficients finished.               Storage:   19991 words, CPU-Time:      0.00 seconds.
 Energy denominators for pairs finished in 0 passes.    Storage:  110563 words, CPU-time:      0.00 seconds.

 A level shift of 0.20 is applied.

  ITER. STATE  ROOT     SQ.NORM     CORR.ENERGY   TOTAL ENERGY   ENERGY CHANGE       DEN1      VAR(S)    VAR(P)      TIME
    1     1     1     1.01935115    -0.00387023  -193.14464800    -0.00387023    -0.70914810  0.19D-01  0.17D+00     5.64
    2     1     1     1.18920583    -0.74799667  -193.88877445    -0.74412644    -0.00022870  0.90D-04  0.96D-04     6.49
    3     1     1     1.18970968    -0.74864075  -193.88941852    -0.00064407    -0.00045649  0.90D-05  0.51D-06     7.30
    4     1     1     1.18978329    -0.74867893  -193.88945671    -0.00003819     0.00000005  0.67D-07  0.64D-07     8.19
    5     1     1     1.18979596    -0.74868362  -193.88946140    -0.00000469    -0.00000793  0.85D-08  0.66D-09     9.09
    6     1     1     1.18979757    -0.74868397  -193.88946174    -0.00000035    -0.00000017  0.17D-09  0.78D-10     9.90

 Energies without level shift correction:

    6     1     1     1.18979757    -0.71072446  -193.85150223

 Energy contributions for state 1.1:
 ===================================

            Energy contr.      SQ.Norm of FOWF
 Space I0     0.00000000          0.00000000
 Space I1    -0.00000007          0.00001680
 Space I2    -0.00094159          0.00049929
 Space S0    -0.00000005          0.00001484
 Space S1    -0.02540807          0.01202488
 Space S2    -0.02035058          0.00772668
 Space P0    -0.00977654          0.00150852
 Space P1    -0.10911692          0.02182400
 Space P2    -0.54513064          0.14618256


 RESULTS FOR STATE 1.1
 =====================


 Reference energy                    -193.14077777
 Nuclear energy                       120.80418064
 Correlation energy                    -0.74868397
 !RSPT2 STATE 1.1 Energy             -193.889461742562


 **********************************************************************************************************************************
 DATASETS  * FILE   NREC   LENGTH (MB)   RECORD NAMES
              1      19      136.95       500      610      700      900      950      970     1000      129      960     1100   
                                          VAR    BASINP    GEOM    SYMINP    ZMAT    AOBASIS   BASIS     P2S    ABASIS      S 
                                         1400     1410     1200     1210     1080     1600     1650     1700     1380   
                                           T        V       H0       H01     AOSYM     SMH    MOLCAS    OPER     JKOP   

              2       4        4.26       700     1000      520     2140   
                                         GEOM     BASIS   MCVARS    MCSCF   

 PROGRAMS   *        TOTAL      RS2C     MULTI       INT
 CPU TIMES  *        54.95      9.96     30.50     14.29
 REAL TIME  *        79.24 SEC
 DISK USED  *       141.28 MB (local),        4.95 GB (total)
 SF USED    *       446.72 MB
 GA USED    *         0.00 MB       (max)       0.00 MB       (current)
 **********************************************************************************************************************************
 SETTING CBSEN          =      -193.88946174  AU                              

 Dump information in style MOLDEN to molpro.molden                                                                   

 Molecular orbitals read from record     2140.2  Type=MCSCF/NATURAL (state 1.1)
 Occupation numbers read from record     2140.2  Type=MCSCF/NATURAL (state 1.1)
 Orbital energies read from record       2140.2  Type=MCSCF/NATURAL (state 1.1)
 Redundancy group numbers read from rec  2140.2  Type=MCSCF/NATURAL (state 1.1)

 DUMP ORBITAL  1.1 AS ORBITAL    1  occ=    2.0000  eig=  -20.5645  GROUP=   0
 DUMP ORBITAL  2.1 AS ORBITAL    2  occ=    2.0000  eig=  -11.2833  GROUP=   0
 DUMP ORBITAL  3.1 AS ORBITAL    3  occ=    2.0000  eig=  -11.2267  GROUP=   0
 DUMP ORBITAL  4.1 AS ORBITAL    4  occ=    2.0000  eig=  -11.2139  GROUP=   0
 DUMP ORBITAL  5.1 AS ORBITAL    5  occ=    2.0000  eig=   -1.3774  GROUP=   0
 DUMP ORBITAL  6.1 AS ORBITAL    6  occ=    2.0000  eig=   -1.0065  GROUP=   0
 DUMP ORBITAL  7.1 AS ORBITAL    7  occ=    2.0000  eig=   -0.8828  GROUP=   0
 DUMP ORBITAL  8.1 AS ORBITAL    8  occ=    2.0000  eig=   -0.8087  GROUP=   0
 DUMP ORBITAL  9.1 AS ORBITAL    9  occ=    2.0000  eig=   -0.6970  GROUP=   0
 DUMP ORBITAL 10.1 AS ORBITAL   10  occ=    2.0000  eig=   -0.6167  GROUP=   0
 DUMP ORBITAL 11.1 AS ORBITAL   11  occ=    2.0000  eig=   -0.5999  GROUP=   0
 DUMP ORBITAL 12.1 AS ORBITAL   12  occ=    2.0000  eig=   -0.5535  GROUP=   0
 DUMP ORBITAL 13.1 AS ORBITAL   13  occ=    2.0000  eig=   -0.5527  GROUP=   0
 DUMP ORBITAL 14.1 AS ORBITAL   14  occ=    2.0000  eig=   -0.5186  GROUP=   0
 DUMP ORBITAL 15.1 AS ORBITAL   15  occ=    2.0000  eig=   -0.4963  GROUP=   0
 DUMP ORBITAL 16.1 AS ORBITAL   16  occ=    2.0000  eig=   -0.4897  GROUP=   0
 DUMP ORBITAL 17.1 AS ORBITAL   17  occ=    1.8765  eig=   -0.3349  GROUP=   0
 DUMP ORBITAL 18.1 AS ORBITAL   18  occ=    0.1235  eig=    0.2304  GROUP=   0

 Total charge:      34.000000

 **********************************************************************************************************************************

 RS2C/cc-pVTZ energy=   -193.889461742562

            RS2C           MULTI
   -193.88946174   -193.14077777
 **********************************************************************************************************************************
 Molpro calculation terminated
